<!DOCTYPE HTML PUBLIC "-//W3C//DTD HTML 4.01 Transitional//EN">
<HTML>
 <HEAD>
   <TITLE> [Linux-uvc-devel] Drivers for Device ID 5986:0105
   </TITLE>
   <LINK REL="Index" HREF="http://lists.berlios.de/pipermail/linux-uvc-devel/2008-June/index.html" >
   <LINK REL="made" HREF="mailto:linux-uvc-devel%40lists.berlios.de?Subject=Re%3A%20%5BLinux-uvc-devel%5D%20Drivers%20for%20Device%20ID%205986%3A0105&In-Reply-To=%3C1213872359.14542.0.camel%40linux-i68a.site%3E">
   <META NAME="robots" CONTENT="index,nofollow">
   <style type="text/css">
       pre {
           white-space: pre-wrap;       /* css-2.1, curent FF, Opera, Safari */
           }
   </style>
   <META http-equiv="Content-Type" content="text/html; charset=us-ascii">
   <LINK REL="Previous"  HREF="003651.html">
   <LINK REL="Next"  HREF="003652.html">
 </HEAD>
 <BODY BGCOLOR="#ffffff">
   <H1>[Linux-uvc-devel] Drivers for Device ID 5986:0105</H1>
    <B>kadiravan</B> 
    <A HREF="mailto:linux-uvc-devel%40lists.berlios.de?Subject=Re%3A%20%5BLinux-uvc-devel%5D%20Drivers%20for%20Device%20ID%205986%3A0105&In-Reply-To=%3C1213872359.14542.0.camel%40linux-i68a.site%3E"
       TITLE="[Linux-uvc-devel] Drivers for Device ID 5986:0105">kadiravan_a at lintechnokrats.com
       </A><BR>
    <I>Thu Jun 19 12:45:59 CEST 2008</I>
    <P><UL>
        <LI>Previous message: <A HREF="003651.html">[Linux-uvc-devel] device 174f:8a33
</A></li>
        <LI>Next message: <A HREF="003652.html">[Linux-uvc-devel] Drivers for Device ID 5986:0105
</A></li>
         <LI> <B>Messages sorted by:</B> 
              <a href="date.html#3643">[ date ]</a>
              <a href="thread.html#3643">[ thread ]</a>
              <a href="subject.html#3643">[ subject ]</a>
              <a href="author.html#3643">[ author ]</a>
         </LI>
       </UL>
    <HR>  
<!--beginarticle-->
<PRE>Dear all,

             UVC video drivers is able to identify the device but unable
to function.We have referred to supported devices list but we havent
found support for the Device (ID 5986:0105 )
             
             OS: Suse 10.1
             Kernel: 2.6.16.54-0.2.5-smp
             UVC version: 1.0 , we have checked out the latest from the
repository
             Device: Acer Crystal Eye



             We have attached out put from DMESG and LSUSB.

Thanks 

Kadiravan
-------------- next part --------------
Linux version 2.6.16.54-0.2.5-smp (<A HREF="https://lists.berlios.de/mailman/listinfo/linux-uvc-devel">geeko at buildhost</A>) (gcc version 4.1.2 20070115 (prerelease) (SUSE Linux)) #1 SMP Mon Jan 21 13:29:51 UTC 2008
BIOS-provided physical RAM map:
 BIOS-e820: 0000000000000000 - 000000000009f800 (usable)
 BIOS-e820: 000000000009f800 - 00000000000a0000 (reserved)
 BIOS-e820: 00000000000d2000 - 00000000000d4000 (reserved)
 BIOS-e820: 00000000000e0000 - 0000000000100000 (reserved)
 BIOS-e820: 0000000000100000 - 000000003f6d0000 (usable)
 BIOS-e820: 000000003f6d0000 - 000000003f6df000 (ACPI NVS)
 BIOS-e820: 000000003f6df000 - 0000000040000000 (reserved)
 BIOS-e820: 00000000e0000000 - 00000000f0000000 (reserved)
 BIOS-e820: 00000000fec00000 - 00000000fec10000 (reserved)
 BIOS-e820: 00000000fed00000 - 00000000fed00400 (reserved)
 BIOS-e820: 00000000fed14000 - 00000000fed1a000 (reserved)
 BIOS-e820: 00000000fed1c000 - 00000000fed90000 (reserved)
 BIOS-e820: 00000000fee00000 - 00000000fee01000 (reserved)
 BIOS-e820: 00000000ff000000 - 0000000100000000 (reserved)
118MB HIGHMEM available.
895MB LOWMEM available.
found SMP MP-table at 000f7d60
On node 0 totalpages: 259792
  DMA zone: 4096 pages, LIFO batch:0
  DMA32 zone: 0 pages, LIFO batch:0
  Normal zone: 225279 pages, LIFO batch:31
  HighMem zone: 30417 pages, LIFO batch:7
DMI present.
Using APIC driver default
ACPI: RSDP (v002 PTLTD                                 ) @ 0x000f7bf0
ACPI: XSDT (v001 ACRSYS ACRPRDCT 0x06040000 INNA 0x00000000) @ 0x3f6d0ab3
ACPI: FADT (v003 INTEL  CRESTLNE 0x06040000 ALAN 0x00000001) @ 0x3f6dbbd7
ACPI: HPET (v001 INTEL  CRESTLNE 0x06040000 LOHR 0x0000005a) @ 0x3f6dbccb
ACPI: MCFG (v001 INTEL  CRESTLNE 0x06040000 LOHR 0x0000005a) @ 0x3f6dbd03
ACPI: TCPA (v001 Intel   CRESTLN 0x06040000  0x00005a52) @ 0x3f6dbd3f
ACPI: TMOR (v001 PTLTD           0x06040000 PTL  0x00000003) @ 0x3f6dbd71
ACPI: SLIC (v001 ACRSYS ACRPRDCT 0x06040000 ANNI 0x00000001) @ 0x3f6dbd97
ACPI: ASF! (v032 OEMID  OEMTBL   0x06040000 PTL  0x00000001) @ 0x3f6dbf0d
ACPI: MADT (v001 PTLTD  	 APIC   0x06040000  LTP 0x00000000) @ 0x3f6dbf70
ACPI: BOOT (v001 PTLTD  $SBFTBL$ 0x06040000  LTP 0x00000001) @ 0x3f6dbfd8
ACPI: SSDT (v001 SataRe  SataPri 0x00001000 INTL 0x20050624) @ 0x3f6d256b
ACPI: SSDT (v001 SataRe  SataSec 0x00001000 INTL 0x20050624) @ 0x3f6d1ed9
ACPI: SSDT (v001 BrtRef  DD01BRT 0x00001000 INTL 0x20050624) @ 0x3f6d1d0e
ACPI: SSDT (v001  PmRef  Cpu0Tst 0x00003000 INTL 0x20050624) @ 0x3f6d110b
ACPI: SSDT (v001  PmRef  Cpu1Tst 0x00003000 INTL 0x20050624) @ 0x3f6d1065
ACPI: SSDT (v001  PmRef    CpuPm 0x00003000 INTL 0x20050624) @ 0x3f6d0b4f
ACPI: DSDT (v002 INTEL  CRESTLNE 0x06040000 MSFT 0x03000000) @ 0x00000000
ACPI: PM-Timer IO Port: 0x1008
ACPI: Local APIC address 0xfee00000
ACPI: LAPIC (acpi_id[0x00] lapic_id[0x00] enabled)
Processor #0 6:15 APIC version 20
ACPI: LAPIC (acpi_id[0x01] lapic_id[0x01] enabled)
Processor #1 6:15 APIC version 20
ACPI: LAPIC_NMI (acpi_id[0x00] high edge lint[0x1])
ACPI: LAPIC_NMI (acpi_id[0x01] high edge lint[0x1])
Overriding APIC driver with bigsmp
ACPI: IOAPIC (id[0x02] address[0xfec00000] gsi_base[0])
IOAPIC[0]: apic_id 2, version 32, address 0xfec00000, GSI 0-23
ACPI: INT_SRC_OVR (bus 0 bus_irq 0 global_irq 2 high edge)
ACPI: INT_SRC_OVR (bus 0 bus_irq 9 global_irq 9 high level)
ACPI: IRQ0 used by override.
ACPI: IRQ2 used by override.
ACPI: IRQ9 used by override.
Enabling APIC mode:  Physflat.  Using 1 I/O APICs
ACPI: HPET id: 0x8086a201 base: 0xfed00000
Using ACPI (MADT) for SMP configuration information
Allocating PCI resources starting at 50000000 (gap: 40000000:a0000000)
Built 1 zonelists
Kernel command line: root=/dev/disk/by-id/scsi-SATA_Hitachi_HTS5416_SB344GGRK5M2MV-part6 vga=0x314 resume=/dev/sda3 splash=silent
bootsplash: silent mode.
Enabling fast FPU save and restore... done.
Enabling unmasked SIMD FPU exception support... done.
Initializing CPU#0
PID hash table entries: 4096 (order: 12, 65536 bytes)
Console: colour dummy device 80x25
Dentry cache hash table entries: 131072 (order: 7, 524288 bytes)
Inode-cache hash table entries: 65536 (order: 6, 262144 bytes)
Memory: 1022704k/1039168k available (1644k kernel code, 15608k reserved, 746k data, 196k init, 121668k highmem)
Checking if this processor honours the WP bit even in supervisor mode... Ok.
hpet0: at MMIO 0xfed00000 (virtual 0xf8800000), IRQs 2, 8, 0
hpet0: 3 64-bit timers, 14318180 Hz
Using HPET for base-timer
Using TSC for gettimeofday
Detected 1795.530 MHz processor.
Using tsc for high-res timesource
Calibrating delay using timer specific routine.. 3595.44 BogoMIPS (lpj=7190898)
Security Framework v1.0.0 initialized
Mount-cache hash table entries: 512
CPU: After generic identify, caps: bfebfbff 20100000 00000000 00000000 0000e39d 00000000 00000001
CPU: After vendor identify, caps: bfebfbff 20100000 00000000 00000000 0000e39d 00000000 00000001
monitor/mwait feature present.
using mwait in idle threads.
CPU: L1 I cache: 32K, L1 D cache: 32K
CPU: L2 cache: 2048K
CPU: Physical Processor ID: 0
CPU: Processor Core ID: 0
CPU: After all inits, caps: bfebfbff 20100000 00000000 00000140 0000e39d 00000000 00000001
Intel machine check architecture supported.
Intel machine check reporting enabled on CPU#0.
Checking 'hlt' instruction... OK.
checking if image is initramfs... it is
Freeing initrd memory: 2597k freed
 not found!
CPU0: Intel(R) Core(TM)2 Duo CPU     T5670  @ 1.80GHz stepping 0d
Leaving ESR disabled.
Enabling SMP...
Booting processor 1/1 eip 3000
Initializing CPU#1
Leaving ESR disabled.
Calibrating delay using timer specific routine.. 3591.09 BogoMIPS (lpj=7182195)
CPU: After generic identify, caps: bfebfbff 20100000 00000000 00000000 0000e39d 00000000 00000001
CPU: After vendor identify, caps: bfebfbff 20100000 00000000 00000000 0000e39d 00000000 00000001
monitor/mwait feature present.
CPU: L1 I cache: 32K, L1 D cache: 32K
CPU: L2 cache: 2048K
CPU: Physical Processor ID: 0
CPU: Processor Core ID: 1
CPU: After all inits, caps: bfebfbff 20100000 00000000 00000140 0000e39d 00000000 00000001
Intel machine check architecture supported.
Intel machine check reporting enabled on CPU#1.
CPU1: Intel(R) Core(TM)2 Duo CPU     T5670  @ 1.80GHz stepping 0d
Total of 2 processors activated (7186.54 BogoMIPS).
ENABLING IO-APIC IRQs
..TIMER: vector=0x31 apic1=0 pin1=2 apic2=-1 pin2=-1
checking TSC synchronization across 2 CPUs: passed.
Enabling SMP...
Brought up 2 CPUs
migration_cost=21
NET: Registered protocol family 16
ACPI: bus type pci registered
PCI: PCI BIOS revision 3.00 entry at 0xfdba1, last bus=16
PCI: Using MMCONFIG
ACPI: Subsystem revision 20060127
ACPI: Interpreter enabled
ACPI: Using IOAPIC for interrupt routing
ACPI: PCI Root Bridge [PCI0] (0000:00)
PCI: Probing PCI hardware (bus 00)
ACPI: Assume root bridge [\_SB_.PCI0] bus is 0
Boot video device is 0000:00:02.0
PCI: Ignoring BAR0-3 of IDE controller 0000:00:1f.1
PCI: Transparent bridge - 0000:00:1e.0
PCI: Bus #10 (-#13) is hidden behind transparent bridge #0f (-#10) (try 'pci=assign-busses')
Please report the result to linux-kernel to fix this permanently
ACPI: PCI Interrupt Routing Table [\_SB_.PCI0._PRT]
ACPI: PCI Interrupt Routing Table [\_SB_.PCI0.RP01._PRT]
ACPI: PCI Interrupt Routing Table [\_SB_.PCI0.RP02._PRT]
ACPI: PCI Interrupt Routing Table [\_SB_.PCI0.RP03._PRT]
ACPI: PCI Interrupt Routing Table [\_SB_.PCI0.PCIB._PRT]
ACPI: PCI Interrupt Link [LNKA] (IRQs 10 *11)
ACPI: PCI Interrupt Link [LNKB] (IRQs 10 *11)
ACPI: PCI Interrupt Link [LNKC] (IRQs 10 *11)
ACPI: PCI Interrupt Link [LNKD] (IRQs 10 *11)
ACPI: PCI Interrupt Link [LNKE] (IRQs 10 *11)
ACPI: PCI Interrupt Link [LNKF] (IRQs 10 *11)
ACPI: PCI Interrupt Link [LNKG] (IRQs 10 *11)
ACPI: PCI Interrupt Link [LNKH] (IRQs 10 *11)
ACPI: Embedded Controller [EC0] (gpe 23) interrupt mode.
Linux Plug and Play Support v0.97 (c) Adam Belay
pnp: PnP ACPI init
pnp: PnP ACPI: found 11 devices
PCI: Using ACPI for IRQ routing
PCI: If a device doesn't work, try &quot;pci=routeirq&quot;.  If it helps, post a report
Setting up standard PCI resources
PCI: Ignore bogus resource 6 [0:0] of 0000:00:02.0
PCI: Bridge: 0000:00:1c.0
  IO window: 2000-2fff
  MEM window: f6000000-f7ffffff
  PREFETCH window: f0000000-f1ffffff
PCI: Bridge: 0000:00:1c.1
  IO window: 3000-3fff
  MEM window: f8000000-f9ffffff
  PREFETCH window: f2000000-f3ffffff
PCI: Bridge: 0000:00:1c.2
  IO window: 4000-4fff
  MEM window: fa000000-fbffffff
  PREFETCH window: f4000000-f5ffffff
PCI: Bus 16, cardbus bridge: 0000:0f:06.0
  IO window: 00005000-000050ff
  IO window: 00005400-000054ff
  PREFETCH window: 50000000-51ffffff
  MEM window: 54000000-55ffffff
PCI: Bridge: 0000:00:1e.0
  IO window: 5000-5fff
  MEM window: fc200000-fc2fffff
  PREFETCH window: 50000000-51ffffff
ACPI: PCI Interrupt 0000:00:1c.0[A] -&gt; GSI 16 (level, low) -&gt; IRQ 169
PCI: Setting latency timer of device 0000:00:1c.0 to 64
ACPI: PCI Interrupt 0000:00:1c.1[B] -&gt; GSI 17 (level, low) -&gt; IRQ 177
PCI: Setting latency timer of device 0000:00:1c.1 to 64
ACPI: PCI Interrupt 0000:00:1c.2[C] -&gt; GSI 18 (level, low) -&gt; IRQ 185
PCI: Setting latency timer of device 0000:00:1c.2 to 64
PCI: Setting latency timer of device 0000:00:1e.0 to 64
ACPI: PCI Interrupt 0000:0f:06.0[A] -&gt; GSI 22 (level, low) -&gt; IRQ 193
Simple Boot Flag at 0x36 set to 0x1
apm: BIOS not found.
audit: initializing netlink socket (disabled)
audit(1213866859.396:1): initialized
highmem bounce pool size: 64 pages
Total HugeTLB memory allocated, 0
VFS: Disk quotas dquot_6.5.1
Dquot-cache hash table entries: 1024 (order 0, 4096 bytes)
Initializing Cryptographic API
io scheduler noop registered
io scheduler anticipatory registered
io scheduler deadline registered
io scheduler cfq registered (default)
ACPI: PCI Interrupt 0000:00:1c.0[A] -&gt; GSI 16 (level, low) -&gt; IRQ 169
PCI: Setting latency timer of device 0000:00:1c.0 to 64
assign_interrupt_mode Found MSI capability
Allocate Port Service[0000:00:1c.0:pcie00]
Allocate Port Service[0000:00:1c.0:pcie02]
Allocate Port Service[0000:00:1c.0:pcie03]
ACPI: PCI Interrupt 0000:00:1c.1[B] -&gt; GSI 17 (level, low) -&gt; IRQ 177
PCI: Setting latency timer of device 0000:00:1c.1 to 64
assign_interrupt_mode Found MSI capability
Allocate Port Service[0000:00:1c.1:pcie00]
Allocate Port Service[0000:00:1c.1:pcie02]
Allocate Port Service[0000:00:1c.1:pcie03]
ACPI: PCI Interrupt 0000:00:1c.2[C] -&gt; GSI 18 (level, low) -&gt; IRQ 185
PCI: Setting latency timer of device 0000:00:1c.2 to 64
assign_interrupt_mode Found MSI capability
Allocate Port Service[0000:00:1c.2:pcie00]
Allocate Port Service[0000:00:1c.2:pcie02]
Allocate Port Service[0000:00:1c.2:pcie03]
vesafb: framebuffer at 0xd0000000, mapped to 0xf8880000, using 3750k, total 7616k
vesafb: mode is 800x600x16, linelength=1600, pages=6
vesafb: protected mode interface info at 00ff:44f0
vesafb: scrolling: redraw
vesafb: Truecolor: size=0:5:6:5, shift=0:11:5:0
bootsplash 3.1.6-2004/03/31: looking for picture...
bootsplash: silentjpeg size 73608 bytes
bootsplash: ...found (800x600, 42772 bytes, v3).
Console: switching to colour frame buffer device 95x33
fb0: VESA VGA frame buffer device
isapnp: Scanning for PnP cards...
isapnp: No Plug &amp; Play device found
Real Time Clock Driver v1.12ac
PNP: PS/2 Controller [PNP0303:KBD0,PNP0f13:PS2M] at 0x60,0x64 irq 1,12
i8042.c: Detected active multiplexing controller, rev 1.1.
serio: i8042 AUX0 port at 0x60,0x64 irq 12
serio: i8042 AUX1 port at 0x60,0x64 irq 12
serio: i8042 AUX2 port at 0x60,0x64 irq 12
serio: i8042 AUX3 port at 0x60,0x64 irq 12
serio: i8042 KBD port at 0x60,0x64 irq 1
Serial: 8250/16550 driver $Revision: 1.90 $ 4 ports, IRQ sharing enabled
floppy0: no floppy controllers found
RAMDISK driver initialized: 16 RAM disks of 64000K size 1024 blocksize
mice: PS/2 mouse device common for all mice
input: AT Translated Set 2 keyboard as /class/input/input0
input: PC Speaker as /class/input/input1
md: md driver 0.90.3 MAX_MD_DEVS=256, MD_SB_DISKS=27
md: bitmap version 4.39
NET: Registered protocol family 2
IP route cache hash table entries: 32768 (order: 5, 131072 bytes)
TCP established hash table entries: 131072 (order: 8, 1048576 bytes)
TCP bind hash table entries: 65536 (order: 7, 524288 bytes)
TCP: Hash tables configured (established 131072 bind 65536)
TCP reno registered
NET: Registered protocol family 1
Using IPI No-Shortcut mode
ACPI wakeup devices: 
LID0 SLPB HDEF PXSX USB1 USB2 USB3 EHC1 
ACPI: (supports S0 S3 S4 S5)
Freeing unused kernel memory: 196k freed
Uniform Multi-Platform E-IDE driver Revision: 7.00alpha2
ide: Assuming 33MHz system bus speed for PIO modes; override with idebus=xx
SCSI subsystem initialized
ICH8M: IDE controller at PCI slot 0000:00:1f.1
ACPI: PCI Interrupt 0000:00:1f.1[A] -&gt; GSI 19 (level, low) -&gt; IRQ 233
ICH8M: chipset revision 3
ICH8M: not 100% native mode: will probe irqs later
    ide0: BM-DMA at 0x1810-0x1817, BIOS settings: hda:DMA, hdb:pio
    ide1: BM-DMA at 0x1818-0x181f, BIOS settings: hdc:pio, hdd:pio
Probing IDE interface ide0...
hda: HL-DT-ST DVDRAM GSA-T40N, ATAPI CD/DVD-ROM drive
ide0 at 0x1f0-0x1f7,0x3f6 on irq 14
Probing IDE interface ide1...
Synaptics Touchpad, model: 1, fw: 6.3, id: 0x12a0b1, caps: 0xa04711/0xa04000
input: SynPS/2 Synaptics TouchPad as /class/input/input2
libata version 2.00 loaded.
ata_piix 0000:00:1f.2: version 2.00ac7
ata_piix 0000:00:1f.2: MAP [ P0 P2 P1 P3 ]
ACPI: PCI Interrupt 0000:00:1f.2[B] -&gt; GSI 19 (level, low) -&gt; IRQ 233
PCI: Setting latency timer of device 0000:00:1f.2 to 64
ata1: SATA max UDMA/133 cmd 0x1C00 ctl 0x18F6 bmdma 0x18E0 irq 233
ata2: SATA max UDMA/133 cmd 0x18F8 ctl 0x18F2 bmdma 0x18E8 irq 233
scsi0 : ata_piix
ata1.00: ATA-7, max UDMA/100, 312581808 sectors: LBA48 NCQ (depth 0/32)
ata1.00: ata1: dev 0 multi count 16
ata1.00: configured for UDMA/100
scsi1 : ata_piix
ATA: abnormal status 0x7F on port 0x18FF
  Vendor: ATA       Model: Hitachi HTS54161  Rev: SB4O
  Type:   Direct-Access                      ANSI SCSI revision: 05
SCSI device sda: 312581808 512-byte hdwr sectors (160042 MB)
sda: Write Protect is off
sda: Mode Sense: 00 3a 00 00
SCSI device sda: drive cache: write back
SCSI device sda: 312581808 512-byte hdwr sectors (160042 MB)
sda: Write Protect is off
sda: Mode Sense: 00 3a 00 00
SCSI device sda: drive cache: write back
 sda: sda1 sda3 sda4 &lt; sda5 sda6 sda7 &gt;
sd 0:0:0:0: Attached scsi disk sda
ACPI: CPU0 (power states: C1[C1] C2[C2] C3[C3])
ACPI: CPU1 (power states: C1[C1] C2[C2] C3[C3])
sd 0:0:0:0: Attached scsi generic sg0 type 0
ACPI: Thermal Zone [TZS0] (47 C)
ACPI: Thermal Zone [TZS1] (46 C)
BIOS EDD facility v0.16 2004-Jun-25, 1 devices found
Attempting manual resume
ReiserFS: sda6: found reiserfs format &quot;3.6&quot; with standard journal
ReiserFS: sda6: using ordered data mode
reiserfs: using flush barriers
ReiserFS: sda6: journal params: device sda6, size 8192, journal first block 18, max trans len 1024, max batch 900, max commit age 30, max trans age 30
ReiserFS: sda6: checking transaction log (sda6)
ReiserFS: sda6: Using r5 hash to sort names
Adding 2104504k swap on /dev/disk/by-id/scsi-SATA_Hitachi_HTS5416_SB344GGRK5M2MV-part3.  Priority:-1 extents:1 across:2104504k
ACPI: PCI Interrupt 0000:0f:06.0[A] -&gt; GSI 22 (level, low) -&gt; IRQ 193
Yenta: CardBus bridge found at 0000:0f:06.0 [1025:011f]
Yenta: Using CSCINT to route CSC interrupts to PCI
Yenta: Routing CardBus interrupts to PCI
Yenta TI: socket 0000:0f:06.0, mfunc 0x01aa1b22, devctl 0x64
usbcore: registered new driver usbfs
usbcore: registered new driver hub
hda: ATAPI 24X DVD-ROM DVD-R-RAM CD-R/RW drive, 2048kB Cache, UDMA(33)
Uniform CD-ROM driver Revision: 3.20
USB Universal Host Controller Interface driver v2.3
ieee1394: Initialized config rom entry `ip1394'
Yenta: ISA IRQ mask 0x0cf8, PCI irq 193
Socket status: 30000006
pcmcia: parent PCI bridge I/O window: 0x5000 - 0x5fff
cs: IO port probe 0x5000-0x5fff: clean.
pcmcia: parent PCI bridge Memory window: 0xfc200000 - 0xfc2fffff
pcmcia: parent PCI bridge Memory window: 0x50000000 - 0x51ffffff
ACPI: PCI Interrupt 0000:00:1a.0[A] -&gt; GSI 20 (level, low) -&gt; IRQ 50
PCI: Setting latency timer of device 0000:00:1a.0 to 64
uhci_hcd 0000:00:1a.0: UHCI Host Controller
uhci_hcd 0000:00:1a.0: new USB bus registered, assigned bus number 1
uhci_hcd 0000:00:1a.0: irq 50, io base 0x00001820
usb usb1: new device found, idVendor=0000, idProduct=0000
usb usb1: new device strings: Mfr=3, Product=2, SerialNumber=1
usb usb1: Product: UHCI Host Controller
usb usb1: Manufacturer: Linux 2.6.16.54-0.2.5-smp uhci_hcd
usb usb1: SerialNumber: 0000:00:1a.0
usb usb1: configuration #1 chosen from 1 choice
hub 1-0:1.0: USB hub found
hub 1-0:1.0: 2 ports detected
Linux agpgart interface v0.101 (c) Dave Jones
ieee80211_crypt: module not supported by Novell, setting U taint flag.
ieee80211_crypt: registered algorithm 'NULL'
ieee80211: module not supported by Novell, setting U taint flag.
ieee80211: 802.11 data/management/control stack, git-1.1.7
ieee80211: Copyright (C) 2004-2005 Intel Corporation &lt;<A HREF="https://lists.berlios.de/mailman/listinfo/linux-uvc-devel">jketreno at linux.intel.com</A>&gt;
ACPI: PCI Interrupt 0000:00:1a.1[B] -&gt; GSI 21 (level, low) -&gt; IRQ 58
PCI: Setting latency timer of device 0000:00:1a.1 to 64
uhci_hcd 0000:00:1a.1: UHCI Host Controller
uhci_hcd 0000:00:1a.1: new USB bus registered, assigned bus number 2
uhci_hcd 0000:00:1a.1: irq 58, io base 0x00001840
usb usb2: new device found, idVendor=0000, idProduct=0000
usb usb2: new device strings: Mfr=3, Product=2, SerialNumber=1
usb usb2: Product: UHCI Host Controller
usb usb2: Manufacturer: Linux 2.6.16.54-0.2.5-smp uhci_hcd
usb usb2: SerialNumber: 0000:00:1a.1
usb usb2: configuration #1 chosen from 1 choice
hub 2-0:1.0: USB hub found
hub 2-0:1.0: 2 ports detected
ACPI: PCI Interrupt 0000:00:1d.0[A] -&gt; GSI 23 (level, low) -&gt; IRQ 66
PCI: Setting latency timer of device 0000:00:1d.0 to 64
uhci_hcd 0000:00:1d.0: UHCI Host Controller
uhci_hcd 0000:00:1d.0: new USB bus registered, assigned bus number 3
uhci_hcd 0000:00:1d.0: irq 66, io base 0x00001860
usb usb3: new device found, idVendor=0000, idProduct=0000
usb usb3: new device strings: Mfr=3, Product=2, SerialNumber=1
usb usb3: Product: UHCI Host Controller
usb usb3: Manufacturer: Linux 2.6.16.54-0.2.5-smp uhci_hcd
usb usb3: SerialNumber: 0000:00:1d.0
usb usb3: configuration #1 chosen from 1 choice
hub 3-0:1.0: USB hub found
hub 3-0:1.0: 2 ports detected
intel_agp: Loading module compiled for kernel version                     into kernel version                    
drm: Loading module compiled for kernel version                     into kernel version                    
[drm] Initialized drm 1.0.1 20051102
ACPI: PCI Interrupt 0000:00:1d.1[B] -&gt; GSI 17 (level, low) -&gt; IRQ 177
PCI: Setting latency timer of device 0000:00:1d.1 to 64
uhci_hcd 0000:00:1d.1: UHCI Host Controller
uhci_hcd 0000:00:1d.1: new USB bus registered, assigned bus number 4
uhci_hcd 0000:00:1d.1: irq 177, io base 0x00001880
usb usb4: new device found, idVendor=0000, idProduct=0000
usb usb4: new device strings: Mfr=3, Product=2, SerialNumber=1
usb usb4: Product: UHCI Host Controller
usb usb4: Manufacturer: Linux 2.6.16.54-0.2.5-smp uhci_hcd
usb usb4: SerialNumber: 0000:00:1d.1
usb usb4: configuration #1 chosen from 1 choice
hub 4-0:1.0: USB hub found
hub 4-0:1.0: 2 ports detected
ipw3945: module not supported by Novell, setting U taint flag.
ipw3945: Loading module compiled for kernel version                    into kernel version                    
ipw3945: Intel(R) PRO/Wireless 3945 Network Connection driver for Linux, 1.1.0dmr
ipw3945: Copyright(c) 2003-2006 Intel Corporation
ACPI: PCI Interrupt 0000:00:1d.2[C] -&gt; GSI 18 (level, low) -&gt; IRQ 185
PCI: Setting latency timer of device 0000:00:1d.2 to 64
uhci_hcd 0000:00:1d.2: UHCI Host Controller
uhci_hcd 0000:00:1d.2: new USB bus registered, assigned bus number 5
uhci_hcd 0000:00:1d.2: irq 185, io base 0x000018a0
usb usb5: new device found, idVendor=0000, idProduct=0000
usb usb5: new device strings: Mfr=3, Product=2, SerialNumber=1
usb usb5: Product: UHCI Host Controller
usb usb5: Manufacturer: Linux 2.6.16.54-0.2.5-smp uhci_hcd
usb usb5: SerialNumber: 0000:00:1d.2
usb usb5: configuration #1 chosen from 1 choice
hub 5-0:1.0: USB hub found
hub 5-0:1.0: 2 ports detected
ACPI: PCI Interrupt 0000:00:1b.0[A] -&gt; GSI 21 (level, low) -&gt; IRQ 58
PCI: Setting latency timer of device 0000:00:1b.0 to 64
ACPI: PCI Interrupt 0000:00:1a.7[C] -&gt; GSI 20 (level, low) -&gt; IRQ 50
PCI: Setting latency timer of device 0000:00:1a.7 to 64
ehci_hcd 0000:00:1a.7: EHCI Host Controller
ehci_hcd 0000:00:1a.7: debug port 1
PCI: cache line size of 32 is not supported by device 0000:00:1a.7
ehci_hcd 0000:00:1a.7: new USB bus registered, assigned bus number 6
ehci_hcd 0000:00:1a.7: irq 50, io mem 0xfc504000
ehci_hcd 0000:00:1a.7: USB 2.0 started, EHCI 1.00, driver 10 Dec 2004
usb usb6: new device found, idVendor=0000, idProduct=0000
usb usb6: new device strings: Mfr=3, Product=2, SerialNumber=1
usb usb6: Product: EHCI Host Controller
usb usb6: Manufacturer: Linux 2.6.16.54-0.2.5-smp ehci_hcd
usb usb6: SerialNumber: 0000:00:1a.7
usb usb6: configuration #1 chosen from 1 choice
hub 6-0:1.0: USB hub found
hub 6-0:1.0: 4 ports detected
ACPI: PCI Interrupt 0000:00:1d.7[A] -&gt; GSI 23 (level, low) -&gt; IRQ 66
PCI: Setting latency timer of device 0000:00:1d.7 to 64
ehci_hcd 0000:00:1d.7: EHCI Host Controller
ehci_hcd 0000:00:1d.7: debug port 1
PCI: cache line size of 32 is not supported by device 0000:00:1d.7
ehci_hcd 0000:00:1d.7: new USB bus registered, assigned bus number 7
ehci_hcd 0000:00:1d.7: irq 66, io mem 0xfc504400
ehci_hcd 0000:00:1d.7: USB 2.0 started, EHCI 1.00, driver 10 Dec 2004
usb usb7: new device found, idVendor=0000, idProduct=0000
usb usb7: new device strings: Mfr=3, Product=2, SerialNumber=1
usb usb7: Product: EHCI Host Controller
usb usb7: Manufacturer: Linux 2.6.16.54-0.2.5-smp ehci_hcd
usb usb7: SerialNumber: 0000:00:1d.7
usb usb7: configuration #1 chosen from 1 choice
hub 7-0:1.0: USB hub found
hub 7-0:1.0: 6 ports detected
ACPI: PCI Interrupt 0000:0f:06.1[A] -&gt; GSI 22 (level, low) -&gt; IRQ 193
agpgart: Detected an Intel 965GM Chipset.
agpgart: Detected 7676K stolen memory.
agpgart: AGP aperture is 256M @ 0xd0000000
ohci1394: fw-host0: OHCI-1394 1.1 (PCI): IRQ=[193]  MMIO=[fc206000-fc2067ff]  Max Packet=[2048]  IR/IT contexts=[4/8]
tg3.c:v3.71b (December 15, 2006)
ACPI: PCI Interrupt 0000:02:00.0[A] -&gt; GSI 16 (level, low) -&gt; IRQ 169
PCI: Setting latency timer of device 0000:02:00.0 to 64
i915: Loading module compiled for kernel version                     into kernel version                    
PCI: Unable to reserve mem region #3:<A HREF="https://lists.berlios.de/mailman/listinfo/linux-uvc-devel">10000000 at d0000000</A> for device 0000:00:02.0
ACPI: PCI Interrupt 0000:00:02.0[A] -&gt; GSI 16 (level, low) -&gt; IRQ 169
PCI: Setting latency timer of device 0000:00:02.0 to 64
[drm] Initialized i915 1.4.0 20060119 on minor 0: 
[drm] Used old pci detect: framebuffer loaded
eth0: Tigon3 [partno(BCM95787m) rev b002 PHY(5787)] (PCI Express) 10/100/1000Base-T Ethernet 00:1d:72:33:1f:2b
eth0: RXcsums[1] LinkChgREG[0] MIirq[0] ASF[0] Split[0] WireSpeed[1] TSOcap[1] 
eth0: dma_rwctrl[76180000] dma_mask[64-bit]
usb 6-1: new high speed USB device using ehci_hcd and address 2
ACPI: PCI Interrupt 0000:04:00.0[A] -&gt; GSI 17 (level, low) -&gt; IRQ 177
PCI: Setting latency timer of device 0000:04:00.0 to 64
ipw3945: Detected Intel PRO/Wireless 3945ABG Network Connection
hw_random hardware driver 1.0.0 loaded
cs: IO port probe 0x100-0x3af: excluding 0x170-0x177 0x370-0x377
cs: IO port probe 0x3e0-0x4ff: excluding 0x4d0-0x4d7
cs: IO port probe 0x820-0x8ff: clean.
cs: IO port probe 0xc00-0xcf7: clean.
cs: IO port probe 0xa00-0xaff: clean.
usb 6-1: new device found, idVendor=5986, idProduct=0105
usb 6-1: new device strings: Mfr=2, Product=1, SerialNumber=0
usb 6-1: Product: Acer Crystal Eye webcam
usb 6-1: Manufacturer: USB Audio Device
usb 6-1: configuration #1 chosen from 1 choice
device-mapper: 4.7.0-ioctl (2006-06-24) initialised: <A HREF="https://lists.berlios.de/mailman/listinfo/linux-uvc-devel">dm-devel at redhat.com</A>
dm-netlink version 0.0.2 loaded
Linux video capture interface: v1.00
uvcvideo: module not supported by Novell, setting U taint flag.
uvcvideo: Found UVC 1.00 device Acer Crystal Eye webcam (5986:0105)
usbcore: registered new driver uvcvideo
USB Video Class driver (v0.1.0)
ipw3945: Detected geography ABG (11 802.11bg channels, 13 802.11a channels)
md: Autodetecting RAID arrays.
md: autorun ...
md: ... autorun DONE.
ieee1394: Host added: ID:BUS[0-00:1023]  GUID[001d72ffff331f2b]
loop: loaded (max 8 devices)
ReiserFS: sda7: found reiserfs format &quot;3.6&quot; with standard journal
ReiserFS: sda7: using ordered data mode
reiserfs: using flush barriers
ReiserFS: sda7: journal params: device sda7, size 8192, journal first block 18, max trans len 1024, max batch 900, max commit age 30, max trans age 30
ReiserFS: sda7: checking transaction log (sda7)
ReiserFS: sda7: Using r5 hash to sort names
AppArmor: AppArmor (version 2.0-19.43r6320) initialized
audit(1213866881.645:2): AppArmor (version 2.0-19.43r6320) initialized

ACPI: AC Adapter [ADP1] (on-line)
ACPI: Battery Slot [BAT0] (battery present)
ACPI: Power Button (FF) [PWRF]
ACPI: Lid Switch [LID0]
ACPI: Sleep Button (CM) [SLPB]
audit(1213866890.232:3): audit_backlog_limit=256 old=64 by auid=4294967295
audit(1213866890.280:4): audit_pid=2881 old=0 by auid=4294967295
IA-32 Microcode Update Driver: v1.14 &lt;<A HREF="https://lists.berlios.de/mailman/listinfo/linux-uvc-devel">tigran at veritas.com</A>&gt;
IA-32 Microcode Update Driver v1.14 unregistered
tg3: eth0: Link is up at 100 Mbps, full duplex.
tg3: eth0: Flow control is on for TX and on for RX.
NET: Registered protocol family 17
uvcvideo: Failed to query (130) UVC control 1 (unit 0) : 2 (exp. 26).
ISO 9660 Extensions: Microsoft Joliet Level 3
ISO 9660 Extensions: RRIP_1991A
-------------- next part --------------

Bus 007 Device 001: ID 0000:0000  
Device Descriptor:
  bLength                18
  bDescriptorType         1
  bcdUSB               2.00
  bDeviceClass            9 Hub
  bDeviceSubClass         0 Unused
  bDeviceProtocol         1 Single TT
  bMaxPacketSize0        64
  idVendor           0x0000 
  idProduct          0x0000 
  bcdDevice            2.06
  iManufacturer           3 Linux 2.6.16.54-0.2.5-smp ehci_hcd
  iProduct                2 EHCI Host Controller
  iSerial                 1 0000:00:1d.7
  bNumConfigurations      1
  Configuration Descriptor:
    bLength                 9
    bDescriptorType         2
    wTotalLength           25
    bNumInterfaces          1
    bConfigurationValue     1
    iConfiguration          0 
    bmAttributes         0xc0
      Self Powered
    MaxPower                0mA
    Interface Descriptor:
      bLength                 9
      bDescriptorType         4
      bInterfaceNumber        0
      bAlternateSetting       0
      bNumEndpoints           1
      bInterfaceClass         9 Hub
      bInterfaceSubClass      0 Unused
      bInterfaceProtocol      0 
      iInterface              0 
      Endpoint Descriptor:
        bLength                 7
        bDescriptorType         5
        bEndpointAddress     0x81  EP 1 IN
        bmAttributes            3
          Transfer Type            Interrupt
          Synch Type               None
          Usage Type               Data
        wMaxPacketSize     0x0002  1x 2 bytes
        bInterval              12
Hub Descriptor:
  bLength               9
  bDescriptorType      41
  nNbrPorts             6
  wHubCharacteristic 0x000a
    No power switching (usb 1.0)
    Per-port overcurrent protection
    TT think time 8 FS bits
  bPwrOn2PwrGood       10 * 2 milli seconds
  bHubContrCurrent      0 milli Ampere
  DeviceRemovable    0x00
  PortPwrCtrlMask    0xff
 Hub Port Status:
   Port 1: 0000.0100 power
   Port 2: 0000.0100 power
   Port 3: 0000.0100 power
   Port 4: 0000.0100 power
   Port 5: 0000.0100 power
   Port 6: 0000.0100 power
Device Status:     0x0001
  Self Powered

Bus 006 Device 002: ID 5986:0105  
Device Descriptor:
  bLength                18
  bDescriptorType         1
  bcdUSB               2.00
  bDeviceClass          239 Miscellaneous Device
  bDeviceSubClass         2 Common Class
  bDeviceProtocol         1 Interface Association
  bMaxPacketSize0        64
  idVendor           0x5986 
  idProduct          0x0105 
  bcdDevice            0.07
  iManufacturer           2 USB Audio Device
  iProduct                1 Acer Crystal Eye webcam
  iSerial                 0 
  bNumConfigurations      1
  Configuration Descriptor:
    bLength                 9
    bDescriptorType         2
    wTotalLength          436
    bNumInterfaces          2
    bConfigurationValue     1
    iConfiguration          0 
    bmAttributes         0x80
      (Bus Powered)
    MaxPower              500mA
    Interface Association:
      bLength                 8
      bDescriptorType        11
      bFirstInterface         0
      bInterfaceCount         2
      bFunctionClass         14 Video
      bFunctionSubClass       3 Video Interface Collection
      bFunctionProtocol       0 
      iFunction               1 Acer Crystal Eye webcam
    Interface Descriptor:
      bLength                 9
      bDescriptorType         4
      bInterfaceNumber        0
      bAlternateSetting       0
      bNumEndpoints           1
      bInterfaceClass        14 Video
      bInterfaceSubClass      1 Video Control
      bInterfaceProtocol      0 
      iInterface              1 Acer Crystal Eye webcam
      VideoControl Interface Descriptor:
        bLength                13
        bDescriptorType        36
        bDescriptorSubtype      1 (HEADER)
        bcdUVC               1.00
        wTotalLength           84
        dwClockFrequency       30.000000MHz
        bInCollection           1
        baInterfaceNr( 0)       1
      VideoControl Interface Descriptor:
        bLength                17
        bDescriptorType        36
        bDescriptorSubtype      2 (INPUT_TERMINAL)
        bTerminalID             1
        wTerminalType      0x0201 Camera Sensor
        bAssocTerminal          0
        iTerminal               0 
        wObjectiveFocalLengthMin      0
        wObjectiveFocalLengthMax      0
        wOcularFocalLength            0
        bControlSize                  2
        bmControls           0x00000000
      VideoControl Interface Descriptor:
        bLength                 9
        bDescriptorType        36
        bDescriptorSubtype      3 (OUTPUT_TERMINAL)
        bTerminalID             3
        wTerminalType      0x0101 USB Streaming
        bAssocTerminal          0
        bSourceID               6
        iTerminal               0 
      VideoControl Interface Descriptor:
        bLength                 7
        bDescriptorType        36
        bDescriptorSubtype      4 (SELECTOR_UNIT)
        bUnitID                 4
        bNrInPins               1
        baSource( 0)            1
        iSelector               0 
      VideoControl Interface Descriptor:
        bLength                11
        bDescriptorType        36
        bDescriptorSubtype      5 (PROCESSING_UNIT)
      Warning: Descriptor too short
        bUnitID                 5
        bSourceID               4
        wMaxMultiplier          0
        bControlSize            2
        bmControls     0x0000043f
          Brightness
          Contrast
          Hue
          Saturation
          Sharpness
          Gamma
          Power Line Frequency
        iProcessing             0 
        bmVideoStandards     0x1b
          None
          NTSC - 525/60
          SECAM - 625/50
          NTSC - 625/50
      VideoControl Interface Descriptor:
        bLength                27
        bDescriptorType        36
        bDescriptorSubtype      6 (EXTENSION_UNIT)
        bUnitID                 6
        guidExtensionCode         {a7974c56-a77e-4b90-8cbf-1c71ec303000}
        bNumControl            16
        bNrPins                 1
        baSourceID( 0)          5
        bControlSize            2
        bmControls( 0)       0xff
        bmControls( 1)       0xff
        iExtension              0 
      Endpoint Descriptor:
        bLength                 7
        bDescriptorType         5
        bEndpointAddress     0x82  EP 2 IN
        bmAttributes            3
          Transfer Type            Interrupt
          Synch Type               None
          Usage Type               Data
        wMaxPacketSize     0x0008  1x 8 bytes
        bInterval              15
    Interface Descriptor:
      bLength                 9
      bDescriptorType         4
      bInterfaceNumber        1
      bAlternateSetting       0
      bNumEndpoints           0
      bInterfaceClass        14 Video
      bInterfaceSubClass      2 Video Streaming
      bInterfaceProtocol      0 
      iInterface              0 
      VideoStreaming Interface Descriptor:
        bLength                            14
        bDescriptorType                    36
        bDescriptorSubtype                  1 (INPUT_HEADER)
        bNumFormarts                        1
        wTotalLength                    33025
        bEndPointAddress                    0
        bmInfo                              3
        bTerminalLink                       2
        bStillCaptureMethod                 1
        bTriggerSupport                     1
        bTriggerUsage                       1
        bControlSize                        1
        bmaControls( 0)                    27
      VideoStreaming Interface Descriptor:
        bLength                            27
        bDescriptorType                    36
        bDescriptorSubtype                  4 (FORMAT_UNCOMPRESSED)
        bFormatIndex                        1
        bNumFrameDescriptors                5
        guidFormat                            {32595559-0000-0010-8000-00aa00389b71}
        bBitsPerPixel                      16
        bDefaultFrameIndex                  1
        bAspectRatioX                       0
        bAspectRatioY                       0
        bmInterlaceFlags                 0x00
          Interlaced stream or variable: No
          Fields per frame: 1 fields
          Field 1 first: No
          Field pattern: Field 1 only
          bCopyProtect                      0
      VideoStreaming Interface Descriptor:
        bLength                            38
        bDescriptorType                    36
        bDescriptorSubtype                  5 (FRAME_UNCOMPRESSED)
        bFrameIndex                         1
        bmCapabilities                   0x01
          Still image supported
        wWidth                            640
        wHeight                           480
        dwMinBitRate                   912384
        dwMaxBitRate                   912384
        dwMaxVideoFrameBufferSize      614400
        dwDefaultFrameInterval         333333
        bFrameIntervalType                  3
        dwFrameInterval( 0)            333333
        dwFrameInterval( 1)            666666
        dwFrameInterval( 2)           1000000
      VideoStreaming Interface Descriptor:
        bLength                            38
        bDescriptorType                    36
        bDescriptorSubtype                  5 (FRAME_UNCOMPRESSED)
        bFrameIndex                         2
        bmCapabilities                   0x01
          Still image supported
        wWidth                            320
        wHeight                           240
        dwMinBitRate                   912384
        dwMaxBitRate                   912384
        dwMaxVideoFrameBufferSize      230400
        dwDefaultFrameInterval         333333
        bFrameIntervalType                  3
        dwFrameInterval( 0)            333333
        dwFrameInterval( 1)            666666
        dwFrameInterval( 2)           1000000
      VideoStreaming Interface Descriptor:
        bLength                            38
        bDescriptorType                    36
        bDescriptorSubtype                  5 (FRAME_UNCOMPRESSED)
        bFrameIndex                         3
        bmCapabilities                   0x01
          Still image supported
        wWidth                            160
        wHeight                           120
        dwMinBitRate                   912384
        dwMaxBitRate                   912384
        dwMaxVideoFrameBufferSize       57600
        dwDefaultFrameInterval         333333
        bFrameIntervalType                  3
        dwFrameInterval( 0)            333333
        dwFrameInterval( 1)            666666
        dwFrameInterval( 2)           1000000
      VideoStreaming Interface Descriptor:
        bLength                            38
        bDescriptorType                    36
        bDescriptorSubtype                  5 (FRAME_UNCOMPRESSED)
        bFrameIndex                         4
        bmCapabilities                   0x01
          Still image supported
        wWidth                            352
        wHeight                           288
        dwMinBitRate                   912384
        dwMaxBitRate                   912384
        dwMaxVideoFrameBufferSize      304128
        dwDefaultFrameInterval         333333
        bFrameIntervalType                  3
        dwFrameInterval( 0)            333333
        dwFrameInterval( 1)            666666
        dwFrameInterval( 2)           1000000
      VideoStreaming Interface Descriptor:
        bLength                            38
        bDescriptorType                    36
        bDescriptorSubtype                  5 (FRAME_UNCOMPRESSED)
        bFrameIndex                         5
        bmCapabilities                   0x01
          Still image supported
        wWidth                            176
        wHeight                           144
        dwMinBitRate                   912384
        dwMaxBitRate                   912384
        dwMaxVideoFrameBufferSize       76032
        dwDefaultFrameInterval         333333
        bFrameIntervalType                  3
        dwFrameInterval( 0)            333333
        dwFrameInterval( 1)            666666
        dwFrameInterval( 2)           1000000
      VideoStreaming Interface Descriptor:
        bLength                            26
        bDescriptorType                    36
        bDescriptorSubtype                  3 (STILL_IMAGE_FRAME)
        bEndpointAddress                    0
        bNumImageSizePatterns               5
        wWidth( 0)                        640
        wHeight( 0)                       480
        wWidth( 1)                        320
        wHeight( 1)                       240
        wWidth( 2)                        160
        wHeight( 2)                       120
        wWidth( 3)                        352
        wHeight( 3)                       288
        wWidth( 4)                        176
        wHeight( 4)                       144
        bNumCompressionPatterns             5
    Interface Descriptor:
      bLength                 9
      bDescriptorType         4
      bInterfaceNumber        1
      bAlternateSetting       1
      bNumEndpoints           1
      bInterfaceClass        14 Video
      bInterfaceSubClass      2 Video Streaming
      bInterfaceProtocol      0 
      iInterface              0 
      Endpoint Descriptor:
        bLength                 7
        bDescriptorType         5
        bEndpointAddress     0x81  EP 1 IN
        bmAttributes            5
          Transfer Type            Isochronous
          Synch Type               Asynchronous
          Usage Type               Data
        wMaxPacketSize     0x1400  3x 0 bytes
        bInterval               1
    Interface Descriptor:
      bLength                 9
      bDescriptorType         4
      bInterfaceNumber        1
      bAlternateSetting       2
      bNumEndpoints           1
      bInterfaceClass        14 Video
      bInterfaceSubClass      2 Video Streaming
      bInterfaceProtocol      0 
      iInterface              0 
      Endpoint Descriptor:
        bLength                 7
        bDescriptorType         5
        bEndpointAddress     0x81  EP 1 IN
        bmAttributes            5
          Transfer Type            Isochronous
          Synch Type               Asynchronous
          Usage Type               Data
        wMaxPacketSize     0x13c0  3x 960 bytes
        bInterval               1
    Interface Descriptor:
      bLength                 9
      bDescriptorType         4
      bInterfaceNumber        1
      bAlternateSetting       3
      bNumEndpoints           1
      bInterfaceClass        14 Video
      bInterfaceSubClass      2 Video Streaming
      bInterfaceProtocol      0 
      iInterface              0 
      Endpoint Descriptor:
        bLength                 7
        bDescriptorType         5
        bEndpointAddress     0x81  EP 1 IN
        bmAttributes            5
          Transfer Type            Isochronous
          Synch Type               Asynchronous
          Usage Type               Data
        wMaxPacketSize     0x13c0  3x 960 bytes
        bInterval               1
Device Qualifier (for other device speed):
  bLength                10
  bDescriptorType         6
  bcdUSB               2.00
  bDeviceClass            0 (Defined at Interface level)
  bDeviceSubClass         0 
  bDeviceProtocol         0 
  bMaxPacketSize0        64
  bNumConfigurations      1
Device Status:     0x0000
  (Bus Powered)

Bus 006 Device 001: ID 0000:0000  
Device Descriptor:
  bLength                18
  bDescriptorType         1
  bcdUSB               2.00
  bDeviceClass            9 Hub
  bDeviceSubClass         0 Unused
  bDeviceProtocol         1 Single TT
  bMaxPacketSize0        64
  idVendor           0x0000 
  idProduct          0x0000 
  bcdDevice            2.06
  iManufacturer           3 Linux 2.6.16.54-0.2.5-smp ehci_hcd
  iProduct                2 EHCI Host Controller
  iSerial                 1 0000:00:1a.7
  bNumConfigurations      1
  Configuration Descriptor:
    bLength                 9
    bDescriptorType         2
    wTotalLength           25
    bNumInterfaces          1
    bConfigurationValue     1
    iConfiguration          0 
    bmAttributes         0xc0
      Self Powered
    MaxPower                0mA
    Interface Descriptor:
      bLength                 9
      bDescriptorType         4
      bInterfaceNumber        0
      bAlternateSetting       0
      bNumEndpoints           1
      bInterfaceClass         9 Hub
      bInterfaceSubClass      0 Unused
      bInterfaceProtocol      0 
      iInterface              0 
      Endpoint Descriptor:
        bLength                 7
        bDescriptorType         5
        bEndpointAddress     0x81  EP 1 IN
        bmAttributes            3
          Transfer Type            Interrupt
          Synch Type               None
          Usage Type               Data
        wMaxPacketSize     0x0002  1x 2 bytes
        bInterval              12
Hub Descriptor:
  bLength               9
  bDescriptorType      41
  nNbrPorts             4
  wHubCharacteristic 0x000a
    No power switching (usb 1.0)
    Per-port overcurrent protection
    TT think time 8 FS bits
  bPwrOn2PwrGood       10 * 2 milli seconds
  bHubContrCurrent      0 milli Ampere
  DeviceRemovable    0x00
  PortPwrCtrlMask    0xff
 Hub Port Status:
   Port 1: 0000.0503 highspeed power enable connect
   Port 2: 0000.0100 power
   Port 3: 0000.0100 power
   Port 4: 0000.0100 power
Device Status:     0x0001
  Self Powered

Bus 002 Device 001: ID 0000:0000  
Device Descriptor:
  bLength                18
  bDescriptorType         1
  bcdUSB               1.10
  bDeviceClass            9 Hub
  bDeviceSubClass         0 Unused
  bDeviceProtocol         0 
  bMaxPacketSize0        64
  idVendor           0x0000 
  idProduct          0x0000 
  bcdDevice            2.06
  iManufacturer           3 Linux 2.6.16.54-0.2.5-smp uhci_hcd
  iProduct                2 UHCI Host Controller
  iSerial                 1 0000:00:1a.1
  bNumConfigurations      1
  Configuration Descriptor:
    bLength                 9
    bDescriptorType         2
    wTotalLength           25
    bNumInterfaces          1
    bConfigurationValue     1
    iConfiguration          0 
    bmAttributes         0xc0
      Self Powered
    MaxPower                0mA
    Interface Descriptor:
      bLength                 9
      bDescriptorType         4
      bInterfaceNumber        0
      bAlternateSetting       0
      bNumEndpoints           1
      bInterfaceClass         9 Hub
      bInterfaceSubClass      0 Unused
      bInterfaceProtocol      0 
      iInterface              0 
      Endpoint Descriptor:
        bLength                 7
        bDescriptorType         5
        bEndpointAddress     0x81  EP 1 IN
        bmAttributes            3
          Transfer Type            Interrupt
          Synch Type               None
          Usage Type               Data
        wMaxPacketSize     0x0002  1x 2 bytes
        bInterval             255
Hub Descriptor:
  bLength               9
  bDescriptorType      41
  nNbrPorts             2
  wHubCharacteristic 0x000a
    No power switching (usb 1.0)
    Per-port overcurrent protection
  bPwrOn2PwrGood        1 * 2 milli seconds
  bHubContrCurrent      0 milli Ampere
  DeviceRemovable    0x00
  PortPwrCtrlMask    0xff
 Hub Port Status:
   Port 1: 0000.0100 power
   Port 2: 0000.0100 power
Device Status:     0x0001
  Self Powered

Bus 004 Device 001: ID 0000:0000  
Device Descriptor:
  bLength                18
  bDescriptorType         1
  bcdUSB               1.10
  bDeviceClass            9 Hub
  bDeviceSubClass         0 Unused
  bDeviceProtocol         0 
  bMaxPacketSize0        64
  idVendor           0x0000 
  idProduct          0x0000 
  bcdDevice            2.06
  iManufacturer           3 Linux 2.6.16.54-0.2.5-smp uhci_hcd
  iProduct                2 UHCI Host Controller
  iSerial                 1 0000:00:1d.1
  bNumConfigurations      1
  Configuration Descriptor:
    bLength                 9
    bDescriptorType         2
    wTotalLength           25
    bNumInterfaces          1
    bConfigurationValue     1
    iConfiguration          0 
    bmAttributes         0xc0
      Self Powered
    MaxPower                0mA
    Interface Descriptor:
      bLength                 9
      bDescriptorType         4
      bInterfaceNumber        0
      bAlternateSetting       0
      bNumEndpoints           1
      bInterfaceClass         9 Hub
      bInterfaceSubClass      0 Unused
      bInterfaceProtocol      0 
      iInterface              0 
      Endpoint Descriptor:
        bLength                 7
        bDescriptorType         5
        bEndpointAddress     0x81  EP 1 IN
        bmAttributes            3
          Transfer Type            Interrupt
          Synch Type               None
          Usage Type               Data
        wMaxPacketSize     0x0002  1x 2 bytes
        bInterval             255
Hub Descriptor:
  bLength               9
  bDescriptorType      41
  nNbrPorts             2
  wHubCharacteristic 0x000a
    No power switching (usb 1.0)
    Per-port overcurrent protection
  bPwrOn2PwrGood        1 * 2 milli seconds
  bHubContrCurrent      0 milli Ampere
  DeviceRemovable    0x00
  PortPwrCtrlMask    0xff
 Hub Port Status:
   Port 1: 0000.0100 power
   Port 2: 0000.0100 power
Device Status:     0x0001
  Self Powered

Bus 001 Device 001: ID 0000:0000  
Device Descriptor:
  bLength                18
  bDescriptorType         1
  bcdUSB               1.10
  bDeviceClass            9 Hub
  bDeviceSubClass         0 Unused
  bDeviceProtocol         0 
  bMaxPacketSize0        64
  idVendor           0x0000 
  idProduct          0x0000 
  bcdDevice            2.06
  iManufacturer           3 Linux 2.6.16.54-0.2.5-smp uhci_hcd
  iProduct                2 UHCI Host Controller
  iSerial                 1 0000:00:1a.0
  bNumConfigurations      1
  Configuration Descriptor:
    bLength                 9
    bDescriptorType         2
    wTotalLength           25
    bNumInterfaces          1
    bConfigurationValue     1
    iConfiguration          0 
    bmAttributes         0xc0
      Self Powered
    MaxPower                0mA
    Interface Descriptor:
      bLength                 9
      bDescriptorType         4
      bInterfaceNumber        0
      bAlternateSetting       0
      bNumEndpoints           1
      bInterfaceClass         9 Hub
      bInterfaceSubClass      0 Unused
      bInterfaceProtocol      0 
      iInterface              0 
      Endpoint Descriptor:
        bLength                 7
        bDescriptorType         5
        bEndpointAddress     0x81  EP 1 IN
        bmAttributes            3
          Transfer Type            Interrupt
          Synch Type               None
          Usage Type               Data
        wMaxPacketSize     0x0002  1x 2 bytes
        bInterval             255
Hub Descriptor:
  bLength               9
  bDescriptorType      41
  nNbrPorts             2
  wHubCharacteristic 0x000a
    No power switching (usb 1.0)
    Per-port overcurrent protection
  bPwrOn2PwrGood        1 * 2 milli seconds
  bHubContrCurrent      0 milli Ampere
  DeviceRemovable    0x00
  PortPwrCtrlMask    0xff
 Hub Port Status:
   Port 1: 0000.0100 power
   Port 2: 0000.0100 power
Device Status:     0x0001
  Self Powered

Bus 005 Device 001: ID 0000:0000  
Device Descriptor:
  bLength                18
  bDescriptorType         1
  bcdUSB               1.10
  bDeviceClass            9 Hub
  bDeviceSubClass         0 Unused
  bDeviceProtocol         0 
  bMaxPacketSize0        64
  idVendor           0x0000 
  idProduct          0x0000 
  bcdDevice            2.06
  iManufacturer           3 Linux 2.6.16.54-0.2.5-smp uhci_hcd
  iProduct                2 UHCI Host Controller
  iSerial                 1 0000:00:1d.2
  bNumConfigurations      1
  Configuration Descriptor:
    bLength                 9
    bDescriptorType         2
    wTotalLength           25
    bNumInterfaces          1
    bConfigurationValue     1
    iConfiguration          0 
    bmAttributes         0xc0
      Self Powered
    MaxPower                0mA
    Interface Descriptor:
      bLength                 9
      bDescriptorType         4
      bInterfaceNumber        0
      bAlternateSetting       0
      bNumEndpoints           1
      bInterfaceClass         9 Hub
      bInterfaceSubClass      0 Unused
      bInterfaceProtocol      0 
      iInterface              0 
      Endpoint Descriptor:
        bLength                 7
        bDescriptorType         5
        bEndpointAddress     0x81  EP 1 IN
        bmAttributes            3
          Transfer Type            Interrupt
          Synch Type               None
          Usage Type               Data
        wMaxPacketSize     0x0002  1x 2 bytes
        bInterval             255
Hub Descriptor:
  bLength               9
  bDescriptorType      41
  nNbrPorts             2
  wHubCharacteristic 0x000a
    No power switching (usb 1.0)
    Per-port overcurrent protection
  bPwrOn2PwrGood        1 * 2 milli seconds
  bHubContrCurrent      0 milli Ampere
  DeviceRemovable    0x00
  PortPwrCtrlMask    0xff
 Hub Port Status:
   Port 1: 0000.0100 power
   Port 2: 0000.0100 power
Device Status:     0x0001
  Self Powered

Bus 003 Device 001: ID 0000:0000  
Device Descriptor:
  bLength                18
  bDescriptorType         1
  bcdUSB               1.10
  bDeviceClass            9 Hub
  bDeviceSubClass         0 Unused
  bDeviceProtocol         0 
  bMaxPacketSize0        64
  idVendor           0x0000 
  idProduct          0x0000 
  bcdDevice            2.06
  iManufacturer           3 Linux 2.6.16.54-0.2.5-smp uhci_hcd
  iProduct                2 UHCI Host Controller
  iSerial                 1 0000:00:1d.0
  bNumConfigurations      1
  Configuration Descriptor:
    bLength                 9
    bDescriptorType         2
    wTotalLength           25
    bNumInterfaces          1
    bConfigurationValue     1
    iConfiguration          0 
    bmAttributes         0xc0
      Self Powered
    MaxPower                0mA
    Interface Descriptor:
      bLength                 9
      bDescriptorType         4
      bInterfaceNumber        0
      bAlternateSetting       0
      bNumEndpoints           1
      bInterfaceClass         9 Hub
      bInterfaceSubClass      0 Unused
      bInterfaceProtocol      0 
      iInterface              0 
      Endpoint Descriptor:
        bLength                 7
        bDescriptorType         5
        bEndpointAddress     0x81  EP 1 IN
        bmAttributes            3
          Transfer Type            Interrupt
          Synch Type               None
          Usage Type               Data
        wMaxPacketSize     0x0002  1x 2 bytes
        bInterval             255
Hub Descriptor:
  bLength               9
  bDescriptorType      41
  nNbrPorts             2
  wHubCharacteristic 0x000a
    No power switching (usb 1.0)
    Per-port overcurrent protection
  bPwrOn2PwrGood        1 * 2 milli seconds
  bHubContrCurrent      0 milli Ampere
  DeviceRemovable    0x00
  PortPwrCtrlMask    0xff
 Hub Port Status:
   Port 1: 0000.0100 power
   Port 2: 0000.0100 power
Device Status:     0x0001
  Self Powered
-------------- next part --------------
Bus 007 Device 001: ID 0000:0000  
Bus 006 Device 002: ID 5986:0105  
Bus 006 Device 001: ID 0000:0000  
Bus 002 Device 001: ID 0000:0000  
Bus 004 Device 001: ID 0000:0000  
Bus 001 Device 001: ID 0000:0000  
Bus 005 Device 001: ID 0000:0000  
Bus 003 Device 001: ID 0000:0000  
</PRE>

<!--endarticle-->
    <HR>
    <P><UL>
        <!--threads-->
	<LI>Previous message: <A HREF="003651.html">[Linux-uvc-devel] device 174f:8a33
</A></li>
	<LI>Next message: <A HREF="003652.html">[Linux-uvc-devel] Drivers for Device ID 5986:0105
</A></li>
         <LI> <B>Messages sorted by:</B> 
              <a href="date.html#3643">[ date ]</a>
              <a href="thread.html#3643">[ thread ]</a>
              <a href="subject.html#3643">[ subject ]</a>
              <a href="author.html#3643">[ author ]</a>
         </LI>
       </UL>

<hr>
<a href="https://lists.berlios.de/mailman/listinfo/linux-uvc-devel">More information about the Linux-uvc-devel
mailing list</a><br>
</body></html>
