<!DOCTYPE HTML PUBLIC "-//W3C//DTD HTML 4.01 Transitional//EN">
<HTML>
 <HEAD>
   <TITLE> [Linux-uvc-devel] webcam acer extensa 5635z [04f2:b044] fedora Core 14 [kernel 2.6.35.12.88.fc14.i686]
   </TITLE>
   <LINK REL="Index" HREF="http://lists.berlios.de/pipermail/linux-uvc-devel/2011-April/index.html" >
   <LINK REL="made" HREF="mailto:linux-uvc-devel%40lists.berlios.de?Subject=Re%3A%20%5BLinux-uvc-devel%5D%20webcam%20acer%20extensa%205635z%20%5B04f2%3Ab044%5D%20fedora%0A%20Core%2014%20%5Bkernel%202.6.35.12.88.fc14.i686%5D&In-Reply-To=%3C4DB840BA.7080504%40msw.it%3E">
   <META NAME="robots" CONTENT="index,nofollow">
   <style type="text/css">
       pre {
           white-space: pre-wrap;       /* css-2.1, curent FF, Opera, Safari */
           }
   </style>
   <META http-equiv="Content-Type" content="text/html; charset=us-ascii">
   <LINK REL="Previous"  HREF="006507.html">
   <LINK REL="Next"  HREF="006515.html">
 </HEAD>
 <BODY BGCOLOR="#ffffff">
   <H1>[Linux-uvc-devel] webcam acer extensa 5635z [04f2:b044] fedora Core 14 [kernel 2.6.35.12.88.fc14.i686]</H1>
    <B>Davide Marchi</B> 
    <A HREF="mailto:linux-uvc-devel%40lists.berlios.de?Subject=Re%3A%20%5BLinux-uvc-devel%5D%20webcam%20acer%20extensa%205635z%20%5B04f2%3Ab044%5D%20fedora%0A%20Core%2014%20%5Bkernel%202.6.35.12.88.fc14.i686%5D&In-Reply-To=%3C4DB840BA.7080504%40msw.it%3E"
       TITLE="[Linux-uvc-devel] webcam acer extensa 5635z [04f2:b044] fedora Core 14 [kernel 2.6.35.12.88.fc14.i686]">danjde at msw.it
       </A><BR>
    <I>Wed Apr 27 18:13:46 CEST 2011</I>
    <P><UL>
        <LI>Previous message: <A HREF="006507.html">[Linux-uvc-devel] webcam acer extensa 5635z [04f2:b044] fedora Core 14 [kernel 2.6.35.12.88.fc14.i686]
</A></li>
        <LI>Next message: <A HREF="006515.html">[Linux-uvc-devel] webcam acer extensa 5635z [04f2:b044] fedora	Core 14 [kernel 2.6.35.12.88.fc14.i686]
</A></li>
         <LI> <B>Messages sorted by:</B> 
              <a href="date.html#6509">[ date ]</a>
              <a href="thread.html#6509">[ thread ]</a>
              <a href="subject.html#6509">[ subject ]</a>
              <a href="author.html#6509">[ author ]</a>
         </LI>
       </UL>
    <HR>  
<!--beginarticle-->
<PRE>Paulo Assis ha scritto:
&gt;<i> [..]
</I>&gt;<i> What you mean by &quot;does not work&quot;, this is a little vague.
</I>&gt;<i> Could you post &quot;dmesg&quot; and &quot;lsusb -v -d 04f2:b044&quot; output, please?
</I>&gt;<i>
</I>&gt;<i> Regards,
</I>&gt;<i> Paulo
</I>&gt;<i>    
</I>many thanks Paulo,

webcam show (with cheese and ekiga) video black.
I look at increasing the brightness of flashes yellow/white flashing


post as you request:

dmesg:

[    0.000000] Initializing cgroup subsys cpuset
[    0.000000] Initializing cgroup subsys cpu
[    0.000000] Linux version 2.6.35.12-88.fc14.i686 
(<A HREF="https://lists.berlios.de/mailman/listinfo/linux-uvc-devel">root at cosmogoniA-cristina</A>) (gcc version 4.5.1 20100924 (Red Hat 4.5.1-4) 
(GCC) ) #1 SMP Tue Apr 26 13:47:23 CEST 2011
[    0.000000] BIOS-provided physical RAM map:
[    0.000000]  BIOS-e820: 0000000000000000 - 000000000009f400 (usable)
[    0.000000]  BIOS-e820: 000000000009f400 - 00000000000a0000 (reserved)
[    0.000000]  BIOS-e820: 00000000000d2000 - 00000000000d4000 (reserved)
[    0.000000]  BIOS-e820: 00000000000e0000 - 0000000000100000 (reserved)
[    0.000000]  BIOS-e820: 0000000000100000 - 000000007b6a1000 (usable)
[    0.000000]  BIOS-e820: 000000007b6a1000 - 000000007b6a7000 (reserved)
[    0.000000]  BIOS-e820: 000000007b6a7000 - 000000007b7ca000 (usable)
[    0.000000]  BIOS-e820: 000000007b7ca000 - 000000007b80f000 (reserved)
[    0.000000]  BIOS-e820: 000000007b80f000 - 000000007b909000 (usable)
[    0.000000]  BIOS-e820: 000000007b909000 - 000000007bb0f000 (reserved)
[    0.000000]  BIOS-e820: 000000007bb0f000 - 000000007bb19000 (usable)
[    0.000000]  BIOS-e820: 000000007bb19000 - 000000007bb1f000 (reserved)
[    0.000000]  BIOS-e820: 000000007bb1f000 - 000000007bb64000 (usable)
[    0.000000]  BIOS-e820: 000000007bb64000 - 000000007bb9f000 (ACPI NVS)
[    0.000000]  BIOS-e820: 000000007bb9f000 - 000000007bbe1000 (usable)
[    0.000000]  BIOS-e820: 000000007bbe1000 - 000000007bbff000 (ACPI data)
[    0.000000]  BIOS-e820: 000000007bbff000 - 000000007bc00000 (usable)
[    0.000000]  BIOS-e820: 000000007bc00000 - 000000007be00000 (reserved)
[    0.000000]  BIOS-e820: 000000007c000000 - 0000000080000000 (reserved)
[    0.000000]  BIOS-e820: 00000000e0000000 - 00000000f0000000 (reserved)
[    0.000000]  BIOS-e820: 00000000fec00000 - 00000000fec10000 (reserved)
[    0.000000]  BIOS-e820: 00000000fed00000 - 00000000fed00400 (reserved)
[    0.000000]  BIOS-e820: 00000000fed10000 - 00000000fed14000 (reserved)
[    0.000000]  BIOS-e820: 00000000fed18000 - 00000000fed1a000 (reserved)
[    0.000000]  BIOS-e820: 00000000fed1c000 - 00000000fed90000 (reserved)
[    0.000000]  BIOS-e820: 00000000fee00000 - 00000000fee01000 (reserved)
[    0.000000]  BIOS-e820: 00000000ffe00000 - 0000000100000000 (reserved)
[    0.000000] Notice: NX (Execute Disable) protection cannot be 
enabled: non-PAE kernel!
[    0.000000] DMI present.
[    0.000000] e820 update range: 0000000000000000 - 0000000000001000 
(usable) ==&gt; (reserved)
[    0.000000] e820 remove range: 00000000000a0000 - 0000000000100000 
(usable)
[    0.000000] last_pfn = 0x7bc00 max_arch_pfn = 0x100000
[    0.000000] MTRR default type: uncachable
[    0.000000] MTRR fixed ranges enabled:
[    0.000000]   00000-9FFFF write-back
[    0.000000]   A0000-BFFFF uncachable
[    0.000000]   C0000-D3FFF write-protect
[    0.000000]   D4000-DBFFF uncachable
[    0.000000]   DC000-FFFFF write-protect
[    0.000000] MTRR variable ranges enabled:
[    0.000000]   0 base 07C000000 mask FFC000000 uncachable
[    0.000000]   1 base 000000000 mask F80000000 write-back
[    0.000000]   2 base 07BE00000 mask FFFE00000 uncachable
[    0.000000]   3 disabled
[    0.000000]   4 disabled
[    0.000000]   5 disabled
[    0.000000]   6 disabled
[    0.000000] x86 PAT enabled: cpu 0, old 0x7040600070406, new 
0x7010600070106
[    0.000000] original variable MTRRs
[    0.000000] reg 0, base: 1984MB, range: 64MB, type UC
[    0.000000] reg 1, base: 0GB, range: 2GB, type WB
[    0.000000] reg 2, base: 1982MB, range: 2MB, type UC
[    0.000000] total RAM covered: 1982M
[    0.000000] Found optimal setting for mtrr clean up
[    0.000000]  gran_size: 64K     chunk_size: 128M     num_reg: 3      
lose cover RAM: 0G
[    0.000000] New variable MTRRs
[    0.000000] reg 0, base: 0GB, range: 2GB, type WB
[    0.000000] reg 1, base: 1982MB, range: 2MB, type UC
[    0.000000] reg 2, base: 1984MB, range: 64MB, type UC
[    0.000000] initial memory mapped : 0 - 01000000
[    0.000000] found SMP MP-table at [c00f75f0] f75f0
[    0.000000] init_memory_mapping: 0000000000000000-0000000036ffe000
[    0.000000]  0000000000 - 0000400000 page 4k
[    0.000000]  0000400000 - 0036c00000 page 2M
[    0.000000]  0036c00000 - 0036ffe000 page 4k
[    0.000000] kernel direct mapping tables up to 36ffe000 @ 7000-e000
[    0.000000] RAMDISK: 373ee000 - 37ff0000
[    0.000000] Allocated new RAMDISK: 00c32000 - 01833284
[    0.000000] Move RAMDISK from 00000000373ee000 - 0000000037fef283 to 
00c32000 - 01833283
[    0.000000] ACPI: RSDP 000f7510 00024 (v02 PTLTD )
[    0.000000] ACPI: XSDT 7bbf56fe 00074 (v01 ACRSYS ACRPRDCT 06040000  
LTP 00000000)
[    0.000000] ACPI: FACP 7bbe5000 000F4 (v03 INTEL  CRESTLNE 06040000 
ALAN 00000001)
[    0.000000] ACPI: DSDT 7bbe6000 092DE (v02 Intel  CANTIGA  06040000 
INTL 20061109)
[    0.000000] ACPI: FACS 7bb9efc0 00040
[    0.000000] ACPI: HPET 7bbfed86 00038 (v01 INTEL  CRESTLNE 06040000 
LOHR 0000005A)
[    0.000000] ACPI: MCFG 7bbfedbe 0003C (v01 INTEL  CRESTLNE 06040000 
LOHR 0000005A)
[    0.000000] ACPI: APIC 7bbfedfa 00068 (v01 PTLTD  ? APIC   06040000  
LTP 00000000)
[    0.000000] ACPI: BOOT 7bbfee62 00028 (v01 PTLTD  $SBFTBL$ 06040000  
LTP 00000001)
[    0.000000] ACPI: SLIC 7bbfee8a 00176 (v01 ACRSYS ACRPRDCT 06040000 
acer 00000000)
[    0.000000] ACPI: SSDT 7bbf579a 001A6 (v01 SataRe SataAhci 00001000 
INTL 20061109)
[    0.000000] ACPI: SSDT 7bbe4000 00655 (v01  PmRef    CpuPm 00003000 
INTL 20061109)
[    0.000000] ACPI: SSDT 7bbe3000 00259 (v01  PmRef  Cpu0Tst 00003000 
INTL 20061109)
[    0.000000] ACPI: SSDT 7bbe2000 0020F (v01  PmRef    ApTst 00003000 
INTL 20061109)
[    0.000000] ACPI: Local APIC address 0xfee00000
[    0.000000] 1100MB HIGHMEM available.
[    0.000000] 879MB LOWMEM available.
[    0.000000]   mapped low ram: 0 - 36ffe000
[    0.000000]   low ram: 0 - 36ffe000
[    0.000000]   node 0 low ram: 00000000 - 36ffe000
[    0.000000]   node 0 bootmap 0000b000 - 00011e00
[    0.000000] (13/32 early reservations) ==&gt; bootmem [0000000000 - 
0036ffe000]
[    0.000000]   #0 [0000001000 - 0000002000]    EX TRAMPOLINE ==&gt; 
[0000001000 - 0000002000]
[    0.000000]   #1 [0000400000 - 0000c2c900]    TEXT DATA BSS ==&gt; 
[0000400000 - 0000c2c900]
[    0.000000]   #2 [0000c2d000 - 0000c31178]              BRK ==&gt; 
[0000c2d000 - 0000c31178]
[    0.000000]   #3 [00000f7600 - 0000100000]    BIOS reserved ==&gt; 
[00000f7600 - 0000100000]
[    0.000000]   #4 [00000f75f0 - 00000f7600]     MP-table mpf ==&gt; 
[00000f75f0 - 00000f7600]
[    0.000000]   #5 [000009f400 - 000009f971]    BIOS reserved ==&gt; 
[000009f400 - 000009f971]
[    0.000000]   #6 [000009fad5 - 00000f75f0]    BIOS reserved ==&gt; 
[000009fad5 - 00000f75f0]
[    0.000000]   #7 [000009f971 - 000009fad5]     MP-table mpc ==&gt; 
[000009f971 - 000009fad5]
[    0.000000]   #8 [0000002000 - 0000003000]       TRAMPOLINE ==&gt; 
[0000002000 - 0000003000]
[    0.000000]   #9 [0000003000 - 0000007000]      ACPI WAKEUP ==&gt; 
[0000003000 - 0000007000]
[    0.000000]   #10 [0000007000 - 000000b000]          PGTABLE ==&gt; 
[0000007000 - 000000b000]
[    0.000000]   #11 [0000c32000 - 0001834000]      NEW RAMDISK ==&gt; 
[0000c32000 - 0001834000]
[    0.000000]   #12 [000000b000 - 0000012000]          BOOTMAP ==&gt; 
[000000b000 - 0000012000]
[    0.000000] Zone PFN ranges:
[    0.000000]   DMA      0x00000001 -&gt; 0x00001000
[    0.000000]   Normal   0x00001000 -&gt; 0x00036ffe
[    0.000000]   HighMem  0x00036ffe -&gt; 0x0007bc00
[    0.000000] Movable zone start PFN for each node
[    0.000000] early_node_map[8] active PFN ranges
[    0.000000]     0: 0x00000001 -&gt; 0x0000009f
[    0.000000]     0: 0x00000100 -&gt; 0x0007b6a1
[    0.000000]     0: 0x0007b6a7 -&gt; 0x0007b7ca
[    0.000000]     0: 0x0007b80f -&gt; 0x0007b909
[    0.000000]     0: 0x0007bb0f -&gt; 0x0007bb19
[    0.000000]     0: 0x0007bb1f -&gt; 0x0007bb64
[    0.000000]     0: 0x0007bb9f -&gt; 0x0007bbe1
[    0.000000]     0: 0x0007bbff -&gt; 0x0007bc00
[    0.000000] On node 0 totalpages: 506094
[    0.000000] free_area_init_node: node 0, pgdat c09fe140, node_mem_map 
c1835020
[    0.000000]   DMA zone: 32 pages used for memmap
[    0.000000]   DMA zone: 0 pages reserved
[    0.000000]   DMA zone: 3966 pages, LIFO batch:0
[    0.000000]   Normal zone: 1728 pages used for memmap
[    0.000000]   Normal zone: 219454 pages, LIFO batch:31
[    0.000000]   HighMem zone: 2201 pages used for memmap
[    0.000000]   HighMem zone: 278713 pages, LIFO batch:31
[    0.000000] Using APIC driver default
[    0.000000] ACPI: PM-Timer IO Port: 0x408
[    0.000000] ACPI: Local APIC address 0xfee00000
[    0.000000] ACPI: LAPIC (acpi_id[0x00] lapic_id[0x00] enabled)
[    0.000000] ACPI: LAPIC (acpi_id[0x01] lapic_id[0x01] enabled)
[    0.000000] ACPI: LAPIC_NMI (acpi_id[0x00] high edge lint[0x1])
[    0.000000] ACPI: LAPIC_NMI (acpi_id[0x01] high edge lint[0x1])
[    0.000000] ACPI: IOAPIC (id[0x02] address[0xfec00000] gsi_base[0])
[    0.000000] IOAPIC[0]: apic_id 2, version 32, address 0xfec00000, GSI 
0-23
[    0.000000] ACPI: INT_SRC_OVR (bus 0 bus_irq 0 global_irq 2 high edge)
[    0.000000] ACPI: INT_SRC_OVR (bus 0 bus_irq 9 global_irq 9 high level)
[    0.000000] ACPI: IRQ0 used by override.
[    0.000000] ACPI: IRQ2 used by override.
[    0.000000] ACPI: IRQ9 used by override.
[    0.000000] Using ACPI (MADT) for SMP configuration information
[    0.000000] ACPI: HPET id: 0x8086a201 base: 0xfed00000
[    0.000000] SMP: Allowing 2 CPUs, 0 hotplug CPUs
[    0.000000] nr_irqs_gsi: 40
[    0.000000] PM: Registered nosave memory: 000000000009f000 - 
00000000000a0000
[    0.000000] PM: Registered nosave memory: 00000000000a0000 - 
00000000000d2000
[    0.000000] PM: Registered nosave memory: 00000000000d2000 - 
00000000000d4000
[    0.000000] PM: Registered nosave memory: 00000000000d4000 - 
00000000000e0000
[    0.000000] PM: Registered nosave memory: 00000000000e0000 - 
0000000000100000
[    0.000000] Allocating PCI resources starting at 80000000 (gap: 
80000000:60000000)
[    0.000000] Booting paravirtualized kernel on bare hardware
[    0.000000] setup_percpu: NR_CPUS:64 nr_cpumask_bits:64 nr_cpu_ids:2 
nr_node_ids:1
[    0.000000] PERCPU: Embedded 14 pages/cpu @c2800000 s35136 r0 d22208 
u2097152
[    0.000000] pcpu-alloc: s35136 r0 d22208 u2097152 alloc=1*4194304
[    0.000000] pcpu-alloc: [0] 0 1
[    0.000000] Built 1 zonelists in Zone order, mobility grouping on.  
Total pages: 502133
[    0.000000] Kernel command line: ro 
root=UUID=16d9270e-3d25-471c-a14b-d3dafa9d792c rd_NO_LUKS rd_NO_LVM 
rd_NO_MD rd_NO_DM LANG=it_IT.UTF-8 SYSFONT=latarcyrheb-sun16 
KEYBOARDTYPE=pc KEYTABLE=it rhgb quiet
[    0.000000] PID hash table entries: 4096 (order: 2, 16384 bytes)
[    0.000000] Dentry cache hash table entries: 131072 (order: 7, 524288 
bytes)
[    0.000000] Inode-cache hash table entries: 65536 (order: 6, 262144 
bytes)
[    0.000000] Enabling fast FPU save and restore... done.
[    0.000000] Enabling unmasked SIMD FPU exception support... done.
[    0.000000] Initializing CPU#0
[    0.000000] xsave/xrstor: enabled xstate_bv 0x3, cntxt size 0x240
[    0.000000] allocated 10137580 bytes of page_cgroup
[    0.000000] please try 'cgroup_disable=memory' option if you don't 
want memory cgroups
[    0.000000] Initializing HighMem for node 0 (00036ffe:0007bc00)
[    0.000000] Memory: 1976952k/2027520k available (3768k kernel code, 
47424k reserved, 2491k data, 544k init, 1123656k highmem)
[    0.000000] virtual kernel memory layout:
[    0.000000]     fixmap  : 0xff575000 - 0xfffff000   (10792 kB)
[    0.000000]     pkmap   : 0xff000000 - 0xff400000   (4096 kB)
[    0.000000]     vmalloc : 0xf77fe000 - 0xfeffe000   ( 120 MB)
[    0.000000]     lowmem  : 0xc0000000 - 0xf6ffe000   ( 879 MB)
[    0.000000]       .init : 0xc0a1d000 - 0xc0aa5000   ( 544 kB)
[    0.000000]       .data : 0xc07ae05e - 0xc0a1ceb0   (2491 kB)
[    0.000000]       .text : 0xc0400000 - 0xc07ae05e   (3768 kB)
[    0.000000] Checking if this processor honours the WP bit even in 
supervisor mode...Ok.
[    0.000000] SLUB: Genslabs=13, HWalign=64, Order=0-3, MinObjects=0, 
CPUs=2, Nodes=1
[    0.000000] Hierarchical RCU implementation.
[    0.000000]     RCU dyntick-idle grace-period acceleration is enabled.
[    0.000000]     RCU-based detection of stalled CPUs is disabled.
[    0.000000]     Verbose stalled-CPUs detection is disabled.
[    0.000000] NR_IRQS:2304
[    0.000000] Extended CMOS year: 2000
[    0.000000] Console: colour VGA+ 80x25
[    0.000000] console [tty0] enabled
[    0.000000] hpet clockevent registered
[    0.000000] Fast TSC calibration using PIT
[    0.000000] Detected 2095.426 MHz processor.
[    0.001004] Calibrating delay loop (skipped), value calculated using 
timer frequency.. 4190.85 BogoMIPS (lpj=2095426)
[    0.001009] pid_max: default: 32768 minimum: 301
[    0.001035] Security Framework initialized
[    0.001045] SELinux:  Initializing.
[    0.001054] SELinux:  Starting in permissive mode
[    0.001111] Mount-cache hash table entries: 512
[    0.001253] Initializing cgroup subsys ns
[    0.001258] Initializing cgroup subsys cpuacct
[    0.001263] Initializing cgroup subsys memory
[    0.001272] Initializing cgroup subsys devices
[    0.001275] Initializing cgroup subsys freezer
[    0.001277] Initializing cgroup subsys net_cls
[    0.001280] Initializing cgroup subsys blkio
[    0.002032] CPU: Physical Processor ID: 0
[    0.002034] CPU: Processor Core ID: 0
[    0.002037] mce: CPU supports 6 MCE banks
[    0.002045] CPU0: Thermal monitoring enabled (TM2)
[    0.002049] using mwait in idle threads.
[    0.002055] Performance Events: PEBS fmt0+, Core2 events, Intel PMU 
driver.
[    0.002064] ... version:                2
[    0.002066] ... bit width:              40
[    0.002068] ... generic registers:      2
[    0.002070] ... value mask:             000000ffffffffff
[    0.002072] ... max period:             000000007fffffff
[    0.002074] ... fixed-purpose events:   3
[    0.002076] ... event mask:             0000000700000003
[    0.002619] ACPI: Core revision 20100428
[    0.016010] ftrace: converting mcount calls to 0f 1f 44 00 00
[    0.016016] ftrace: allocating 23153 entries in 46 pages
[    0.017057] Enabling APIC mode:  Flat.  Using 1 I/O APICs
[    0.017515] ..TIMER: vector=0x30 apic1=0 pin1=2 apic2=-1 pin2=-1
[    0.027732] CPU0: Intel Pentium(R) Dual-Core CPU       T4300  @ 
2.10GHz stepping 0a
[    0.027999] Booting Node   0, Processors  #1 Ok.
[    0.001999] Initializing CPU#1
[    0.099015] Brought up 2 CPUs
[    0.099017] Total of 2 processors activated (8380.46 BogoMIPS).
[    0.099419] sizeof(vma)=88 bytes
[    0.099421] sizeof(page)=32 bytes
[    0.099422] sizeof(inode)=352 bytes
[    0.099424] sizeof(dentry)=132 bytes
[    0.099426] sizeof(ext3inode)=508 bytes
[    0.099427] sizeof(buffer_head)=56 bytes
[    0.099429] sizeof(skbuff)=192 bytes
[    0.099430] sizeof(task_struct)=3228 bytes
[    0.099479] devtmpfs: initialized
[    0.100910] atomic64 test passed for i586+ platform with CX8 and with SSE
[    0.100948] Time: 14:40:07  Date: 04/27/11
[    0.100991] NET: Registered protocol family 16
[    0.101098] ACPI FADT declares the system doesn't support PCIe ASPM, 
so disable it
[    0.101101] ACPI: bus type pci registered
[    0.101182] PCI: MMCONFIG for domain 0000 [bus 00-ff] at [mem 
0xe0000000-0xefffffff] (base 0xe0000000)
[    0.101186] PCI: MMCONFIG at [mem 0xe0000000-0xefffffff] reserved in E820
[    0.101188] PCI: Using MMCONFIG for extended config space
[    0.101190] PCI: Using configuration type 1 for base access
[    0.102445] bio: create slab &lt;bio-0&gt; at 0
[    0.104466] ACPI: EC: Look up EC in DSDT
[    0.110828] ACPI: BIOS _OSI(Linux) query ignored
[    0.112703] ACPI: SSDT 7bb1aca0 00223 (v01  PmRef  Cpu0Ist 00003000 
INTL 20061109)
[    0.113184] ACPI: Dynamic OEM Table Load:
[    0.113188] ACPI: SSDT (null) 00223 (v01  PmRef  Cpu0Ist 00003000 
INTL 20061109)
[    0.113497] ACPI: SSDT 7bb19620 005B3 (v01  PmRef  Cpu0Cst 00003001 
INTL 20061109)
[    0.113950] ACPI: Dynamic OEM Table Load:
[    0.113953] ACPI: SSDT (null) 005B3 (v01  PmRef  Cpu0Cst 00003001 
INTL 20061109)
[    0.114503] ACPI: SSDT 7bb1aa20 001CF (v01  PmRef    ApIst 00003000 
INTL 20061109)
[    0.114996] ACPI: Dynamic OEM Table Load:
[    0.115004] ACPI: SSDT (null) 001CF (v01  PmRef    ApIst 00003000 
INTL 20061109)
[    0.115179] ACPI: SSDT 7bb1af20 0008D (v01  PmRef    ApCst 00003000 
INTL 20061109)
[    0.115647] ACPI: Dynamic OEM Table Load:
[    0.115650] ACPI: SSDT (null) 0008D (v01  PmRef    ApCst 00003000 
INTL 20061109)
[    0.151098] ACPI: Interpreter enabled
[    0.151104] ACPI: (supports S0 S3 S4 S5)
[    0.151130] ACPI: Using IOAPIC for interrupt routing
[    0.161331] ACPI: EC: GPE = 0x18, I/O: command/status = 0x66, data = 0x62
[    0.161712] ACPI: No dock devices found.
[    0.161717] PCI: Ignoring host bridge windows from ACPI; if 
necessary, use &quot;pci=use_crs&quot; and report a bug
[    0.162310] ACPI: PCI Root Bridge [PCI0] (domain 0000 [bus 00-ff])
[    0.163472] pci_root PNP0A08:00: host bridge window [io  
0x0000-0x0cf7] (ignored)
[    0.163475] pci_root PNP0A08:00: host bridge window [io  
0x0d00-0xffff] (ignored)
[    0.163478] pci_root PNP0A08:00: host bridge window [mem 
0x000a0000-0x000bffff] (ignored)
[    0.163481] pci_root PNP0A08:00: host bridge window [mem 
0x000d4000-0x000d7fff] (ignored)
[    0.163484] pci_root PNP0A08:00: host bridge window [mem 
0x000d8000-0x000dbfff] (ignored)
[    0.163486] pci_root PNP0A08:00: host bridge window [mem 
0x000dc000-0x000dffff] (ignored)
[    0.163490] pci_root PNP0A08:00: host bridge window [mem 
0x80000000-0xdfffffff] (ignored)
[    0.163492] pci_root PNP0A08:00: host bridge window [mem 
0xf0000000-0xfebfffff] (ignored)
[    0.163527] DMAR: Forcing write-buffer flush capability
[    0.163529] DMAR: Disabling IOMMU for graphics on this chipset
[    0.163563] pci 0000:00:02.0: reg 10: [mem 0xf0000000-0xf03fffff 64bit]
[    0.163571] pci 0000:00:02.0: reg 18: [mem 0xd0000000-0xdfffffff 
64bit pref]
[    0.163576] pci 0000:00:02.0: reg 20: [io  0x1800-0x1807]
[    0.163614] pci 0000:00:02.1: reg 10: [mem 0xf0400000-0xf04fffff 64bit]
[    0.163734] pci 0000:00:1a.0: reg 20: [io  0x1820-0x183f]
[    0.163823] pci 0000:00:1a.1: reg 20: [io  0x1840-0x185f]
[    0.163909] pci 0000:00:1a.7: reg 10: [mem 0xf0904800-0xf0904bff]
[    0.163978] pci 0000:00:1a.7: PME# supported from D0 D3hot D3cold
[    0.163984] pci 0000:00:1a.7: PME# disabled
[    0.164037] pci 0000:00:1b.0: reg 10: [mem 0xf0700000-0xf0703fff 64bit]
[    0.164099] pci 0000:00:1b.0: PME# supported from D0 D3hot D3cold
[    0.164104] pci 0000:00:1b.0: PME# disabled
[    0.164203] pci 0000:00:1c.0: PME# supported from D0 D3hot D3cold
[    0.164208] pci 0000:00:1c.0: PME# disabled
[    0.164313] pci 0000:00:1c.3: PME# supported from D0 D3hot D3cold
[    0.164318] pci 0000:00:1c.3: PME# disabled
[    0.164421] pci 0000:00:1c.5: PME# supported from D0 D3hot D3cold
[    0.164425] pci 0000:00:1c.5: PME# disabled
[    0.164496] pci 0000:00:1d.0: reg 20: [io  0x1860-0x187f]
[    0.164585] pci 0000:00:1d.1: reg 20: [io  0x1880-0x189f]
[    0.164674] pci 0000:00:1d.2: reg 20: [io  0x18a0-0x18bf]
[    0.164765] pci 0000:00:1d.3: reg 20: [io  0x18c0-0x18df]
[    0.164849] pci 0000:00:1d.7: reg 10: [mem 0xf0904c00-0xf0904fff]
[    0.164918] pci 0000:00:1d.7: PME# supported from D0 D3hot D3cold
[    0.164924] pci 0000:00:1d.7: PME# disabled
[    0.165166] pci 0000:00:1f.2: reg 10: [io  0x1818-0x181f]
[    0.165174] pci 0000:00:1f.2: reg 14: [io  0x180c-0x180f]
[    0.165182] pci 0000:00:1f.2: reg 18: [io  0x1810-0x1817]
[    0.165190] pci 0000:00:1f.2: reg 1c: [io  0x1808-0x180b]
[    0.165198] pci 0000:00:1f.2: reg 20: [io  0x18e0-0x18ff]
[    0.165206] pci 0000:00:1f.2: reg 24: [mem 0xf0904000-0xf09047ff]
[    0.165253] pci 0000:00:1f.2: PME# supported from D3hot
[    0.165258] pci 0000:00:1f.2: PME# disabled
[    0.165299] pci 0000:00:1f.3: reg 10: [mem 0x00000000-0x000000ff 64bit]
[    0.165318] pci 0000:00:1f.3: reg 20: [io  0x1c00-0x1c1f]
[    0.165406] pci 0000:00:1c.0: PCI bridge to [bus 02-04]
[    0.165411] pci 0000:00:1c.0:   bridge window [io  0x0000-0x0000] 
(disabled)
[    0.165417] pci 0000:00:1c.0:   bridge window [mem 
0x00000000-0x000fffff] (disabled)
[    0.165425] pci 0000:00:1c.0:   bridge window [mem 
0x00000000-0x000fffff pref] (disabled)
[    0.165533] pci 0000:07:00.0: reg 10: [mem 0x00000000-0x0000ffff 64bit]
[    0.165625] pci 0000:07:00.0: supports D1
[    0.165627] pci 0000:07:00.0: PME# supported from D0 D1 D3hot
[    0.165633] pci 0000:07:00.0: PME# disabled
[    0.165670] pci 0000:00:1c.3: PCI bridge to [bus 07-07]
[    0.165676] pci 0000:00:1c.3:   bridge window [io  0x0000-0x0000] 
(disabled)
[    0.165681] pci 0000:00:1c.3:   bridge window [mem 
0x00000000-0x000fffff] (disabled)
[    0.165689] pci 0000:00:1c.3:   bridge window [mem 
0x00000000-0x000fffff pref] (disabled)
[    0.165797] pci 0000:09:00.0: reg 10: [mem 0x00000000-0x0003ffff 64bit]
[    0.165808] pci 0000:09:00.0: reg 18: [io  0x0000-0x007f]
[    0.165893] pci 0000:09:00.0: PME# supported from D0 D1 D2 D3hot D3cold
[    0.165899] pci 0000:09:00.0: PME# disabled
[    0.165935] pci 0000:00:1c.5: PCI bridge to [bus 09-09]
[    0.165940] pci 0000:00:1c.5:   bridge window [io  0x0000-0x0000] 
(disabled)
[    0.165945] pci 0000:00:1c.5:   bridge window [mem 
0x00000000-0x000fffff] (disabled)
[    0.165954] pci 0000:00:1c.5:   bridge window [mem 
0x00000000-0x000fffff pref] (disabled)
[    0.166056] pci 0000:00:1e.0: PCI bridge to [bus 0a-0a] (subtractive 
decode)
[    0.166062] pci 0000:00:1e.0:   bridge window [io  0xf000-0x0000] 
(disabled)
[    0.166067] pci 0000:00:1e.0:   bridge window [mem 
0xfff00000-0x000fffff] (disabled)
[    0.166076] pci 0000:00:1e.0:   bridge window [mem 
0xfff00000-0x000fffff pref] (disabled)
[    0.166079] pci 0000:00:1e.0:   bridge window [io  0x0000-0xffff] 
(subtractive decode)
[    0.166082] pci 0000:00:1e.0:   bridge window [mem 
0x00000000-0xffffffff] (subtractive decode)
[    0.166109] pci_bus 0000:00: on NUMA node 0
[    0.166114] ACPI: PCI Interrupt Routing Table [\_SB_.PCI0._PRT]
[    0.166336] ACPI: PCI Interrupt Routing Table [\_SB_.PCI0.P0P1._PRT]
[    0.166454] ACPI: PCI Interrupt Routing Table [\_SB_.PCI0.RP01._PRT]
[    0.166539] ACPI: PCI Interrupt Routing Table [\_SB_.PCI0.RP04._PRT]
[    0.179229] ACPI: PCI Interrupt Link [LNKA] (IRQs 1 3 4 *5 6 7 10 12 
14 15)
[    0.179348] ACPI: PCI Interrupt Link [LNKB] (IRQs 1 3 4 5 6 7 11 12 
14 15) *10
[    0.179468] ACPI: PCI Interrupt Link [LNKC] (IRQs 1 3 4 5 6 7 *10 12 
14 15)
[    0.179584] ACPI: PCI Interrupt Link [LNKD] (IRQs 1 3 4 5 6 7 11 12 
14 15) *10
[    0.179700] ACPI: PCI Interrupt Link [LNKE] (IRQs 1 3 4 5 6 7 10 12 
14 15) *0, disabled.
[    0.179817] ACPI: PCI Interrupt Link [LNKF] (IRQs 1 3 4 5 6 7 *11 12 
14 15)
[    0.179932] ACPI: PCI Interrupt Link [LNKG] (IRQs 1 3 4 5 6 7 10 12 
14 15) *11
[    0.180055] ACPI: PCI Interrupt Link [LNKH] (IRQs 1 3 4 5 6 *7 11 12 
14 15)
[    0.180106] HEST: Table is not found!
[    0.180169] vgaarb: device added: 
PCI:0000:00:02.0,decodes=io+mem,owns=io+mem,locks=none
[    0.180184] vgaarb: loaded
[    0.180292] SCSI subsystem initialized
[    0.180308] libata version 3.00 loaded.
[    0.180308] usbcore: registered new interface driver usbfs
[    0.180308] usbcore: registered new interface driver hub
[    0.180308] usbcore: registered new device driver usb
[    0.180308] PCI: Using ACPI for IRQ routing
[    0.180308] PCI: pci_cache_line_size set to 64 bytes
[    0.180308] reserve RAM buffer: 000000000009f400 - 000000000009ffff
[    0.180308] reserve RAM buffer: 000000007b6a1000 - 000000007bffffff
[    0.180308] reserve RAM buffer: 000000007b7ca000 - 000000007bffffff
[    0.180308] reserve RAM buffer: 000000007b909000 - 000000007bffffff
[    0.180308] reserve RAM buffer: 000000007bb19000 - 000000007bffffff
[    0.180308] reserve RAM buffer: 000000007bb64000 - 000000007bffffff
[    0.180308] reserve RAM buffer: 000000007bbe1000 - 000000007bffffff
[    0.180308] reserve RAM buffer: 000000007bc00000 - 000000007bffffff
[    0.180308] NetLabel: Initializing
[    0.180308] NetLabel:  domain hash size = 128
[    0.180308] NetLabel:  protocols = UNLABELED CIPSOv4
[    0.180308] NetLabel:  unlabeled traffic allowed by default
[    0.180308] HPET: 4 timers in total, 0 timers will be used for 
per-cpu timer
[    0.180310] hpet0: at MMIO 0xfed00000, IRQs 2, 8, 0, 0
[    0.180315] hpet0: 4 comparators, 64-bit 14.318180 MHz counter
[    0.183017] Switching to clocksource tsc
[    0.196025] pnp: PnP ACPI init
[    0.196049] ACPI: bus type pnp registered
[    0.198566] pnp 00:00: [bus 00-ff]
[    0.198569] pnp 00:00: [io  0x0000-0x0cf7 window]
[    0.198571] pnp 00:00: [io  0x0cf8-0x0cff]
[    0.198574] pnp 00:00: [io  0x0d00-0xffff window]
[    0.198576] pnp 00:00: [mem 0x000a0000-0x000bffff window]
[    0.198578] pnp 00:00: [mem 0x000c0000-0x000c3fff window]
[    0.198581] pnp 00:00: [mem 0x000c4000-0x000c7fff window]
[    0.198583] pnp 00:00: [mem 0x000c8000-0x000cbfff window]
[    0.198586] pnp 00:00: [mem 0x000cc000-0x000cffff window]
[    0.198588] pnp 00:00: [mem 0x000d0000-0x000d3fff window]
[    0.198590] pnp 00:00: [mem 0x000d4000-0x000d7fff window]
[    0.198593] pnp 00:00: [mem 0x000d8000-0x000dbfff window]
[    0.198595] pnp 00:00: [mem 0x000dc000-0x000dffff window]
[    0.198598] pnp 00:00: [mem 0x000e0000-0x000e3fff window]
[    0.198600] pnp 00:00: [mem 0x000e4000-0x000e7fff window]
[    0.198602] pnp 00:00: [mem 0x000e8000-0x000ebfff window]
[    0.198605] pnp 00:00: [mem 0x000ec000-0x000effff window]
[    0.198607] pnp 00:00: [mem 0x000f0000-0x000fffff window]
[    0.198610] pnp 00:00: [mem 0x80000000-0xdfffffff window]
[    0.198612] pnp 00:00: [mem 0xf0000000-0xfebfffff window]
[    0.198615] pnp 00:00: [mem 0xfed40000-0xfed44fff window]
[    0.198677] pnp 00:00: Plug and Play ACPI device, IDs PNP0a08 PNP0a03 
(active)
[    0.198786] pnp 00:01: [io  0x0000-0x001f]
[    0.198788] pnp 00:01: [io  0x0081-0x0091]
[    0.198790] pnp 00:01: [io  0x0093-0x009f]
[    0.198792] pnp 00:01: [io  0x00c0-0x00df]
[    0.198795] pnp 00:01: [dma 4]
[    0.198823] pnp 00:01: Plug and Play ACPI device, IDs PNP0200 (active)
[    0.198989] pnp 00:02: [mem 0xfed00000-0xfed003ff]
[    0.199043] pnp 00:02: Plug and Play ACPI device, IDs PNP0103 PNP0c01 
(active)
[    0.199059] pnp 00:03: [io  0x00f0]
[    0.199069] pnp 00:03: [irq 13]
[    0.199097] pnp 00:03: Plug and Play ACPI device, IDs PNP0c04 (active)
[    0.199113] pnp 00:04: [io  0x002e-0x002f]
[    0.199115] pnp 00:04: [io  0x0061]
[    0.199117] pnp 00:04: [io  0x0063]
[    0.199119] pnp 00:04: [io  0x0065]
[    0.199120] pnp 00:04: [io  0x0067]
[    0.199122] pnp 00:04: [io  0x0068-0x006f]
[    0.199124] pnp 00:04: [io  0x0070]
[    0.199126] pnp 00:04: [io  0x0080]
[    0.199131] pnp 00:04: [io  0x0092]
[    0.199133] pnp 00:04: [io  0x00b2-0x00b3]
[    0.199135] pnp 00:04: [io  0x0680-0x069f]
[    0.199137] pnp 00:04: [io  0x0480-0x048f]
[    0.199139] pnp 00:04: [io  0xffff]
[    0.199141] pnp 00:04: [io  0xffff]
[    0.199143] pnp 00:04: [io  0x1000-0x107f]
[    0.199145] pnp 00:04: [io  0x1180-0x11ff]
[    0.199147] pnp 00:04: [io  0x164e-0x164f]
[    0.199148] pnp 00:04: [io  0xfe00]
[    0.199150] pnp 00:04: [io  0x0400-0x047f]
[    0.199186] pnp 00:04: disabling [io  0x002e-0x002f] because it 
overlaps 0000:09:00.0 BAR 2 [io  0x0000-0x007f]
[    0.199189] pnp 00:04: disabling [io  0x0061] because it overlaps 
0000:09:00.0 BAR 2 [io  0x0000-0x007f]
[    0.199193] pnp 00:04: disabling [io  0x0063] because it overlaps 
0000:09:00.0 BAR 2 [io  0x0000-0x007f]
[    0.199196] pnp 00:04: disabling [io  0x0065] because it overlaps 
0000:09:00.0 BAR 2 [io  0x0000-0x007f]
[    0.199199] pnp 00:04: disabling [io  0x0067] because it overlaps 
0000:09:00.0 BAR 2 [io  0x0000-0x007f]
[    0.199202] pnp 00:04: disabling [io  0x0068-0x006f] because it 
overlaps 0000:09:00.0 BAR 2 [io  0x0000-0x007f]
[    0.199205] pnp 00:04: disabling [io  0x0070] because it overlaps 
0000:09:00.0 BAR 2 [io  0x0000-0x007f]
[    0.199235] pnp 00:04: Plug and Play ACPI device, IDs PNP0c02 (active)
[    0.199248] pnp 00:05: [io  0x0070-0x0077]
[    0.199253] pnp 00:05: [irq 8]
[    0.199284] pnp 00:05: Plug and Play ACPI device, IDs PNP0b00 (active)
[    0.199946] pnp 00:06: [io  0x0060]
[    0.199948] pnp 00:06: [io  0x0064]
[    0.199954] pnp 00:06: [irq 1]
[    0.199985] pnp 00:06: Plug and Play ACPI device, IDs PNP0303 (active)
[    0.200000] pnp 00:07: [irq 12]
[    0.200033] pnp 00:07: Plug and Play ACPI device, IDs SYN1b20 SYN1b00 
SYN0002 PNP0f13 (active)
[    0.200235] pnp 00:08: [mem 0xfed1c000-0xfed1ffff]
[    0.200238] pnp 00:08: [mem 0xfed10000-0xfed13fff]
[    0.200240] pnp 00:08: [mem 0xfed18000-0xfed18fff]
[    0.200242] pnp 00:08: [mem 0xfed19000-0xfed19fff]
[    0.200244] pnp 00:08: [mem 0xe0000000-0xefffffff]
[    0.200246] pnp 00:08: [mem 0xfed20000-0xfed3ffff]
[    0.200249] pnp 00:08: [mem 0xfed45000-0xfed8ffff]
[    0.200308] pnp 00:08: Plug and Play ACPI device, IDs PNP0c02 (active)
[    0.200662] pnp: PnP ACPI: found 9 devices
[    0.200664] ACPI: ACPI bus type pnp unregistered
[    0.200677] system 00:02: [mem 0xfed00000-0xfed003ff] has been reserved
[    0.200684] system 00:04: [io  0x0680-0x069f] has been reserved
[    0.200686] system 00:04: [io  0x0480-0x048f] has been reserved
[    0.200689] system 00:04: [io  0xffff] has been reserved
[    0.200692] system 00:04: [io  0xffff] has been reserved
[    0.200695] system 00:04: [io  0x1000-0x107f] has been reserved
[    0.200698] system 00:04: [io  0x1180-0x11ff] has been reserved
[    0.200701] system 00:04: [io  0x164e-0x164f] has been reserved
[    0.200704] system 00:04: [io  0xfe00] has been reserved
[    0.200706] system 00:04: [io  0x0400-0x047f] has been reserved
[    0.200713] system 00:08: [mem 0xfed1c000-0xfed1ffff] has been reserved
[    0.200716] system 00:08: [mem 0xfed10000-0xfed13fff] has been reserved
[    0.200719] system 00:08: [mem 0xfed18000-0xfed18fff] has been reserved
[    0.200723] system 00:08: [mem 0xfed19000-0xfed19fff] has been reserved
[    0.200726] system 00:08: [mem 0xe0000000-0xefffffff] has been reserved
[    0.200729] system 00:08: [mem 0xfed20000-0xfed3ffff] has been reserved
[    0.200732] system 00:08: [mem 0xfed45000-0xfed8ffff] has been reserved
[    0.237147] pci 0000:00:1c.0: BAR 14: assigned [mem 
0x80000000-0x801fffff]
[    0.237152] pci 0000:00:1c.0: BAR 15: assigned [mem 
0x80200000-0x803fffff 64bit pref]
[    0.237155] pci 0000:00:1c.3: BAR 14: assigned [mem 
0x80400000-0x805fffff]
[    0.237159] pci 0000:00:1c.3: BAR 15: assigned [mem 
0x80600000-0x807fffff 64bit pref]
[    0.237162] pci 0000:00:1c.5: BAR 14: assigned [mem 
0x80800000-0x809fffff]
[    0.237165] pci 0000:00:1c.5: BAR 15: assigned [mem 
0x80a00000-0x80bfffff 64bit pref]
[    0.237169] pci 0000:00:1c.0: BAR 13: assigned [io  0x2000-0x2fff]
[    0.237172] pci 0000:00:1c.3: BAR 13: assigned [io  0x3000-0x3fff]
[    0.237175] pci 0000:00:1c.5: BAR 13: assigned [io  0x4000-0x4fff]
[    0.237178] pci 0000:00:1f.3: BAR 0: assigned [mem 
0x80c00000-0x80c000ff 64bit]
[    0.237187] pci 0000:00:1f.3: BAR 0: set to [mem 
0x80c00000-0x80c000ff 64bit] (PCI address [0x80c00000-0x80c000ff]
[    0.237190] pci 0000:00:1c.0: PCI bridge to [bus 02-04]
[    0.237194] pci 0000:00:1c.0:   bridge window [io  0x2000-0x2fff]
[    0.237201] pci 0000:00:1c.0:   bridge window [mem 0x80000000-0x801fffff]
[    0.237206] pci 0000:00:1c.0:   bridge window [mem 
0x80200000-0x803fffff 64bit pref]
[    0.237215] pci 0000:07:00.0: BAR 0: assigned [mem 
0x80400000-0x8040ffff 64bit]
[    0.237226] pci 0000:07:00.0: BAR 0: set to [mem 
0x80400000-0x8040ffff 64bit] (PCI address [0x80400000-0x8040ffff]
[    0.237229] pci 0000:00:1c.3: PCI bridge to [bus 07-07]
[    0.237233] pci 0000:00:1c.3:   bridge window [io  0x3000-0x3fff]
[    0.237239] pci 0000:00:1c.3:   bridge window [mem 0x80400000-0x805fffff]
[    0.237245] pci 0000:00:1c.3:   bridge window [mem 
0x80600000-0x807fffff 64bit pref]
[    0.237254] pci 0000:09:00.0: BAR 0: assigned [mem 
0x80800000-0x8083ffff 64bit]
[    0.237265] pci 0000:09:00.0: BAR 0: set to [mem 
0x80800000-0x8083ffff 64bit] (PCI address [0x80800000-0x8083ffff]
[    0.237268] pci 0000:09:00.0: BAR 2: assigned [io  0x4000-0x407f]
[    0.237275] pci 0000:09:00.0: BAR 2: set to [io  0x4000-0x407f] (PCI 
address [0x4000-0x407f]
[    0.237277] pci 0000:00:1c.5: PCI bridge to [bus 09-09]
[    0.237281] pci 0000:00:1c.5:   bridge window [io  0x4000-0x4fff]
[    0.237288] pci 0000:00:1c.5:   bridge window [mem 0x80800000-0x809fffff]
[    0.237293] pci 0000:00:1c.5:   bridge window [mem 
0x80a00000-0x80bfffff 64bit pref]
[    0.237301] pci 0000:00:1e.0: PCI bridge to [bus 0a-0a]
[    0.237303] pci 0000:00:1e.0:   bridge window [io  disabled]
[    0.237309] pci 0000:00:1e.0:   bridge window [mem disabled]
[    0.237314] pci 0000:00:1e.0:   bridge window [mem pref disabled]
[    0.237329] pci 0000:00:1c.0: enabling device (0000 -&gt; 0003)
[    0.237339] pci 0000:00:1c.0: PCI INT A -&gt; GSI 17 (level, low) -&gt; IRQ 17
[    0.237346] pci 0000:00:1c.0: setting latency timer to 64
[    0.237356] pci 0000:00:1c.3: enabling device (0000 -&gt; 0003)
[    0.237362] pci 0000:00:1c.3: PCI INT D -&gt; GSI 19 (level, low) -&gt; IRQ 19
[    0.237368] pci 0000:00:1c.3: setting latency timer to 64
[    0.237378] pci 0000:00:1c.5: enabling device (0000 -&gt; 0003)
[    0.237383] pci 0000:00:1c.5: PCI INT B -&gt; GSI 16 (level, low) -&gt; IRQ 16
[    0.237389] pci 0000:00:1c.5: setting latency timer to 64
[    0.237398] pci 0000:00:1e.0: setting latency timer to 64
[    0.237402] pci_bus 0000:00: resource 0 [io  0x0000-0xffff]
[    0.237405] pci_bus 0000:00: resource 1 [mem 0x00000000-0xffffffff]
[    0.237407] pci_bus 0000:02: resource 0 [io  0x2000-0x2fff]
[    0.237409] pci_bus 0000:02: resource 1 [mem 0x80000000-0x801fffff]
[    0.237412] pci_bus 0000:02: resource 2 [mem 0x80200000-0x803fffff 
64bit pref]
[    0.237414] pci_bus 0000:07: resource 0 [io  0x3000-0x3fff]
[    0.237417] pci_bus 0000:07: resource 1 [mem 0x80400000-0x805fffff]
[    0.237419] pci_bus 0000:07: resource 2 [mem 0x80600000-0x807fffff 
64bit pref]
[    0.237422] pci_bus 0000:09: resource 0 [io  0x4000-0x4fff]
[    0.237424] pci_bus 0000:09: resource 1 [mem 0x80800000-0x809fffff]
[    0.237427] pci_bus 0000:09: resource 2 [mem 0x80a00000-0x80bfffff 
64bit pref]
[    0.237429] pci_bus 0000:0a: resource 4 [io  0x0000-0xffff]
[    0.237432] pci_bus 0000:0a: resource 5 [mem 0x00000000-0xffffffff]
[    0.237458] NET: Registered protocol family 2
[    0.237492] IP route cache hash table entries: 32768 (order: 5, 
131072 bytes)
[    0.237616] TCP established hash table entries: 131072 (order: 8, 
1048576 bytes)
[    0.238071] TCP bind hash table entries: 65536 (order: 7, 524288 bytes)
[    0.238325] TCP: Hash tables configured (established 131072 bind 65536)
[    0.238328] TCP reno registered
[    0.238332] UDP hash table entries: 512 (order: 2, 16384 bytes)
[    0.238343] UDP-Lite hash table entries: 512 (order: 2, 16384 bytes)
[    0.238461] NET: Registered protocol family 1
[    0.238479] pci 0000:00:02.0: Boot video device
[    0.238668] PCI: CLS 64 bytes, default 64
[    0.238737] Trying to unpack rootfs image as initramfs...
[    0.593744] Freeing initrd memory: 12296k freed
[    0.600322] Simple Boot Flag at 0x36 set to 0x1
[    0.600686] apm: BIOS not found.
[    0.600853] audit: initializing netlink socket (disabled)
[    0.600868] type=2000 audit(1303915207.599:1): initialized
[    0.613878] highmem bounce pool size: 64 pages
[    0.613883] HugeTLB registered 4 MB page size, pre-allocated 0 pages
[    0.615407] VFS: Disk quotas dquot_6.5.2
[    0.615459] Dquot-cache hash table entries: 1024 (order 0, 4096 bytes)
[    0.615968] msgmni has been set to 1690
[    0.616029] SELinux:  Registering netfilter hooks
[    0.616325] alg: No test for stdrng (krng)
[    0.616383] Block layer SCSI generic (bsg) driver version 0.4 loaded 
(major 253)
[    0.616386] io scheduler noop registered
[    0.616388] io scheduler deadline registered
[    0.616402] io scheduler cfq registered (default)
[    0.616586] pcieport 0000:00:1c.0: setting latency timer to 64
[    0.616643] pcieport 0000:00:1c.0: irq 40 for MSI/MSI-X
[    0.616753] pcieport 0000:00:1c.3: setting latency timer to 64
[    0.616814] pcieport 0000:00:1c.3: irq 41 for MSI/MSI-X
[    0.616922] pcieport 0000:00:1c.5: setting latency timer to 64
[    0.616973] pcieport 0000:00:1c.5: irq 42 for MSI/MSI-X
[    0.617092] pci_hotplug: PCI Hot Plug PCI Core version: 0.5
[    0.617220] pciehp: PCI Express Hot Plug Controller Driver version: 0.4
[    0.617222] acpiphp: ACPI Hot Plug PCI Controller Driver version: 0.5
[    0.617645] intel_idle: MWAIT substates: 0x2220
[    0.617647] intel_idle: does not run on family 6 model 23
[    0.618896] ACPI: AC Adapter [ACAD] (on-line)
[    0.618980] input: Lid Switch as 
/devices/LNXSYSTM:00/LNXSYBUS:00/PNP0C0D:00/input/input0
[    0.619054] ACPI: Lid Switch [LID]
[    0.619101] input: Power Button as 
/devices/LNXSYSTM:00/LNXSYBUS:00/PNP0C0C:00/input/input1
[    0.619105] ACPI: Power Button [PWRB]
[    0.619151] input: Sleep Button as 
/devices/LNXSYSTM:00/LNXSYBUS:00/PNP0C0E:00/input/input2
[    0.619154] ACPI: Sleep Button [SLPB]
[    0.619213] input: Power Button as 
/devices/LNXSYSTM:00/LNXPWRBN:00/input/input3
[    0.619217] ACPI: Power Button [PWRF]
[    0.619574] ACPI: acpi_idle registered with cpuidle
[    0.622174] Monitor-Mwait will be used to enter C-1 state
[    0.622197] Monitor-Mwait will be used to enter C-2 state
[    0.622218] Monitor-Mwait will be used to enter C-3 state
[    0.622223] Marking TSC unstable due to TSC halts in idle
[    0.622270] Switching to clocksource hpet
[    0.633073] thermal LNXTHERM:01: registered as thermal_zone0
[    0.633081] ACPI: Thermal Zone [THRM] (37 C)
[    0.633094] ERST: Table is not found!
[    0.633107] isapnp: Scanning for PnP cards...
[    0.635075] ACPI: Battery Slot [BAT1] (battery absent)
[    0.990291] isapnp: No Plug &amp; Play device found
[    0.990633] Non-volatile memory driver v1.3
[    0.990635] Linux agpgart interface v0.103
[    0.990777] agpgart-intel 0000:00:00.0: Intel GM45 Chipset
[    0.991802] agpgart-intel 0000:00:00.0: detected 65532K stolen 
memory, trimming to 32768K
[    1.018244] agpgart-intel 0000:00:00.0: AGP aperture is 256M @ 0xd0000000
[    1.018341] Serial: 8250/16550 driver, 4 ports, IRQ sharing enabled
[    1.019939] brd: module loaded
[    1.020559] loop: module loaded
[    1.020645] ahci 0000:00:1f.2: version 3.0
[    1.020662] ahci 0000:00:1f.2: PCI INT B -&gt; GSI 19 (level, low) -&gt; IRQ 19
[    1.020710] ahci 0000:00:1f.2: irq 43 for MSI/MSI-X
[    1.020797] ahci 0000:00:1f.2: AHCI 0001.0200 32 slots 4 ports 3 Gbps 
0x33 impl SATA mode
[    1.020802] ahci 0000:00:1f.2: flags: 64bit ncq sntf pm led clo pmp 
pio slum part ccc sxs
[    1.020807] ahci 0000:00:1f.2: setting latency timer to 64
[    1.021116] scsi0 : ahci
[    1.021233] scsi1 : ahci
[    1.021311] scsi2 : ahci
[    1.021389] scsi3 : ahci
[    1.021467] scsi4 : ahci
[    1.021546] scsi5 : ahci
[    1.021754] ata1: SATA max UDMA/133 abar <A HREF="https://lists.berlios.de/mailman/listinfo/linux-uvc-devel">m2048 at 0xf0904000</A> port 
0xf0904100 irq 43
[    1.021758] ata2: SATA max UDMA/133 abar <A HREF="https://lists.berlios.de/mailman/listinfo/linux-uvc-devel">m2048 at 0xf0904000</A> port 
0xf0904180 irq 43
[    1.021760] ata3: DUMMY
[    1.021762] ata4: DUMMY
[    1.021765] ata5: SATA max UDMA/133 abar <A HREF="https://lists.berlios.de/mailman/listinfo/linux-uvc-devel">m2048 at 0xf0904000</A> port 
0xf0904300 irq 43
[    1.021769] ata6: SATA max UDMA/133 abar <A HREF="https://lists.berlios.de/mailman/listinfo/linux-uvc-devel">m2048 at 0xf0904000</A> port 
0xf0904380 irq 43
[    1.021878] Fixed MDIO Bus: probed
[    1.021968] ehci_hcd: USB 2.0 'Enhanced' Host Controller (EHCI) Driver
[    1.021995] ehci_hcd 0000:00:1a.7: PCI INT C -&gt; GSI 19 (level, low) 
-&gt; IRQ 19
[    1.022030] ehci_hcd 0000:00:1a.7: setting latency timer to 64
[    1.022033] ehci_hcd 0000:00:1a.7: EHCI Host Controller
[    1.022090] ehci_hcd 0000:00:1a.7: new USB bus registered, assigned 
bus number 1
[    1.022127] ehci_hcd 0000:00:1a.7: debug port 1
[    1.025997] ehci_hcd 0000:00:1a.7: cache line size of 64 is not supported
[    1.026023] ehci_hcd 0000:00:1a.7: irq 19, io mem 0xf0904800
[    1.035020] ehci_hcd 0000:00:1a.7: USB 2.0 started, EHCI 1.00
[    1.035045] usb usb1: New USB device found, idVendor=1d6b, idProduct=0002
[    1.035048] usb usb1: New USB device strings: Mfr=3, Product=2, 
SerialNumber=1
[    1.035050] usb usb1: Product: EHCI Host Controller
[    1.035052] usb usb1: Manufacturer: Linux 2.6.35.12-88.fc14.i686 ehci_hcd
[    1.035054] usb usb1: SerialNumber: 0000:00:1a.7
[    1.035170] hub 1-0:1.0: USB hub found
[    1.035174] hub 1-0:1.0: 4 ports detected
[    1.035258] ehci_hcd 0000:00:1d.7: PCI INT A -&gt; GSI 23 (level, low) 
-&gt; IRQ 23
[    1.035273] ehci_hcd 0000:00:1d.7: setting latency timer to 64
[    1.035276] ehci_hcd 0000:00:1d.7: EHCI Host Controller
[    1.035316] ehci_hcd 0000:00:1d.7: new USB bus registered, assigned 
bus number 2
[    1.035350] ehci_hcd 0000:00:1d.7: debug port 1
[    1.039243] ehci_hcd 0000:00:1d.7: cache line size of 64 is not supported
[    1.039261] ehci_hcd 0000:00:1d.7: irq 23, io mem 0xf0904c00
[    1.049019] ehci_hcd 0000:00:1d.7: USB 2.0 started, EHCI 1.00
[    1.049036] usb usb2: New USB device found, idVendor=1d6b, idProduct=0002
[    1.049038] usb usb2: New USB device strings: Mfr=3, Product=2, 
SerialNumber=1
[    1.049041] usb usb2: Product: EHCI Host Controller
[    1.049043] usb usb2: Manufacturer: Linux 2.6.35.12-88.fc14.i686 ehci_hcd
[    1.049045] usb usb2: SerialNumber: 0000:00:1d.7
[    1.049146] hub 2-0:1.0: USB hub found
[    1.049150] hub 2-0:1.0: 8 ports detected
[    1.049235] ohci_hcd: USB 1.1 'Open' Host Controller (OHCI) Driver
[    1.049251] uhci_hcd: USB Universal Host Controller Interface driver
[    1.049279] uhci_hcd 0000:00:1a.0: PCI INT A -&gt; GSI 16 (level, low) 
-&gt; IRQ 16
[    1.049286] uhci_hcd 0000:00:1a.0: setting latency timer to 64
[    1.049289] uhci_hcd 0000:00:1a.0: UHCI Host Controller
[    1.049334] uhci_hcd 0000:00:1a.0: new USB bus registered, assigned 
bus number 3
[    1.049372] uhci_hcd 0000:00:1a.0: irq 16, io base 0x00001820
[    1.049405] usb usb3: New USB device found, idVendor=1d6b, idProduct=0001
[    1.049408] usb usb3: New USB device strings: Mfr=3, Product=2, 
SerialNumber=1
[    1.049410] usb usb3: Product: UHCI Host Controller
[    1.049412] usb usb3: Manufacturer: Linux 2.6.35.12-88.fc14.i686 uhci_hcd
[    1.049414] usb usb3: SerialNumber: 0000:00:1a.0
[    1.049515] hub 3-0:1.0: USB hub found
[    1.049521] hub 3-0:1.0: 2 ports detected
[    1.049590] uhci_hcd 0000:00:1a.1: PCI INT B -&gt; GSI 21 (level, low) 
-&gt; IRQ 21
[    1.049597] uhci_hcd 0000:00:1a.1: setting latency timer to 64
[    1.049600] uhci_hcd 0000:00:1a.1: UHCI Host Controller
[    1.049644] uhci_hcd 0000:00:1a.1: new USB bus registered, assigned 
bus number 4
[    1.049679] uhci_hcd 0000:00:1a.1: irq 21, io base 0x00001840
[    1.049712] usb usb4: New USB device found, idVendor=1d6b, idProduct=0001
[    1.049714] usb usb4: New USB device strings: Mfr=3, Product=2, 
SerialNumber=1
[    1.049717] usb usb4: Product: UHCI Host Controller
[    1.049719] usb usb4: Manufacturer: Linux 2.6.35.12-88.fc14.i686 uhci_hcd
[    1.049721] usb usb4: SerialNumber: 0000:00:1a.1
[    1.049814] hub 4-0:1.0: USB hub found
[    1.049818] hub 4-0:1.0: 2 ports detected
[    1.049887] uhci_hcd 0000:00:1d.0: PCI INT A -&gt; GSI 23 (level, low) 
-&gt; IRQ 23
[    1.049894] uhci_hcd 0000:00:1d.0: setting latency timer to 64
[    1.049897] uhci_hcd 0000:00:1d.0: UHCI Host Controller
[    1.049935] uhci_hcd 0000:00:1d.0: new USB bus registered, assigned 
bus number 5
[    1.049962] uhci_hcd 0000:00:1d.0: irq 23, io base 0x00001860
[    1.049996] usb usb5: New USB device found, idVendor=1d6b, idProduct=0001
[    1.049999] usb usb5: New USB device strings: Mfr=3, Product=2, 
SerialNumber=1
[    1.050018] usb usb5: Product: UHCI Host Controller
[    1.050020] usb usb5: Manufacturer: Linux 2.6.35.12-88.fc14.i686 uhci_hcd
[    1.050022] usb usb5: SerialNumber: 0000:00:1d.0
[    1.050122] hub 5-0:1.0: USB hub found
[    1.050126] hub 5-0:1.0: 2 ports detected
[    1.050193] uhci_hcd 0000:00:1d.1: PCI INT B -&gt; GSI 19 (level, low) 
-&gt; IRQ 19
[    1.050199] uhci_hcd 0000:00:1d.1: setting latency timer to 64
[    1.050202] uhci_hcd 0000:00:1d.1: UHCI Host Controller
[    1.050243] uhci_hcd 0000:00:1d.1: new USB bus registered, assigned 
bus number 6
[    1.050271] uhci_hcd 0000:00:1d.1: irq 19, io base 0x00001880
[    1.050304] usb usb6: New USB device found, idVendor=1d6b, idProduct=0001
[    1.050306] usb usb6: New USB device strings: Mfr=3, Product=2, 
SerialNumber=1
[    1.050309] usb usb6: Product: UHCI Host Controller
[    1.050311] usb usb6: Manufacturer: Linux 2.6.35.12-88.fc14.i686 uhci_hcd
[    1.050313] usb usb6: SerialNumber: 0000:00:1d.1
[    1.050410] hub 6-0:1.0: USB hub found
[    1.050414] hub 6-0:1.0: 2 ports detected
[    1.050485] uhci_hcd 0000:00:1d.2: PCI INT C -&gt; GSI 18 (level, low) 
-&gt; IRQ 18
[    1.050492] uhci_hcd 0000:00:1d.2: setting latency timer to 64
[    1.050495] uhci_hcd 0000:00:1d.2: UHCI Host Controller
[    1.050533] uhci_hcd 0000:00:1d.2: new USB bus registered, assigned 
bus number 7
[    1.050569] uhci_hcd 0000:00:1d.2: irq 18, io base 0x000018a0
[    1.050601] usb usb7: New USB device found, idVendor=1d6b, idProduct=0001
[    1.050604] usb usb7: New USB device strings: Mfr=3, Product=2, 
SerialNumber=1
[    1.050606] usb usb7: Product: UHCI Host Controller
[    1.050608] usb usb7: Manufacturer: Linux 2.6.35.12-88.fc14.i686 uhci_hcd
[    1.050610] usb usb7: SerialNumber: 0000:00:1d.2
[    1.050705] hub 7-0:1.0: USB hub found
[    1.050709] hub 7-0:1.0: 2 ports detected
[    1.050775] uhci_hcd 0000:00:1d.3: PCI INT D -&gt; GSI 16 (level, low) 
-&gt; IRQ 16
[    1.050782] uhci_hcd 0000:00:1d.3: setting latency timer to 64
[    1.050786] uhci_hcd 0000:00:1d.3: UHCI Host Controller
[    1.050826] uhci_hcd 0000:00:1d.3: new USB bus registered, assigned 
bus number 8
[    1.050854] uhci_hcd 0000:00:1d.3: irq 16, io base 0x000018c0
[    1.050889] usb usb8: New USB device found, idVendor=1d6b, idProduct=0001
[    1.050892] usb usb8: New USB device strings: Mfr=3, Product=2, 
SerialNumber=1
[    1.050894] usb usb8: Product: UHCI Host Controller
[    1.050896] usb usb8: Manufacturer: Linux 2.6.35.12-88.fc14.i686 uhci_hcd
[    1.050898] usb usb8: SerialNumber: 0000:00:1d.3
[    1.050990] hub 8-0:1.0: USB hub found
[    1.050994] hub 8-0:1.0: 2 ports detected
[    1.051139] PNP: PS/2 Controller [PNP0303:PS2K,PNP0f13:PS2M] at 
0x60,0x64 irq 1,12
[    1.058323] i8042.c: Detected active multiplexing controller, rev 1.1.
[    1.062144] serio: i8042 KBD port at 0x60,0x64 irq 1
[    1.062152] serio: i8042 AUX0 port at 0x60,0x64 irq 12
[    1.062155] serio: i8042 AUX1 port at 0x60,0x64 irq 12
[    1.062159] serio: i8042 AUX2 port at 0x60,0x64 irq 12
[    1.062162] serio: i8042 AUX3 port at 0x60,0x64 irq 12
[    1.062218] mice: PS/2 mouse device common for all mice
[    1.062454] rtc_cmos 00:05: RTC can wake from S4
[    1.062507] rtc_cmos 00:05: rtc core: registered rtc_cmos as rtc0
[    1.062540] rtc0: alarms up to one month, y3k, 242 bytes nvram, hpet irqs
[    1.062649] device-mapper: uevent: version 1.0.3
[    1.062771] device-mapper: ioctl: 4.19.1-ioctl (2010-10-12) 
initialised: <A HREF="https://lists.berlios.de/mailman/listinfo/linux-uvc-devel">dm-devel at redhat.com</A>
[    1.062937] cpuidle: using governor ladder
[    1.063051] cpuidle: using governor menu
[    1.063292] usbcore: registered new interface driver hiddev
[    1.063307] usbcore: registered new interface driver usbhid
[    1.063309] usbhid: USB HID core driver
[    1.063333] nf_conntrack version 0.5.0 (16384 buckets, 65536 max)
[    1.063459] CONFIG_NF_CT_ACCT is deprecated and will be removed soon. 
Please use
[    1.063461] nf_conntrack.acct=1 kernel parameter, acct=1 nf_conntrack 
module option or
[    1.063463] sysctl net.netfilter.nf_conntrack_acct=1 to enable it.
[    1.063543] ip_tables: (C) 2000-2006 Netfilter Core Team
[    1.063557] TCP cubic registered
[    1.063558] Initializing XFRM netlink socket
[    1.063568] NET: Registered protocol family 17
[    1.063603] Using IPI No-Shortcut mode
[    1.063697] PM: Resume from disk failed.
[    1.063711] registered taskstats version 1
[    1.064059]   Magic number: 7:633:688
[    1.064159] rtc_cmos 00:05: setting system clock to 2011-04-27 
14:40:08 UTC (1303915208)
[    1.064240] Initalizing network drop monitor service
[    1.087658] input: AT Translated Set 2 keyboard as 
/devices/platform/i8042/serio0/input/input4
[    1.328069] ata5: SATA link down (SStatus 0 SControl 300)
[    1.328091] ata6: SATA link down (SStatus 0 SControl 300)
[    1.351082] usb 2-8: new high speed USB device using ehci_hcd and 
address 2
[    1.481053] ata1: SATA link up 3.0 Gbps (SStatus 123 SControl 300)
[    1.481078] ata2: SATA link up 1.5 Gbps (SStatus 113 SControl 300)
[    1.500705] ata2.00: ATAPI: TSSTcorp CDDVDW TS-L633C, AC01, max UDMA/100
[    1.500729] ata2.00: applying bridge limits
[    1.502832] usb 2-8: New USB device found, idVendor=04f2, idProduct=b044
[    1.502837] usb 2-8: New USB device strings: Mfr=2, Product=1, 
SerialNumber=3
[    1.502841] usb 2-8: Product: CNF7017
[    1.502845] usb 2-8: Manufacturer: Chicony Electronics Co., Ltd.
[    1.502848] usb 2-8: SerialNumber: SN0001
[    1.517740] ata2.00: configured for UDMA/100
[    1.853280] Synaptics Touchpad, model: 1, fw: 7.2, id: 0x1c0b1, caps: 
0xd04731/0xa44000/0xa0000
[    1.881103] ata1.00: unexpected _GTF length (8)
[    1.894859] ata1.00: ATA-8: TOSHIBA MK2555GSX, FG001J, max UDMA/100
[    1.894862] ata1.00: 488397168 sectors, multi 16: LBA48 NCQ (depth 
31/32), AA
[    1.899341] input: SynPS/2 Synaptics TouchPad as 
/devices/platform/i8042/serio2/input/input5
[    2.295099] ata1.00: unexpected _GTF length (8)
[    2.295247] ata1.00: configured for UDMA/100
[    2.306235] scsi 0:0:0:0: Direct-Access     ATA      TOSHIBA MK2555GS 
FG00 PQ: 0 ANSI: 5
[    2.306406] sd 0:0:0:0: Attached scsi generic sg0 type 0
[    2.306415] sd 0:0:0:0: [sda] 488397168 512-byte logical blocks: (250 
GB/232 GiB)
[    2.306480] sd 0:0:0:0: [sda] Write Protect is off
[    2.306483] sd 0:0:0:0: [sda] Mode Sense: 00 3a 00 00
[    2.306509] sd 0:0:0:0: [sda] Write cache: enabled, read cache: 
enabled, doesn't support DPO or FUA
[    2.306688]  sda:
[    2.311309] scsi 1:0:0:0: CD-ROM            TSSTcorp CDDVDW TS-L633C  
AC01 PQ: 0 ANSI: 5
[    2.321146] sr0: scsi3-mmc drive: 24x/24x writer dvd-ram cd/rw 
xa/form2 cdda tray
[    2.321149] Uniform CD-ROM driver Revision: 3.20
[    2.321246] sr 1:0:0:0: Attached scsi CD-ROM sr0
[    2.321317] sr 1:0:0:0: Attached scsi generic sg1 type 5
[    2.337439]  sda1 sda2 sda3 sda4
[    2.351690] sd 0:0:0:0: [sda] Attached SCSI disk
[    2.351718] Freeing unused kernel memory: 544k freed
[    2.352014] Write protecting the kernel text: 3772k
[    2.352088] Write protecting the kernel read-only data: 1836k
[    2.367582] dracut: dracut-006-6.fc14
[    2.373902] dracut: rd_NO_LUKS: removing cryptoluks activation
[    2.375117] dracut: rd_NO_LVM: removing LVM activation
[    2.382913] udev[93]: starting version 161
[    2.447167] [drm] Initialized drm 1.1.0 20060810
[    2.470274] i915 0000:00:02.0: PCI INT A -&gt; GSI 16 (level, low) -&gt; IRQ 16
[    2.470281] i915 0000:00:02.0: setting latency timer to 64
[    2.511412] [drm] detected 63M stolen memory, trimming to 32M
[    2.511541] i915 0000:00:02.0: irq 44 for MSI/MSI-X
[    2.511555] [drm] set up 32M of stolen space
[    2.511738] [drm:init_ring_common] *ERROR* render ring head not reset 
to zero ctl 00000000 head 02001000 tail 00000000 start 02001000
[    2.511805] [drm:init_ring_common] *ERROR* render ring head forced to 
zero ctl 00000000 head 00000000 tail 00000000 start 02001000
[    3.129839] fbcon: inteldrmfb (fb0) is primary device
[    3.399670] Console: switching to colour frame buffer device 170x48
[    3.404202] fb0: inteldrmfb frame buffer device
[    3.404203] drm: registered panic notifier
[    3.404208] Slow work thread pool: Starting up
[    3.404303] Slow work thread pool: Ready
[    3.415266] acpi device:01: registered as cooling_device2
[    3.415783] input: Video Bus as 
/devices/LNXSYSTM:00/LNXSYBUS:00/PNP0A08:00/LNXVIDEO:00/input/input6
[    3.415852] ACPI: Video Device [GFX0] (multi-head: yes  rom: no  
post: no)
[    3.415884] [drm] Initialized i915 1.6.0 20080730 for 0000:00:02.0 on 
minor 0
[    3.465527] dracut: Starting plymouth daemon
[    3.706747] dracut: rd_NO_DM: removing DM RAID activation
[    3.710607] dracut: rd_NO_MD: removing MD RAID activation
[    4.327536] EXT4-fs (sda2): mounted filesystem with ordered data 
mode. Opts: (null)
[    4.384592] dracut: Mounted root filesystem /dev/sda2
[    4.492673] dracut: Loading SELinux policy
[    4.912116] SELinux: 2048 avtab hash slots, 215688 rules.
[    4.996698] SELinux: 2048 avtab hash slots, 215688 rules.
[    5.401208] SELinux:  9 users, 14 roles, 3521 types, 184 bools, 1 
sens, 1024 cats
[    5.401215] SELinux:  81 classes, 215688 rules
[    5.407050] SELinux:  Completing initialization.
[    5.407053] SELinux:  Setting up existing superblocks.
[    5.407064] SELinux: initialized (dev sysfs, type sysfs), uses 
genfs_contexts
[    5.407072] SELinux: initialized (dev rootfs, type rootfs), uses 
genfs_contexts
[    5.407724] SELinux: initialized (dev bdev, type bdev), uses 
genfs_contexts
[    5.407732] SELinux: initialized (dev proc, type proc), uses 
genfs_contexts
[    5.407743] SELinux: initialized (dev tmpfs, type tmpfs), uses 
transition SIDs
[    5.407773] SELinux: initialized (dev devtmpfs, type devtmpfs), uses 
transition SIDs
[    5.408779] SELinux: initialized (dev sockfs, type sockfs), uses task 
SIDs
[    5.408785] SELinux: initialized (dev debugfs, type debugfs), uses 
genfs_contexts
[    5.410660] SELinux: initialized (dev pipefs, type pipefs), uses task 
SIDs
[    5.410670] SELinux: initialized (dev anon_inodefs, type 
anon_inodefs), uses genfs_contexts
[    5.410675] SELinux: initialized (dev devpts, type devpts), uses 
transition SIDs
[    5.410709] SELinux: initialized (dev hugetlbfs, type hugetlbfs), 
uses transition SIDs
[    5.410717] SELinux: initialized (dev mqueue, type mqueue), uses 
transition SIDs
[    5.410729] SELinux: initialized (dev selinuxfs, type selinuxfs), 
uses genfs_contexts
[    5.410757] SELinux: initialized (dev usbfs, type usbfs), uses 
genfs_contexts
[    5.410772] SELinux: initialized (dev sysfs, type sysfs), uses 
genfs_contexts
[    5.411636] SELinux: initialized (dev tmpfs, type tmpfs), uses 
transition SIDs
[    5.411654] SELinux: initialized (dev sda2, type ext4), uses xattr
[    5.414682] type=1403 audit(1303915212.849:2): policy loaded 
auid=4294967295 ses=4294967295
[    5.961058] dracut: Switching root
[    7.033351] readahead-collector: starting
[    8.510320] udev[439]: starting version 161
[    9.828438] microcode: CPU0 sig=0x1067a, pf=0x80, revision=0xa07
[    9.828449] microcode: CPU1 sig=0x1067a, pf=0x80, revision=0xa07
[    9.828527] microcode: Microcode Update Driver: v2.00 
&lt;<A HREF="https://lists.berlios.de/mailman/listinfo/linux-uvc-devel">tigran at aivazian.fsnet.co.uk</A>&gt;, Peter Oruba
[    9.863409] i801_smbus 0000:00:1f.3: PCI INT C -&gt; GSI 19 (level, low) 
-&gt; IRQ 19
[    9.863417] ACPI: resource 0000:00:1f.3 [io  0x1c00-0x1c1f] conflicts 
with ACPI region SMBI [??? 0x00001c00-0x00001c0f flags 0x49]
[    9.863419] ACPI: If an ACPI driver is available for this device, you 
should use it instead of the native driver
[   10.199522] ACPI: WMI: Mapper loaded
[   10.217082] Linux media interface: v0.10
[   10.239717] iTCO_vendor_support: vendor-support=0
[   10.265426] cfg80211: Calling CRDA to update world regulatory domain
[   10.337067] atl1c 0000:09:00.0: enabling device (0000 -&gt; 0002)
[   10.337078] atl1c 0000:09:00.0: PCI INT A -&gt; GSI 17 (level, low) -&gt; 
IRQ 17
[   10.337093] atl1c 0000:09:00.0: setting latency timer to 64
[   10.404375] atl1c 0000:09:00.0: version 1.0.0.2-NAPI
[   10.407221] iTCO_wdt: Intel TCO WatchDog Timer Driver v1.06
[   10.407334] iTCO_wdt: Found a ICH9M TCO device (Version=2, 
TCOBASE=0x0460)
[   10.407605] iTCO_wdt: initialized. heartbeat=30 sec (nowayout=0)
[   10.510005] microcode: CPU0 updated to revision 0xa0b, date = 2010-09-28
[   10.516843] microcode: CPU1 updated to revision 0xa0b, date = 2010-09-28
[   10.643231] Linux video capture interface: v2.00
[   10.643236] WARNING: You are using an experimental version of the 
media stack.
[   10.643237]     As the driver is backported to an older kernel, it 
doesn't offer
[   10.643238]     enough quality for its usage in production.
[   10.643239]     Use it with care.
[   10.643240] Latest git patches (needed if you report a bug to 
<A HREF="https://lists.berlios.de/mailman/listinfo/linux-uvc-devel">linux-media at vger.kernel.org</A>):
[   10.643241]     a4761a092fd3b6bf8b5f9cfe361670c86cdcc8ca [media] 
tm6000: fix vbuf may be used uninitialized
[   10.643243]     7f925a2e2dc3716a42389c6fb46053486159c08d [media] 
lirc_sasem: key debug spew off debug modparam
[   10.643244]     852a4e05768feddd08206f12cbb39d5c31678a6b [media] 
ttusb-budget: driver has a debug param, use it
[   10.849642] uvcvideo: Found UVC 1.00 device CNF7017 (04f2:b044)
[   10.905279] input: CNF7017 as 
/devices/pci0000:00/0000:00:1d.7/usb2/2-8/2-8:1.0/input/input7
[   10.905371] usbcore: registered new interface driver uvcvideo
[   10.905373] USB Video Class driver (v1.0.0)
[   11.426088] ath9k 0000:07:00.0: enabling device (0000 -&gt; 0002)
[   11.426098] ath9k 0000:07:00.0: PCI INT A -&gt; GSI 19 (level, low) -&gt; 
IRQ 19
[   11.426112] ath9k 0000:07:00.0: setting latency timer to 64
[   11.859716] audit: name_count maxed, losing inode data: dev=00:07, 
inode=11108
[   11.859722] audit: name_count maxed, losing inode data: dev=00:07, 
inode=11108
[   11.861225] ath: EEPROM regdomain: 0x65
[   11.861227] ath: EEPROM indicates we should expect a direct regpair map
[   11.861230] ath: Country alpha2 being used: 00
[   11.861232] ath: Regpair used: 0x65
[   11.861697] audit: name_count maxed, losing inode data: dev=00:07, 
inode=10906
[   11.861709] audit: name_count maxed, losing inode data: dev=00:07, 
inode=11119
[   11.861714] audit: name_count maxed, losing inode data: dev=00:07, 
inode=11119
[   11.861719] audit: name_count maxed, losing inode data: dev=00:07, 
inode=11119
[   11.861731] audit: name_count maxed, losing inode data: dev=00:07, 
inode=11119
[   11.861735] audit: name_count maxed, losing inode data: dev=00:07, 
inode=11119
[   11.861788] audit: name_count maxed, losing inode data: dev=00:07, 
inode=11119
[   11.861793] audit: name_count maxed, losing inode data: dev=00:07, 
inode=11119
[   11.861797] audit: name_count maxed, losing inode data: dev=00:07, 
inode=11119
[   11.861801] audit: name_count maxed, losing inode data: dev=00:07, 
inode=11119
[   11.861805] audit: name_count maxed, losing inode data: dev=00:07, 
inode=11119
[   11.861809] audit: name_count maxed, losing inode data: dev=00:07, 
inode=11119
[   11.861813] audit: name_count maxed, losing inode data: dev=00:07, 
inode=11119
[   11.861817] audit: name_count maxed, losing inode data: dev=00:07, 
inode=11119
[   11.861821] audit: name_count maxed, losing inode data: dev=00:07, 
inode=11119
[   11.861825] audit: name_count maxed, losing inode data: dev=00:07, 
inode=11119
[   11.861829] audit: name_count maxed, losing inode data: dev=00:07, 
inode=11119
[   11.861833] audit: name_count maxed, losing inode data: dev=00:07, 
inode=11119
[   11.861837] audit: name_count maxed, losing inode data: dev=00:07, 
inode=11119
[   11.861841] audit: name_count maxed, losing inode data: dev=00:07, 
inode=11137
[   11.861845] audit: name_count maxed, losing inode data: dev=00:07, 
inode=11137
[   11.861849] audit: name_count maxed, losing inode data: dev=00:07, 
inode=11137
[   11.861853] audit: name_count maxed, losing inode data: dev=00:07, 
inode=11137
[   11.861857] audit: name_count maxed, losing inode data: dev=00:07, 
inode=11137
[   11.861861] audit: name_count maxed, losing inode data: dev=00:07, 
inode=11137
[   11.861867] audit: name_count maxed, losing inode data: dev=00:07, 
inode=11137
[   11.861876] audit: name_count maxed, losing inode data: dev=00:07, 
inode=11137
[   11.861880] audit: name_count maxed, losing inode data: dev=00:07, 
inode=11137
[   11.861884] audit: name_count maxed, losing inode data: dev=00:07, 
inode=11137
[   11.861888] audit: name_count maxed, losing inode data: dev=00:07, 
inode=11137
[   11.861892] audit: name_count maxed, losing inode data: dev=00:07, 
inode=11137
[   11.861899] audit: name_count maxed, losing inode data: dev=00:07, 
inode=11137
[   12.017535] HDA Intel 0000:00:1b.0: PCI INT A -&gt; GSI 22 (level, low) 
-&gt; IRQ 22
[   12.017611] HDA Intel 0000:00:1b.0: irq 45 for MSI/MSI-X
[   12.017647] HDA Intel 0000:00:1b.0: setting latency timer to 64
[   12.073669] audit: name_count maxed, losing inode data: dev=00:07, 
inode=11119
[   12.073675] audit: name_count maxed, losing inode data: dev=00:07, 
inode=11172
[   12.073678] phy0: Selected rate control algorithm 'ath9k_rate_control'
[   12.073697] audit: name_count maxed, losing inode data: dev=00:07, 
inode=11119
[   12.073701] audit: name_count maxed, losing inode data: dev=00:07, 
inode=11174
[   12.073706] audit: name_count maxed, losing inode data: dev=00:07, 
inode=11174
[   12.073710] audit: name_count maxed, losing inode data: dev=00:07, 
inode=11174
[   12.073714] audit: name_count maxed, losing inode data: dev=00:07, 
inode=11174
[   12.073718] audit: name_count maxed, losing inode data: dev=00:07, 
inode=11174
[   12.073722] audit: name_count maxed, losing inode data: dev=00:07, 
inode=11174
[   12.073727] audit: name_count maxed, losing inode data: dev=00:07, 
inode=11174
[   12.073731] audit: name_count maxed, losing inode data: dev=00:07, 
inode=11174
[   12.073918] Registered led device: ath9k-phy0::radio
[   12.073937] Registered led device: ath9k-phy0::assoc
[   12.073956] Registered led device: ath9k-phy0::tx
[   12.073976] Registered led device: ath9k-phy0::rx
[   12.073983] phy0: Atheros AR9280 Rev:2 mem=0xf9320000, irq=19
[   12.088531] input: HDA Intel Mic as 
/devices/pci0000:00/0000:00:1b.0/sound/card0/input8
[   12.088737] input: HDA Intel Mic as 
/devices/pci0000:00/0000:00:1b.0/sound/card0/input9
[   12.088912] input: HDA Intel Headphone as 
/devices/pci0000:00/0000:00:1b.0/sound/card0/input10
[   12.089334] audit: name_count maxed, losing inode data: dev=00:05, 
inode=11200
[   12.089435] audit: name_count maxed, losing inode data: dev=00:05, 
inode=11003
[   12.089447] audit: name_count maxed, losing inode data: dev=00:05, 
inode=11003
[   12.193563] cfg80211: World regulatory domain updated:
[   12.193568]     (start_freq - end_freq @ bandwidth), 
(max_antenna_gain, max_eirp)
[   12.193571]     (2402000 KHz - 2472000 KHz @ 40000 KHz), (300 mBi, 
2000 mBm)
[   12.193574]     (2457000 KHz - 2482000 KHz @ 20000 KHz), (300 mBi, 
2000 mBm)
[   12.193577]     (2474000 KHz - 2494000 KHz @ 20000 KHz), (300 mBi, 
2000 mBm)
[   12.193579]     (5170000 KHz - 5250000 KHz @ 40000 KHz), (300 mBi, 
2000 mBm)
[   12.193582]     (5735000 KHz - 5835000 KHz @ 40000 KHz), (300 mBi, 
2000 mBm)
[   12.656842] cfg80211: Calling CRDA for country: IT
[   12.662842] cfg80211: Regulatory domain changed to country: IT
[   12.662845]     (start_freq - end_freq @ bandwidth), 
(max_antenna_gain, max_eirp)
[   12.662848]     (2402000 KHz - 2482000 KHz @ 40000 KHz), (N/A, 2000 mBm)
[   12.662851]     (5170000 KHz - 5250000 KHz @ 40000 KHz), (N/A, 2000 mBm)
[   12.662854]     (5250000 KHz - 5330000 KHz @ 40000 KHz), (N/A, 2000 mBm)
[   12.662856]     (5490000 KHz - 5710000 KHz @ 40000 KHz), (N/A, 2700 mBm)
[   14.300678] EXT4-fs (sda2): re-mounted. Opts: (null)
[   14.731673] EXT4-fs (sda1): mounted filesystem with ordered data 
mode. Opts: (null)
[   14.731686] SELinux: initialized (dev sda1, type ext4), uses xattr
[   14.793411] REISERFS (device sda4): found reiserfs format &quot;3.6&quot; with 
standard journal
[   14.793444] REISERFS (device sda4): using ordered data mode
[   14.803240] REISERFS (device sda4): journal params: device sda4, size 
8192, journal first block 18, max trans len 1024, max batch 900, max 
commit age 30, max trans age 30
[   14.803514] REISERFS (device sda4): checking transaction log (sda4)
[   14.859910] REISERFS (device sda4): Using r5 hash to sort names
[   14.910784] SELinux: initialized (dev sda4, type reiserfs), uses 
genfs_contexts
[   16.348415] Adding 3448828k swap on /dev/sda3.  Priority:-1 extents:1 
across:3448828k
[   16.355128] SELinux: initialized (dev binfmt_misc, type binfmt_misc), 
uses genfs_contexts
[   16.731274] readahead-disable-service: delaying service auditd
[   17.208476] NET: Registered protocol family 10
[   17.208711] lo: Disabled Privacy Extensions
[   17.228041] ip6_tables: (C) 2000-2006 Netfilter Core Team
[   21.300153] ADDRCONF(NETDEV_UP): wlan0: link is not ready
[   21.315104] atl1c 0000:09:00.0: irq 46 for MSI/MSI-X
[   21.315269] atl1c 0000:09:00.0: atl1c: eth0 NIC Link is Up&lt;100 Mbps 
Full Duplex&gt;
[   21.718099] RPC: Registered udp transport module.
[   21.718103] RPC: Registered tcp transport module.
[   21.718105] RPC: Registered tcp NFSv4.1 backchannel transport module.
[   21.733640] SELinux: initialized (dev rpc_pipefs, type rpc_pipefs), 
uses genfs_contexts
[   31.522055] eth0: no IPv6 routers present
[   38.799282] readahead-collector: starting delayed service auditd
[   39.098490] readahead-collector: sorting
[   39.233727] readahead-collector: finished
[   77.510342] fuse init (API version 7.14)
[   77.544067] SELinux: initialized (dev fusectl, type fusectl), uses 
genfs_contexts
[   77.610054] SELinux: initialized (dev fuse, type fuse), uses 
genfs_contexts
[ 3488.692444] TCP lp registered


lsusb:

Bus 002 Device 002: ID 04f2:b044 Chicony Electronics Co., Ltd Acer 
CrystalEye Webcam
Device Descriptor:
   bLength                18
   bDescriptorType         1
   bcdUSB               2.00
   bDeviceClass          239 Miscellaneous Device
   bDeviceSubClass         2 ?
   bDeviceProtocol         1 Interface Association
   bMaxPacketSize0        64
   idVendor           0x04f2 Chicony Electronics Co., Ltd
   idProduct          0xb044 Acer CrystalEye Webcam
   bcdDevice           11.12
   iManufacturer           2
   iProduct                1
   iSerial                 3
   bNumConfigurations      1
   Configuration Descriptor:
     bLength                 9
     bDescriptorType         2
     wTotalLength          524
     bNumInterfaces          2
     bConfigurationValue     1
     iConfiguration          0
     bmAttributes         0x80
       (Bus Powered)
     MaxPower              500mA
     Interface Association:
       bLength                 8
       bDescriptorType        11
       bFirstInterface         0
       bInterfaceCount         2
       bFunctionClass         14 Video
       bFunctionSubClass       3 Video Interface Collection
       bFunctionProtocol       0
       iFunction               5
     Interface Descriptor:
       bLength                 9
       bDescriptorType         4
       bInterfaceNumber        0
       bAlternateSetting       0
       bNumEndpoints           1
       bInterfaceClass        14 Video
       bInterfaceSubClass      1 Video Control
       bInterfaceProtocol      0
       iInterface              5
       VideoControl Interface Descriptor:
         bLength                13
         bDescriptorType        36
         bDescriptorSubtype      1 (HEADER)
         bcdUVC               1.00
         wTotalLength          104
         dwClockFrequency       15.000000MHz
         bInCollection           1
         baInterfaceNr( 0)       1
       VideoControl Interface Descriptor:
         bLength                 9
         bDescriptorType        36
         bDescriptorSubtype      3 (OUTPUT_TERMINAL)
         bTerminalID             2
         wTerminalType      0x0101 USB Streaming
         bAssocTerminal          0
         bSourceID               5
         iTerminal               0
       VideoControl Interface Descriptor:
         bLength                26
         bDescriptorType        36
         bDescriptorSubtype      6 (EXTENSION_UNIT)
         bUnitID                 4
         guidExtensionCode         {7033f028-1163-2e4a-ba2c-6890eb334016}
         bNumControl             8
         bNrPins                 1
         baSourceID( 0)          3
         bControlSize            1
         bmControls( 0)       0x0f
         iExtension              0
       VideoControl Interface Descriptor:
         bLength                26
         bDescriptorType        36
         bDescriptorSubtype      6 (EXTENSION_UNIT)
         bUnitID                 5
         guidExtensionCode         {3fae1228-d7bc-114e-a357-6f1edef7d61d}
         bNumControl             8
         bNrPins                 1
         baSourceID( 0)          4
         bControlSize            1
         bmControls( 0)       0xff
         iExtension              0
       VideoControl Interface Descriptor:
         bLength                18
         bDescriptorType        36
         bDescriptorSubtype      2 (INPUT_TERMINAL)
         bTerminalID             1
         wTerminalType      0x0201 Camera Sensor
         bAssocTerminal          0
         iTerminal               0
         wObjectiveFocalLengthMin      0
         wObjectiveFocalLengthMax      0
         wOcularFocalLength            0
         bControlSize                  3
         bmControls           0x00000000
       VideoControl Interface Descriptor:
         bLength                12
         bDescriptorType        36
         bDescriptorSubtype      5 (PROCESSING_UNIT)
       Warning: Descriptor too short
         bUnitID                 3
         bSourceID               1
         wMaxMultiplier          0
         bControlSize            3
         bmControls     0x000025bf
           Brightness
           Contrast
           Hue
           Saturation
           Sharpness
           Gamma
           White Balance Component
           Backlight Compensation
           Power Line Frequency
           White Balance Component, Auto
         iProcessing             0
         bmVideoStandards     0x 0
       Endpoint Descriptor:
         bLength                 7
         bDescriptorType         5
         bEndpointAddress     0x83  EP 3 IN
         bmAttributes            3
           Transfer Type            Interrupt
           Synch Type               None
           Usage Type               Data
         wMaxPacketSize     0x0010  1x 16 bytes
         bInterval               6
     Interface Descriptor:
       bLength                 9
       bDescriptorType         4
       bInterfaceNumber        1
       bAlternateSetting       0
       bNumEndpoints           0
       bInterfaceClass        14 Video
       bInterfaceSubClass      2 Video Streaming
       bInterfaceProtocol      0
       iInterface              0
       VideoStreaming Interface Descriptor:
         bLength                            14
         bDescriptorType                    36
         bDescriptorSubtype                  1 (INPUT_HEADER)
         bNumFormats                         1
         wTotalLength                      277
         bEndPointAddress                  129
         bmInfo                              0
         bTerminalLink                       2
         bStillCaptureMethod                 0
         bTriggerSupport                     1
         bTriggerUsage                       1
         bControlSize                        1
         bmaControls( 0)                    27
       VideoStreaming Interface Descriptor:
         bLength                            27
         bDescriptorType                    36
         bDescriptorSubtype                  4 (FORMAT_UNCOMPRESSED)
         bFormatIndex                        1
         bNumFrameDescriptors                5
         guidFormat                            
{59555932-0000-1000-8000-00aa00389b71}
         bBitsPerPixel                      16
         bDefaultFrameIndex                  1
         bAspectRatioX                       0
         bAspectRatioY                       0
         bmInterlaceFlags                 0x00
           Interlaced stream or variable: No
           Fields per frame: 1 fields
           Field 1 first: No
           Field pattern: Field 1 only
           bCopyProtect                      0
       VideoStreaming Interface Descriptor:
         bLength                            46
         bDescriptorType                    36
         bDescriptorSubtype                  5 (FRAME_UNCOMPRESSED)
         bFrameIndex                         1
         bmCapabilities                   0x00
           Still image unsupported
         wWidth                            640
         wHeight                           480
         dwMinBitRate                  3072000
         dwMaxBitRate                 18432000
         dwMaxVideoFrameBufferSize      614400
         dwDefaultFrameInterval         333333
         bFrameIntervalType                  5
         dwFrameInterval( 0)            333333
         dwFrameInterval( 1)            500000
         dwFrameInterval( 2)            666666
         dwFrameInterval( 3)           1000000
         dwFrameInterval( 4)           2000000
       VideoStreaming Interface Descriptor:
         bLength                            46
         bDescriptorType                    36
         bDescriptorSubtype                  5 (FRAME_UNCOMPRESSED)
         bFrameIndex                         2
         bmCapabilities                   0x00
           Still image unsupported
         wWidth                            352
         wHeight                           288
         dwMinBitRate                  1013760
         dwMaxBitRate                  6082560
         dwMaxVideoFrameBufferSize      202752
         dwDefaultFrameInterval         333333
         bFrameIntervalType                  5
         dwFrameInterval( 0)            333333
         dwFrameInterval( 1)            500000
         dwFrameInterval( 2)            666666
         dwFrameInterval( 3)           1000000
         dwFrameInterval( 4)           2000000
       VideoStreaming Interface Descriptor:
         bLength                            46
         bDescriptorType                    36
         bDescriptorSubtype                  5 (FRAME_UNCOMPRESSED)
         bFrameIndex                         3
         bmCapabilities                   0x00
           Still image unsupported
         wWidth                            320
         wHeight                           240
         dwMinBitRate                   768000
         dwMaxBitRate                  4608000
         dwMaxVideoFrameBufferSize      153600
         dwDefaultFrameInterval         333333
         bFrameIntervalType                  5
         dwFrameInterval( 0)            333333
         dwFrameInterval( 1)            500000
         dwFrameInterval( 2)            666666
         dwFrameInterval( 3)           1000000
         dwFrameInterval( 4)           2000000
       VideoStreaming Interface Descriptor:
         bLength                            46
         bDescriptorType                    36
         bDescriptorSubtype                  5 (FRAME_UNCOMPRESSED)
         bFrameIndex                         4
         bmCapabilities                   0x00
           Still image unsupported
         wWidth                            176
         wHeight                           144
         dwMinBitRate                   253440
         dwMaxBitRate                  1520640
         dwMaxVideoFrameBufferSize       50688
         dwDefaultFrameInterval         333333
         bFrameIntervalType                  5
         dwFrameInterval( 0)            333333
         dwFrameInterval( 1)            500000
         dwFrameInterval( 2)            666666
         dwFrameInterval( 3)           1000000
         dwFrameInterval( 4)           2000000
       VideoStreaming Interface Descriptor:
         bLength                            46
         bDescriptorType                    36
         bDescriptorSubtype                  5 (FRAME_UNCOMPRESSED)
         bFrameIndex                         5
         bmCapabilities                   0x00
           Still image unsupported
         wWidth                            160
         wHeight                           120
         dwMinBitRate                   192000
         dwMaxBitRate                  1152000
         dwMaxVideoFrameBufferSize       38400
         dwDefaultFrameInterval         333333
         bFrameIntervalType                  5
         dwFrameInterval( 0)            333333
         dwFrameInterval( 1)            500000
         dwFrameInterval( 2)            666666
         dwFrameInterval( 3)           1000000
         dwFrameInterval( 4)           2000000
       VideoStreaming Interface Descriptor:
         bLength                             6
         bDescriptorType                    36
         bDescriptorSubtype                 13 (COLORFORMAT)
         bColorPrimaries                     1 (BT.709,sRGB)
         bTransferCharacteristics            1 (BT.709)
         bMatrixCoefficients                 4 (SMPTE 170M (BT.601))
     Interface Descriptor:
       bLength                 9
       bDescriptorType         4
       bInterfaceNumber        1
       bAlternateSetting       1
       bNumEndpoints           1
       bInterfaceClass        14 Video
       bInterfaceSubClass      2 Video Streaming
       bInterfaceProtocol      0
       iInterface              0
       Endpoint Descriptor:
         bLength                 7
         bDescriptorType         5
         bEndpointAddress     0x81  EP 1 IN
         bmAttributes            5
           Transfer Type            Isochronous
           Synch Type               Asynchronous
           Usage Type               Data
         wMaxPacketSize     0x0080  1x 128 bytes
         bInterval               1
     Interface Descriptor:
       bLength                 9
       bDescriptorType         4
       bInterfaceNumber        1
       bAlternateSetting       2
       bNumEndpoints           1
       bInterfaceClass        14 Video
       bInterfaceSubClass      2 Video Streaming
       bInterfaceProtocol      0
       iInterface              0
       Endpoint Descriptor:
         bLength                 7
         bDescriptorType         5
         bEndpointAddress     0x81  EP 1 IN
         bmAttributes            5
           Transfer Type            Isochronous
           Synch Type               Asynchronous
           Usage Type               Data
         wMaxPacketSize     0x0100  1x 256 bytes
         bInterval               1
     Interface Descriptor:
       bLength                 9
       bDescriptorType         4
       bInterfaceNumber        1
       bAlternateSetting       3
       bNumEndpoints           1
       bInterfaceClass        14 Video
       bInterfaceSubClass      2 Video Streaming
       bInterfaceProtocol      0
       iInterface              0
       Endpoint Descriptor:
         bLength                 7
         bDescriptorType         5
         bEndpointAddress     0x81  EP 1 IN
         bmAttributes            5
           Transfer Type            Isochronous
           Synch Type               Asynchronous
           Usage Type               Data
         wMaxPacketSize     0x0320  1x 800 bytes
         bInterval               1
     Interface Descriptor:
       bLength                 9
       bDescriptorType         4
       bInterfaceNumber        1
       bAlternateSetting       4
       bNumEndpoints           1
       bInterfaceClass        14 Video
       bInterfaceSubClass      2 Video Streaming
       bInterfaceProtocol      0
       iInterface              0
       Endpoint Descriptor:
         bLength                 7
         bDescriptorType         5
         bEndpointAddress     0x81  EP 1 IN
         bmAttributes            5
           Transfer Type            Isochronous
           Synch Type               Asynchronous
           Usage Type               Data
         wMaxPacketSize     0x0b20  2x 800 bytes
         bInterval               1
     Interface Descriptor:
       bLength                 9
       bDescriptorType         4
       bInterfaceNumber        1
       bAlternateSetting       5
       bNumEndpoints           1
       bInterfaceClass        14 Video
       bInterfaceSubClass      2 Video Streaming
       bInterfaceProtocol      0
       iInterface              0
       Endpoint Descriptor:
         bLength                 7
         bDescriptorType         5
         bEndpointAddress     0x81  EP 1 IN
         bmAttributes            5
           Transfer Type            Isochronous
           Synch Type               Asynchronous
           Usage Type               Data
         wMaxPacketSize     0x1320  3x 800 bytes
         bInterval               1
     Interface Descriptor:
       bLength                 9
       bDescriptorType         4
       bInterfaceNumber        1
       bAlternateSetting       6
       bNumEndpoints           1
       bInterfaceClass        14 Video
       bInterfaceSubClass      2 Video Streaming
       bInterfaceProtocol      0
       iInterface              0
       Endpoint Descriptor:
         bLength                 7
         bDescriptorType         5
         bEndpointAddress     0x81  EP 1 IN
         bmAttributes            5
           Transfer Type            Isochronous
           Synch Type               Asynchronous
           Usage Type               Data
         wMaxPacketSize     0x1400  3x 1024 bytes
         bInterval               1
can't get device qualifier: Operation not permitted
can't get debug descriptor: Operation not permitted
cannot read device status, Operation not permitted (1)

-- 


cosmogoniA &lt;<A HREF="http://www.cosmogonia.org/">http://www.cosmogonia.org/</A>&gt;
noprovarenofareononfarenonc'&#232;provare

</PRE>

<!--endarticle-->
    <HR>
    <P><UL>
        <!--threads-->
	<LI>Previous message: <A HREF="006507.html">[Linux-uvc-devel] webcam acer extensa 5635z [04f2:b044] fedora Core 14 [kernel 2.6.35.12.88.fc14.i686]
</A></li>
	<LI>Next message: <A HREF="006515.html">[Linux-uvc-devel] webcam acer extensa 5635z [04f2:b044] fedora	Core 14 [kernel 2.6.35.12.88.fc14.i686]
</A></li>
         <LI> <B>Messages sorted by:</B> 
              <a href="date.html#6509">[ date ]</a>
              <a href="thread.html#6509">[ thread ]</a>
              <a href="subject.html#6509">[ subject ]</a>
              <a href="author.html#6509">[ author ]</a>
         </LI>
       </UL>

<hr>
<a href="https://lists.berlios.de/mailman/listinfo/linux-uvc-devel">More information about the Linux-uvc-devel
mailing list</a><br>
</body></html>
