<!DOCTYPE HTML PUBLIC "-//W3C//DTD HTML 4.01 Transitional//EN">
<HTML>
 <HEAD>
   <TITLE> [Linux-uvc-devel] /dev/video0 disappears after 7 seconds
   </TITLE>
   <LINK REL="Index" HREF="http://lists.berlios.de/pipermail/linux-uvc-devel/2011-August/index.html" >
   <LINK REL="made" HREF="mailto:linux-uvc-devel%40lists.berlios.de?Subject=Re%3A%20%5BLinux-uvc-devel%5D%20/dev/video0%20disappears%20after%207%20seconds&In-Reply-To=%3C20110819232311.GA4256%40eniac%3E">
   <META NAME="robots" CONTENT="index,nofollow">
   <style type="text/css">
       pre {
           white-space: pre-wrap;       /* css-2.1, curent FF, Opera, Safari */
           }
   </style>
   <META http-equiv="Content-Type" content="text/html; charset=us-ascii">
   <LINK REL="Previous"  HREF="006814.html">
   <LINK REL="Next"  HREF="006816.html">
 </HEAD>
 <BODY BGCOLOR="#ffffff">
   <H1>[Linux-uvc-devel] /dev/video0 disappears after 7 seconds</H1>
    <B>useingubuntu at gmail.com</B> 
    <A HREF="mailto:linux-uvc-devel%40lists.berlios.de?Subject=Re%3A%20%5BLinux-uvc-devel%5D%20/dev/video0%20disappears%20after%207%20seconds&In-Reply-To=%3C20110819232311.GA4256%40eniac%3E"
       TITLE="[Linux-uvc-devel] /dev/video0 disappears after 7 seconds">useingubuntu at gmail.com
       </A><BR>
    <I>Sat Aug 20 01:23:11 CEST 2011</I>
    <P><UL>
        <LI>Previous message: <A HREF="006814.html">[Linux-uvc-devel] Join my network on LinkedIn
</A></li>
        <LI>Next message: <A HREF="006816.html">[Linux-uvc-devel] /dev/video0 disappears after 7 seconds
</A></li>
         <LI> <B>Messages sorted by:</B> 
              <a href="date.html#6811">[ date ]</a>
              <a href="thread.html#6811">[ thread ]</a>
              <a href="subject.html#6811">[ subject ]</a>
              <a href="author.html#6811">[ author ]</a>
         </LI>
       </UL>
    <HR>  
<!--beginarticle-->
<PRE>Hi All,
When I run cheese like this:
sudo cheese &amp;

After about 7 sec. the uvcvideo driver puts this message into dmesg:
[ 3108.326835] uvcvideo: Non-zero status (-84) in status completion handler.
[ 3109.229746] usb 2-2: reset full speed USB device number 2 using uhci_hcd
[ 3109.231692] uvcvideo: Failed to resubmit video URB (-19).
[ 3109.263669] uvcvideo: Failed to resubmit video URB (-19).
[ 3109.295668] uvcvideo: Failed to resubmit video URB (-19).
[ 3109.327663] uvcvideo: Failed to resubmit video URB (-19).
[ 3109.359653] uvcvideo: Failed to resubmit video URB (-19).
[ 3109.431646] 2:3:1: cannot get freq at ep 0x84

And reinitializes, causing /dev/video0 to disappear and /dev/video1 to appear
in its place. This confuses Cheese, causing it to print out this message:
libv4l2: error dequeuing buf: No such device

** (cheese:3798): WARNING **: Failed trying to get video frames from device '/dev/video1'.


** (cheese:3798): WARNING **: Internal data flow error.

And Cheese freezes. I've searched Google but haven't been able to find anyone
with a similar problem. I did, however, try doing the LD_PRELOAD trick. I got
the same result. Many thanks in advance for any help on this!
Full dmesg, lsusb, uname, etc. included below.

Thanks,
Matthew

Webcam Make and Model:
HP Deluxe Webcam Rev: 4.1A

uname -a:
Linux eniac 3.0-ARCH #1 SMP PREEMPT Tue Aug 16 07:25:56 UTC 2011 i686 AMD Athlon(TM) XP 1600+ AuthenticAMD GNU/Linux

lsusb:
Bus 001 Device 001: ID 1d6b:0001 Linux Foundation 1.1 root hub
Bus 002 Device 001: ID 1d6b:0001 Linux Foundation 1.1 root hub
Bus 001 Device 002: ID 05e3:0608 Genesys Logic, Inc. USB-2.0 4-Port HUB
Bus 002 Device 002: ID 04f2:a13c Chicony Electronics Co., Ltd 
Bus 001 Device 003: ID 047d:105e Kensington Bluetooth EDR Dongle
Bus 001 Device 004: ID 13b1:0020 Linksys WUSB54GC v1 802.11g Adapter [Ralink RT73]

sudo cheese &amp;:
(cheese:3798): Gtk-WARNING **: Attempting to add a widget with type GtkImage to a GtkToggleButton, but as a GtkBin subclass a GtkToggleButton can only contain one widget at a time; it already contains a widget of type GtkLabel

(cheese:3798): Gtk-WARNING **: Attempting to add a widget with type GtkImage to a GtkToggleButton, but as a GtkBin subclass a GtkToggleButton can only contain one widget at a time; it already contains a widget of type GtkLabel

(cheese:3798): Gtk-WARNING **: Attempting to add a widget with type GtkImage to a GtkToggleButton, but as a GtkBin subclass a GtkToggleButton can only contain one widget at a time; it already contains a widget of type GtkLabel

(cheese:3798): Gtk-WARNING **: Attempting to add a widget with type GtkHBox to a GtkButton, but as a GtkBin subclass a GtkButton can only contain one widget at a time; it already contains a widget of type GtkLabel

(cheese:3798): Gtk-WARNING **: Attempting to add a widget with type GtkImage to a GtkButton, but as a GtkBin subclass a GtkButton can only contain one widget at a time; it already contains a widget of type GtkLabel

(cheese:3798): Gtk-WARNING **: Attempting to add a widget with type GtkHBox to a GtkToggleButton, but as a GtkBin subclass a GtkToggleButton can only contain one widget at a time; it already contains a widget of type GtkLabel

(cheese:3798): Gtk-WARNING **: Attempting to add a widget with type GtkImage to a GtkButton, but as a GtkBin subclass a GtkButton can only contain one widget at a time; it already contains a widget of type GtkLabel
** Message: cheese-effects-manager.vala:84: Found Twirl (twirl)
** Message: cheese-effects-manager.vala:84: Found Sepia (coloreffects preset=sepia)
** Message: cheese-effects-manager.vala:84: Found Vertigo (vertigotv)
** Message: cheese-effects-manager.vala:84: Found Saturation (videobalance saturation=2)
** Message: cheese-effects-manager.vala:84: Found Pinch (pinch)
** Message: cheese-effects-manager.vala:84: Found Noir/Blanc (videobalance saturation=0)
** Message: cheese-effects-manager.vala:84: Found Distortion (frei0r-filter-distort0r)
** Message: cheese-effects-manager.vala:84: Found X-Ray (coloreffects preset=xray)
** Message: cheese-effects-manager.vala:84: Found Edge (edgetv)
** Message: cheese-effects-manager.vala:84: Found Che Guevara (frei0r-filter-twolay0r)
** Message: cheese-effects-manager.vala:84: Found Sobel (frei0r-filter-sobel)
** Message: cheese-effects-manager.vala:84: Found Mauve (videobalance saturation=1.5 hue=+0.5)
** Message: cheese-effects-manager.vala:84: Found Bulge (bulge)
** Message: cheese-effects-manager.vala:84: Found Kaleidoscope (kaleidoscope)
** Message: cheese-effects-manager.vala:84: Found Hulk (videobalance saturation=1.5 hue=-0.5)
** Message: cheese-effects-manager.vala:84: Found Warp (warptv)
** Message: cheese-effects-manager.vala:84: Found Time delay (frei0r-filter-delay0r delaytime=5)
** Message: cheese-effects-manager.vala:84: Found Ripple (rippletv)
** Message: cheese-effects-manager.vala:84: Found Kung-Fu (streaktv)
** Message: cheese-effects-manager.vala:84: Found Quark (quarktv)
** Message: cheese-effects-manager.vala:84: Found Waveform (revtv)
** Message: cheese-effects-manager.vala:84: Found Stretch (stretch)
** Message: cheese-effects-manager.vala:84: Found Radioactive (radioactv)
** Message: cheese-effects-manager.vala:84: Found Dice (dicetv)
** Message: cheese-effects-manager.vala:84: Found Heat (coloreffects preset=heat)
** Message: cheese-effects-manager.vala:84: Found Invertion (frei0r-filter-invert0r)
** Message: cheese-effects-manager.vala:84: Found Optical Illusion (optv)
** Message: cheese-effects-manager.vala:84: Found Chrome (frei0r-filter-color-distance)
** Message: cheese-effects-manager.vala:84: Found Cartoon (frei0r-filter-cartoon)
** Message: cheese-effects-manager.vala:84: Found Historical (videobalance saturation=0 ! agingtv)
** Message: cheese-effects-manager.vala:84: Found Square (square)
** Message: cheese-effects-manager.vala:84: Found Shagadelic (shagadelictv)
** Message: cheese-effects-manager.vala:84: Found Mirror (mirror)
libv4l2: error dequeuing buf: No such device
libv4l2: error dequeuing buf: No such device
libv4l2: error dequeuing buf: No such device
libv4l2: error dequeuing buf: No such device
libv4l2: error dequeuing buf: No such device
libv4l2: error dequeuing buf: No such device
libv4l2: error dequeuing buf: No such device
libv4l2: error dequeuing buf: No such device
libv4l2: error dequeuing buf: No such device
libv4l2: error dequeuing buf: No such device
libv4l2: error dequeuing buf: No such device
libv4l2: error dequeuing buf: No such device
libv4l2: error dequeuing buf: No such device
libv4l2: error dequeuing buf: No such device
libv4l2: error dequeuing buf: No such device
libv4l2: error dequeuing buf: No such device
libv4l2: error dequeuing buf: No such device
libv4l2: error dequeuing buf: No such device
libv4l2: error dequeuing buf: No such device
libv4l2: error dequeuing buf: No such device
libv4l2: error dequeuing buf: No such device
libv4l2: error dequeuing buf: No such device
libv4l2: error dequeuing buf: No such device
libv4l2: error dequeuing buf: No such device
libv4l2: error dequeuing buf: No such device
libv4l2: error dequeuing buf: No such device
libv4l2: error dequeuing buf: No such device
libv4l2: error dequeuing buf: No such device
libv4l2: error dequeuing buf: No such device
libv4l2: error dequeuing buf: No such device
libv4l2: error dequeuing buf: No such device
libv4l2: error dequeuing buf: No such device
libv4l2: error dequeuing buf: No such device
libv4l2: error dequeuing buf: No such device
libv4l2: error dequeuing buf: No such device
libv4l2: error dequeuing buf: No such device
libv4l2: error dequeuing buf: No such device
libv4l2: error dequeuing buf: No such device
libv4l2: error dequeuing buf: No such device
libv4l2: error dequeuing buf: No such device
libv4l2: error dequeuing buf: No such device
libv4l2: error dequeuing buf: No such device
libv4l2: error dequeuing buf: No such device
libv4l2: error dequeuing buf: No such device
libv4l2: error dequeuing buf: No such device
libv4l2: error dequeuing buf: No such device
libv4l2: error dequeuing buf: No such device
libv4l2: error dequeuing buf: No such device
libv4l2: error dequeuing buf: No such device
libv4l2: error dequeuing buf: No such device
libv4l2: error dequeuing buf: No such device

** (cheese:3798): WARNING **: Failed trying to get video frames from device '/dev/video1'.


** (cheese:3798): WARNING **: Internal data flow error.

dmesg:
[    0.000000] Initializing cgroup subsys cpuset
[    0.000000] Initializing cgroup subsys cpu
[    0.000000] Linux version 3.0-ARCH (<A HREF="https://lists.berlios.de/mailman/listinfo/linux-uvc-devel">tobias at T-POWA-LX</A>) (gcc version 4.6.1 (GCC) ) #1 SMP PREEMPT Tue Aug 16 07:25:56 UTC 2011
[    0.000000] BIOS-provided physical RAM map:
[    0.000000]  BIOS-e820: 0000000000000000 - 000000000009fc00 (usable)
[    0.000000]  BIOS-e820: 000000000009fc00 - 00000000000a0000 (reserved)
[    0.000000]  BIOS-e820: 00000000000f0000 - 0000000000100000 (reserved)
[    0.000000]  BIOS-e820: 0000000000100000 - 000000002f7ec000 (usable)
[    0.000000]  BIOS-e820: 000000002f7ec000 - 000000002f7ef000 (ACPI data)
[    0.000000]  BIOS-e820: 000000002f7ef000 - 000000002f7ff000 (reserved)
[    0.000000]  BIOS-e820: 000000002f7ff000 - 000000002f800000 (ACPI NVS)
[    0.000000]  BIOS-e820: 00000000fec00000 - 00000000fec01000 (reserved)
[    0.000000]  BIOS-e820: 00000000fee00000 - 00000000fee01000 (reserved)
[    0.000000]  BIOS-e820: 00000000ffff0000 - 0000000100000000 (reserved)
[    0.000000] Notice: NX (Execute Disable) protection missing in CPU!
[    0.000000] DMI 2.3 present.
[    0.000000] DMI: HP Pavilion 04 P9830A-ABA 322n/A7V-VE , BIOS 3.02 03/20/2002
[    0.000000] e820 update range: 0000000000000000 - 0000000000010000 (usable) ==&gt; (reserved)
[    0.000000] e820 remove range: 00000000000a0000 - 0000000000100000 (usable)
[    0.000000] last_pfn = 0x2f7ec max_arch_pfn = 0x100000
[    0.000000] MTRR default type: uncachable
[    0.000000] MTRR fixed ranges enabled:
[    0.000000]   00000-9FFFF write-back
[    0.000000]   A0000-FFFFF uncachable
[    0.000000] MTRR variable ranges enabled:
[    0.000000]   0 base 000000000 mask FE0000000 write-back
[    0.000000]   1 base 020000000 mask FF8000000 write-back
[    0.000000]   2 base 028000000 mask FFC000000 write-back
[    0.000000]   3 base 02C000000 mask FFE000000 write-back
[    0.000000]   4 base 02E000000 mask FFF000000 write-back
[    0.000000]   5 base 02F000000 mask FFF800000 write-back
[    0.000000]   6 disabled
[    0.000000]   7 base 0F8000000 mask FFC000000 write-combining
[    0.000000] x86 PAT enabled: cpu 0, old 0x7040600070406, new 0x7010600070106
[    0.000000] initial memory mapped : 0 - 00c00000
[    0.000000] Base memory trampoline at [c009b000] 9b000 size 16384
[    0.000000] init_memory_mapping: 0000000000000000-000000002f7ec000
[    0.000000]  0000000000 - 0000400000 page 4k
[    0.000000]  0000400000 - 002f400000 page 2M
[    0.000000]  002f400000 - 002f7ec000 page 4k
[    0.000000] kernel direct mapping tables up to 2f7ec000 @ bfb000-c00000
[    0.000000] RAMDISK: 2f5d2000 - 2f7dc000
[    0.000000] ACPI: RSDP 000f87e0 00014 (v00 ASUS  )
[    0.000000] ACPI: RSDT 2f7ec000 00030 (v01 ASUS   A7V-VE   30303031 MSFT 31313031)
[    0.000000] ACPI: FACP 2f7ec100 00074 (v01 ASUS   A7V-VE   30303031 MSFT 31313031)
[    0.000000] ACPI: DSDT 2f7ec180 027E3 (v01   ASUS A7V-VE   00001000 MSFT 0100000B)
[    0.000000] ACPI: FACS 2f7ff000 00040
[    0.000000] ACPI: BOOT 2f7ec040 00028 (v01 ASUS   A7V-VE   30303031 MSFT 31313031)
[    0.000000] ACPI: APIC 2f7ec080 0005A (v01 ASUS   A7V-VE   30303031 MSFT 31313031)
[    0.000000] ACPI: Local APIC address 0xfee00000
[    0.000000] 0MB HIGHMEM available.
[    0.000000] 759MB LOWMEM available.
[    0.000000]   mapped low ram: 0 - 2f7ec000
[    0.000000]   low ram: 0 - 2f7ec000
[    0.000000] Zone PFN ranges:
[    0.000000]   DMA      0x00000010 -&gt; 0x00001000
[    0.000000]   Normal   0x00001000 -&gt; 0x0002f7ec
[    0.000000]   HighMem  empty
[    0.000000] Movable zone start PFN for each node
[    0.000000] early_node_map[2] active PFN ranges
[    0.000000]     0: 0x00000010 -&gt; 0x0000009f
[    0.000000]     0: 0x00000100 -&gt; 0x0002f7ec
[    0.000000] On node 0 totalpages: 194427
[    0.000000] free_area_init_node: node 0, pgdat c05adc80, node_mem_map eefe2200
[    0.000000]   DMA zone: 32 pages used for memmap
[    0.000000]   DMA zone: 0 pages reserved
[    0.000000]   DMA zone: 3951 pages, LIFO batch:0
[    0.000000]   Normal zone: 1488 pages used for memmap
[    0.000000]   Normal zone: 188956 pages, LIFO batch:31
[    0.000000] Using APIC driver default
[    0.000000] ACPI: PM-Timer IO Port: 0xe408
[    0.000000] ACPI: Local APIC address 0xfee00000
[    0.000000] ACPI: LAPIC (acpi_id[0x00] lapic_id[0x0e] enabled)
[    0.000000] ACPI: LAPIC_NMI (acpi_id[0x03] high edge lint[0x1])
[    0.000000] ACPI: IOAPIC (id[0x01] address[0xfec00000] gsi_base[0])
[    0.000000] IOAPIC[0]: apic_id 1, version 2, address 0xfec00000, GSI 0-23
[    0.000000] ACPI: INT_SRC_OVR (bus 0 bus_irq 0 global_irq 2 dfl edge)
[    0.000000] ACPI: INT_SRC_OVR (bus 0 bus_irq 9 global_irq 9 low level)
[    0.000000] ACPI: IRQ0 used by override.
[    0.000000] ACPI: IRQ2 used by override.
[    0.000000] ACPI: IRQ9 used by override.
[    0.000000] Using ACPI (MADT) for SMP configuration information
[    0.000000] SMP: Allowing 1 CPUs, 0 hotplug CPUs
[    0.000000] nr_irqs_gsi: 40
[    0.000000] PM: Registered nosave memory: 000000000009f000 - 00000000000a0000
[    0.000000] PM: Registered nosave memory: 00000000000a0000 - 00000000000f0000
[    0.000000] PM: Registered nosave memory: 00000000000f0000 - 0000000000100000
[    0.000000] Allocating PCI resources starting at 2f800000 (gap: 2f800000:cf400000)
[    0.000000] Booting paravirtualized kernel on bare hardware
[    0.000000] setup_percpu: NR_CPUS:8 nr_cpumask_bits:8 nr_cpu_ids:1 nr_node_ids:1
[    0.000000] PERCPU: Embedded 12 pages/cpu @ee800000 s25472 r0 d23680 u4194304
[    0.000000] pcpu-alloc: s25472 r0 d23680 u4194304 alloc=1*4194304
[    0.000000] pcpu-alloc: [0] 0 
[    0.000000] Built 1 zonelists in Zone order, mobility grouping on.  Total pages: 192907
[    0.000000] Kernel command line: root=/dev/disk/by-uuid/7ed0c043-fa64-4926-a8c5-0bc49a9d37a9 ro
[    0.000000] PID hash table entries: 4096 (order: 2, 16384 bytes)
[    0.000000] Dentry cache hash table entries: 131072 (order: 7, 524288 bytes)
[    0.000000] Inode-cache hash table entries: 65536 (order: 6, 262144 bytes)
[    0.000000] Initializing CPU#0
[    0.000000] allocated 3112384 bytes of page_cgroup
[    0.000000] please try 'cgroup_disable=memory' option if you don't want memory cgroups
[    0.000000] Initializing HighMem for node 0 (00000000:00000000)
[    0.000000] Memory: 759352k/778160k available (3415k kernel code, 18356k reserved, 1406k data, 500k init, 0k highmem)
[    0.000000] virtual kernel memory layout:
[    0.000000]     fixmap  : 0xfff16000 - 0xfffff000   ( 932 kB)
[    0.000000]     pkmap   : 0xff800000 - 0xffc00000   (4096 kB)
[    0.000000]     vmalloc : 0xeffec000 - 0xff7fe000   ( 248 MB)
[    0.000000]     lowmem  : 0xc0000000 - 0xef7ec000   ( 759 MB)
[    0.000000]       .init : 0xc05b6000 - 0xc0633000   ( 500 kB)
[    0.000000]       .data : 0xc0455f95 - 0xc05b5980   (1406 kB)
[    0.000000]       .text : 0xc0100000 - 0xc0455f95   (3415 kB)
[    0.000000] Checking if this processor honours the WP bit even in supervisor mode...Ok.
[    0.000000] SLUB: Genslabs=15, HWalign=32, Order=0-3, MinObjects=0, CPUs=1, Nodes=1
[    0.000000] Preemptible hierarchical RCU implementation.
[    0.000000] 	Verbose stalled-CPUs detection is disabled.
[    0.000000] NR_IRQS:512
[    0.000000] CPU 0 irqstacks, hard=ee40e000 soft=ee418000
[    0.000000] Console: colour VGA+ 80x25
[    0.000000] console [tty0] enabled
[    0.000000] Fast TSC calibration using PIT
[    0.000000] Detected 1399.426 MHz processor.
[    0.003339] Calibrating delay loop (skipped), value calculated using timer frequency.. 2799.47 BogoMIPS (lpj=4664753)
[    0.003350] pid_max: default: 32768 minimum: 301
[    0.003457] Security Framework initialized
[    0.003471] AppArmor: AppArmor disabled by boot time parameter
[    0.006706] Mount-cache hash table entries: 512
[    0.007194] Initializing cgroup subsys cpuacct
[    0.007225] Initializing cgroup subsys memory
[    0.007253] Initializing cgroup subsys devices
[    0.007260] Initializing cgroup subsys freezer
[    0.007266] Initializing cgroup subsys net_cls
[    0.007271] Initializing cgroup subsys blkio
[    0.007360] mce: CPU supports 4 MCE banks
[    0.007453] SMP alternatives: switching to UP code
[    0.014236] Freeing SMP alternatives: 16k freed
[    0.014276] ACPI: Core revision 20110413
[    0.017238] ftrace: allocating 15363 entries in 31 pages
[    0.020254] Enabling APIC mode:  Flat.  Using 1 I/O APICs
[    0.021433] ..TIMER: vector=0x30 apic1=0 pin1=2 apic2=-1 pin2=-1
[    0.055743] CPU0: AMD Athlon(TM) XP 1600+ stepping 02
[    0.056663] Performance Events: AMD PMU driver.
[    0.056663] ... version:                0
[    0.056663] ... bit width:              48
[    0.056663] ... generic registers:      4
[    0.056663] ... value mask:             0000ffffffffffff
[    0.056663] ... max period:             00007fffffffffff
[    0.056663] ... fixed-purpose events:   0
[    0.056663] ... event mask:             000000000000000f
[    0.073758] NMI watchdog enabled, takes one hw-pmu counter.
[    0.080004] Brought up 1 CPUs
[    0.080009] Total of 1 processors activated (2799.47 BogoMIPS).
[    0.081361] devtmpfs: initialized
[    0.081711] PM: Registering ACPI NVS region at 2f7ff000 (4096 bytes)
[    0.083724] print_constraints: dummy: 
[    0.083871] NET: Registered protocol family 16
[    0.084102] ACPI: bus type pci registered
[    0.085905] PCI: PCI BIOS revision 2.10 entry at 0xf0fa0, last bus=1
[    0.085909] PCI: Using configuration type 1 for base access
[    0.087086] bio: create slab &lt;bio-0&gt; at 0
[    0.087889] ACPI: EC: Look up EC in DSDT
[    0.090293] ACPI: Interpreter enabled
[    0.090302] ACPI: (supports S0 S1 S3 S4 S5)
[    0.090339] ACPI: Using IOAPIC for interrupt routing
[    0.099172] ACPI: No dock devices found.
[    0.099179] HEST: Table not found.
[    0.099188] PCI: Ignoring host bridge windows from ACPI; if necessary, use &quot;pci=use_crs&quot; and report a bug
[    0.099314] ACPI: PCI Root Bridge [PCI0] (domain 0000 [bus 00-ff])
[    0.099562] pci_root PNP0A03:00: host bridge window [io  0x0000-0x0cf7] (ignored)
[    0.099569] pci_root PNP0A03:00: host bridge window [io  0x0d00-0xffff] (ignored)
[    0.099574] pci_root PNP0A03:00: host bridge window [mem 0x000a0000-0x000bffff] (ignored)
[    0.099579] pci_root PNP0A03:00: host bridge window [mem 0x000c0000-0x000dffff] (ignored)
[    0.099584] pci_root PNP0A03:00: host bridge window [mem 0x30000000-0xffffffff] (ignored)
[    0.099612] pci 0000:00:00.0: [1106:3112] type 0 class 0x000600
[    0.099627] pci 0000:00:00.0: reg 10: [mem 0xf8000000-0xfbffffff pref]
[    0.099691] pci 0000:00:01.0: [1106:8305] type 1 class 0x000604
[    0.099725] pci 0000:00:01.0: supports D1
[    0.099751] pci 0000:00:07.0: [1106:0686] type 0 class 0x000601
[    0.099832] pci 0000:00:07.1: [1106:0571] type 0 class 0x000101
[    0.099869] pci 0000:00:07.1: reg 20: [io  0xd800-0xd80f]
[    0.099916] pci 0000:00:07.2: [1106:3038] type 0 class 0x000c03
[    0.099953] pci 0000:00:07.2: reg 20: [io  0xd400-0xd41f]
[    0.100017] pci 0000:00:07.3: [1106:3038] type 0 class 0x000c03
[    0.100055] pci 0000:00:07.3: reg 20: [io  0xd000-0xd01f]
[    0.100100] pci 0000:00:07.4: [1106:3057] type 0 class 0x000680
[    0.100160] pci 0000:00:07.4: quirk: [io  0xe200-0xe27f] claimed by vt82c686 HW-mon
[    0.100166] pci 0000:00:07.4: quirk: [io  0xe800-0xe80f] claimed by vt82c686 SMB
[    0.100198] pci 0000:00:07.5: [1106:3058] type 0 class 0x000401
[    0.100214] pci 0000:00:07.5: reg 10: [io  0xb800-0xb8ff]
[    0.100225] pci 0000:00:07.5: reg 14: [io  0xb400-0xb403]
[    0.100235] pci 0000:00:07.5: reg 18: [io  0xb000-0xb003]
[    0.100298] pci 0000:00:0d.0: [10de:0221] type 0 class 0x000300
[    0.100313] pci 0000:00:0d.0: reg 10: [mem 0xdd000000-0xddffffff]
[    0.100323] pci 0000:00:0d.0: reg 14: [mem 0xe0000000-0xefffffff pref]
[    0.100332] pci 0000:00:0d.0: reg 18: [mem 0xdc000000-0xdcffffff]
[    0.100358] pci 0000:00:0d.0: reg 30: [mem 0x000c0000-0x000dffff pref]
[    0.100391] pci 0000:00:0e.0: [11c1:044e] type 0 class 0x000780
[    0.100406] pci 0000:00:0e.0: reg 10: [mem 0xdb800000-0xdb8000ff]
[    0.100416] pci 0000:00:0e.0: reg 14: [io  0xa400-0xa407]
[    0.100426] pci 0000:00:0e.0: reg 18: [io  0xa000-0xa0ff]
[    0.100465] pci 0000:00:0e.0: supports D2
[    0.100470] pci 0000:00:0e.0: PME# supported from D2 D3hot D3cold
[    0.100476] pci 0000:00:0e.0: PME# disabled
[    0.100500] pci 0000:00:12.0: [10ec:8139] type 0 class 0x000200
[    0.100515] pci 0000:00:12.0: reg 10: [io  0x9800-0x98ff]
[    0.100525] pci 0000:00:12.0: reg 14: [mem 0xdb000000-0xdb0000ff]
[    0.100569] pci 0000:00:12.0: supports D1 D2
[    0.100573] pci 0000:00:12.0: PME# supported from D1 D2 D3hot D3cold
[    0.100579] pci 0000:00:12.0: PME# disabled
[    0.100632] pci 0000:01:00.0: [1023:8500] type 0 class 0x000300
[    0.100647] pci 0000:01:00.0: reg 10: [mem 0xdf000000-0xdf7fffff]
[    0.100657] pci 0000:01:00.0: reg 14: [mem 0xde800000-0xde81ffff]
[    0.100667] pci 0000:01:00.0: reg 18: [mem 0xde000000-0xde7fffff]
[    0.100691] pci 0000:01:00.0: reg 30: [mem 0xf7ff0000-0xf7ffffff pref]
[    0.100711] pci 0000:01:00.0: supports D1 D2
[    0.100745] pci 0000:00:01.0: PCI bridge to [bus 01-01]
[    0.100751] pci 0000:00:01.0:   bridge window [io  0xe000-0xd000] (disabled)
[    0.100757] pci 0000:00:01.0:   bridge window [mem 0xde000000-0xdfefffff]
[    0.100763] pci 0000:00:01.0:   bridge window [mem 0xf7f00000-0xf7ffffff pref]
[    0.100772] pci_bus 0000:00: on NUMA node 0
[    0.100779] ACPI: PCI Interrupt Routing Table [\_SB_.PCI0._PRT]
[    0.100964] ACPI: PCI Interrupt Routing Table [\_SB_.PCI0.PCI1._PRT]
[    0.101062]  pci0000:00: Unable to request _OSC control (_OSC support mask: 0x1e)
[    0.137716] ACPI: PCI Interrupt Link [LNKA] (IRQs 3 4 5 6 7 10 *11 12 14 15)
[    0.137809] ACPI: PCI Interrupt Link [LNKB] (IRQs 3 4 5 6 7 10 11 12 14 15) *0, disabled.
[    0.137896] ACPI: PCI Interrupt Link [LNKC] (IRQs 3 4 5 6 7 10 11 12 14 15) *9
[    0.137982] ACPI: PCI Interrupt Link [LNKD] (IRQs 3 4 5 6 7 10 11 12 14 15) *9
[    0.138204] vgaarb: device added: PCI:0000:00:0d.0,decodes=io+mem,owns=io+mem,locks=none
[    0.138213] vgaarb: device added: PCI:0000:01:00.0,decodes=io+mem,owns=none,locks=none
[    0.138217] vgaarb: loaded
[    0.138220] vgaarb: bridge control possible 0000:01:00.0
[    0.138222] vgaarb: bridge control possible 0000:00:0d.0
[    0.138432] PCI: Using ACPI for IRQ routing
[    0.138440] PCI: pci_cache_line_size set to 32 bytes
[    0.138498] reserve RAM buffer: 000000000009fc00 - 000000000009ffff 
[    0.138503] reserve RAM buffer: 000000002f7ec000 - 000000002fffffff 
[    0.138786] NetLabel: Initializing
[    0.138789] NetLabel:  domain hash size = 128
[    0.138792] NetLabel:  protocols = UNLABELED CIPSOv4
[    0.138820] NetLabel:  unlabeled traffic allowed by default
[    0.154545] pnp: PnP ACPI init
[    0.154597] ACPI: bus type pnp registered
[    0.154856] pnp 00:00: [mem 0x00000000-0x0009ffff]
[    0.154862] pnp 00:00: [mem 0x000e0000-0x000fffff]
[    0.154866] pnp 00:00: [mem 0x00100000-0x2f7fffff]
[    0.154871] pnp 00:00: [mem 0xfec00000-0xfec000ff]
[    0.154874] pnp 00:00: [mem 0xfee00000-0xfee00fff]
[    0.154878] pnp 00:00: [mem 0xfffe0000-0xffffffff]
[    0.154996] system 00:00: [mem 0x00000000-0x0009ffff] could not be reserved
[    0.155003] system 00:00: [mem 0x000e0000-0x000fffff] could not be reserved
[    0.155009] system 00:00: [mem 0x00100000-0x2f7fffff] could not be reserved
[    0.155015] system 00:00: [mem 0xfec00000-0xfec000ff] could not be reserved
[    0.155020] system 00:00: [mem 0xfee00000-0xfee00fff] has been reserved
[    0.155025] system 00:00: [mem 0xfffe0000-0xffffffff] could not be reserved
[    0.155035] system 00:00: Plug and Play ACPI device, IDs PNP0c01 (active)
[    0.155264] pnp 00:01: [bus 00-ff]
[    0.155270] pnp 00:01: [io  0x0cf8-0x0cff]
[    0.155275] pnp 00:01: [io  0x0000-0x0cf7 window]
[    0.155279] pnp 00:01: [io  0x0d00-0xffff window]
[    0.155284] pnp 00:01: [mem 0x000a0000-0x000bffff window]
[    0.155288] pnp 00:01: [mem 0x000c0000-0x000dffff window]
[    0.155292] pnp 00:01: [mem 0x30000000-0xffffffff window]
[    0.155378] pnp 00:01: Plug and Play ACPI device, IDs PNP0a03 (active)
[    0.155447] pnp 00:02: [io  0x0010-0x001f]
[    0.155451] pnp 00:02: [io  0x0022-0x002d]
[    0.155455] pnp 00:02: [io  0x0030-0x003f]
[    0.155459] pnp 00:02: [io  0x0044-0x005f]
[    0.155462] pnp 00:02: [io  0x0062-0x0063]
[    0.155466] pnp 00:02: [io  0x0065-0x006f]
[    0.155470] pnp 00:02: [io  0x0074-0x007f]
[    0.155473] pnp 00:02: [io  0x0091-0x0093]
[    0.155477] pnp 00:02: [io  0x00a2-0x00bf]
[    0.155480] pnp 00:02: [io  0x00e0-0x00ef]
[    0.155484] pnp 00:02: [io  0x03f0-0x03f1]
[    0.155488] pnp 00:02: [io  0x04d0-0x04d1]
[    0.155566] system 00:02: [io  0x03f0-0x03f1] has been reserved
[    0.155572] system 00:02: [io  0x04d0-0x04d1] has been reserved
[    0.155578] system 00:02: Plug and Play ACPI device, IDs PNP0c02 (active)
[    0.155631] pnp 00:03: [io  0xe400-0xe47f]
[    0.155635] pnp 00:03: [io  0xe800-0xe80f]
[    0.155639] pnp 00:03: [io  0xe200-0xe27f]
[    0.155706] system 00:03: [io  0xe400-0xe47f] has been reserved
[    0.155712] system 00:03: [io  0xe800-0xe80f] has been reserved
[    0.155717] system 00:03: [io  0xe200-0xe27f] has been reserved
[    0.155723] system 00:03: Plug and Play ACPI device, IDs PNP0c02 (active)
[    0.155808] pnp 00:04: [dma 4]
[    0.155812] pnp 00:04: [io  0x0000-0x000f]
[    0.155816] pnp 00:04: [io  0x0080-0x0090]
[    0.155820] pnp 00:04: [io  0x0094-0x009f]
[    0.155824] pnp 00:04: [io  0x00c0-0x00df]
[    0.155875] pnp 00:04: Plug and Play ACPI device, IDs PNP0200 (active)
[    0.155897] pnp 00:05: [io  0x0070-0x0073]
[    0.155928] pnp 00:05: [irq 8]
[    0.155980] pnp 00:05: Plug and Play ACPI device, IDs PNP0b00 (active)
[    0.155998] pnp 00:06: [io  0x0061]
[    0.156047] pnp 00:06: Plug and Play ACPI device, IDs PNP0800 (active)
[    0.156065] pnp 00:07: [io  0x00f0-0x00ff]
[    0.156075] pnp 00:07: [irq 13]
[    0.156137] pnp 00:07: Plug and Play ACPI device, IDs PNP0c04 (active)
[    0.156358] pnp 00:08: [io  0x03f2-0x03f5]
[    0.156363] pnp 00:08: [io  0x03f7]
[    0.156372] pnp 00:08: [irq 6]
[    0.156376] pnp 00:08: [dma 2]
[    0.156463] pnp 00:08: Plug and Play ACPI device, IDs PNP0700 (active)
[    0.157014] pnp 00:09: [io  0x0378-0x037f]
[    0.157019] pnp 00:09: [io  0x0778-0x077b]
[    0.157028] pnp 00:09: [irq 7]
[    0.157032] pnp 00:09: [dma 3]
[    0.157133] pnp 00:09: Plug and Play ACPI device, IDs PNP0401 (active)
[    0.157462] pnp 00:0a: [io  0x03f8-0x03ff]
[    0.157472] pnp 00:0a: [irq 4]
[    0.157578] pnp 00:0a: Plug and Play ACPI device, IDs PNP0501 (active)
[    0.157958] pnp 00:0b: [io  0x02f8-0x02ff]
[    0.157968] pnp 00:0b: [irq 3]
[    0.158075] pnp 00:0b: Plug and Play ACPI device, IDs PNP0501 (active)
[    0.158226] pnp 00:0c: [io  0x0060]
[    0.158230] pnp 00:0c: [io  0x0064]
[    0.158239] pnp 00:0c: [irq 1]
[    0.158294] pnp 00:0c: Plug and Play ACPI device, IDs PNP0303 (active)
[    0.158376] pnp 00:0d: [irq 12]
[    0.158434] pnp 00:0d: Plug and Play ACPI device, IDs PNP0f13 (active)
[    0.158537] pnp: PnP ACPI: found 14 devices
[    0.158540] ACPI: ACPI bus type pnp unregistered
[    0.196679] Switching to clocksource acpi_pm
[    0.196735] pci 0000:00:0d.0: address space collision: [mem 0x000c0000-0x000dffff pref] conflicts with Video ROM [mem 0x000c0000-0x000cedff]
[    0.196749] PCI: max bus depth: 1 pci_try_num: 2
[    0.196790] pci 0000:00:0d.0: BAR 6: assigned [mem 0x30000000-0x3001ffff pref]
[    0.196800] pci 0000:00:01.0: PCI bridge to [bus 01-01]
[    0.196804] pci 0000:00:01.0:   bridge window [io  disabled]
[    0.196812] pci 0000:00:01.0:   bridge window [mem 0xde000000-0xdfefffff]
[    0.196819] pci 0000:00:01.0:   bridge window [mem 0xf7f00000-0xf7ffffff pref]
[    0.196844] pci 0000:00:01.0: setting latency timer to 64
[    0.196852] pci_bus 0000:00: resource 0 [io  0x0000-0xffff]
[    0.196856] pci_bus 0000:00: resource 1 [mem 0x00000000-0xffffffff]
[    0.196861] pci_bus 0000:01: resource 1 [mem 0xde000000-0xdfefffff]
[    0.196866] pci_bus 0000:01: resource 2 [mem 0xf7f00000-0xf7ffffff pref]
[    0.197016] NET: Registered protocol family 2
[    0.197180] IP route cache hash table entries: 32768 (order: 5, 131072 bytes)
[    0.197977] TCP established hash table entries: 131072 (order: 8, 1048576 bytes)
[    0.200032] Switched to NOHz mode on CPU #0
[    0.201391] TCP bind hash table entries: 65536 (order: 7, 524288 bytes)
[    0.203104] TCP: Hash tables configured (established 131072 bind 65536)
[    0.203112] TCP reno registered
[    0.203123] UDP hash table entries: 512 (order: 2, 16384 bytes)
[    0.203184] UDP-Lite hash table entries: 512 (order: 2, 16384 bytes)
[    0.203639] NET: Registered protocol family 1
[    0.203683] pci 0000:00:00.0: Applying VIA southbridge workaround
[    0.203694] pci 0000:00:01.0: disabling DAC on VIA PCI bridge
[    0.203702] pci 0000:00:07.0: Enabling VIA external APIC routing
[    0.203757] pci 0000:00:0d.0: Boot video device
[    0.203772] PCI: CLS 32 bytes, default 32
[    0.203938] Unpacking initramfs...
[    0.274714] Freeing initrd memory: 2088k freed
[    0.281814] Simple Boot Flag at 0x3a set to 0x1
[    0.282448] apm: BIOS version 1.2 Flags 0x03 (Driver version 1.16ac)
[    0.282455] apm: overridden by ACPI.
[    0.282846] audit: initializing netlink socket (disabled)
[    0.282882] type=2000 audit(1313765711.279:1): initialized
[    0.291226] HugeTLB registered 4 MB page size, pre-allocated 0 pages
[    0.310284] VFS: Disk quotas dquot_6.5.2
[    0.310461] Dquot-cache hash table entries: 1024 (order 0, 4096 bytes)
[    0.310688] msgmni has been set to 1487
[    0.311075] Block layer SCSI generic (bsg) driver version 0.4 loaded (major 253)
[    0.311162] io scheduler noop registered
[    0.311166] io scheduler deadline registered
[    0.311188] io scheduler cfq registered (default)
[    0.311656] ERST: Table is not found!
[    0.311683] isapnp: Scanning for PnP cards...
[    0.669171] isapnp: No Plug &amp; Play device found
[    0.669364] Serial: 8250/16550 driver, 4 ports, IRQ sharing disabled
[    0.690114] serial8250: ttyS0 at I/O 0x3f8 (irq = 4) is a 16550A
[    0.717345] serial8250: ttyS1 at I/O 0x2f8 (irq = 3) is a 16550A
[    0.757611] 00:0a: ttyS0 at I/O 0x3f8 (irq = 4) is a 16550A
[    0.784067] 00:0b: ttyS1 at I/O 0x2f8 (irq = 3) is a 16550A
[    0.790469] i8042: PNP: PS/2 Controller [PNP0303:PS2K,PNP0f13:PS2M] at 0x60,0x64 irq 1,12
[    0.791002] serio: i8042 KBD port at 0x60,0x64 irq 1
[    0.791076] serio: i8042 AUX port at 0x60,0x64 irq 12
[    0.791282] mousedev: PS/2 mouse device common for all mice
[    0.791479] rtc_cmos 00:05: RTC can wake from S4
[    0.791662] rtc_cmos 00:05: rtc core: registered rtc_cmos as rtc0
[    0.791718] rtc0: alarms up to one year, 242 bytes nvram
[    0.791764] cpuidle: using governor ladder
[    0.791768] cpuidle: using governor menu
[    0.792234] TCP cubic registered
[    0.792242] NET: Registered protocol family 17
[    0.792266] Registering the dns_resolver key type
[    0.792314] Using IPI No-Shortcut mode
[    0.792484] PM: Hibernation image not present or could not be loaded.
[    0.792503] registered taskstats version 1
[    0.800641] rtc_cmos 00:05: setting system clock to 2011-08-19 14:55:12 UTC (1313765712)
[    0.800723] Initializing network drop monitor service
[    0.800890] Freeing unused kernel memory: 500k freed
[    0.802310] Write protecting the kernel text: 3416k
[    0.802349] Write protecting the kernel read-only data: 1036k
[    0.814444] input: AT Translated Set 2 keyboard as /devices/platform/i8042/serio0/input/input0
[    0.840901] input: Power Button as /devices/LNXSYSTM:00/device:00/PNP0C0C:00/input/input1
[    0.840920] ACPI: Power Button [PWRB]
[    0.841048] input: Power Button as /devices/LNXSYSTM:00/LNXPWRBN:00/input/input2
[    0.841055] ACPI: Power Button [PWRF]
[    0.842955] wmi: Mapper loaded
[    0.843854] udevd[43]: starting version 173
[    0.855953] Linux agpgart interface v0.103
[    0.882816] [drm] Initialized drm 1.1.0 20060810
[    0.930757] nouveau 0000:00:0d.0: PCI INT A -&gt; GSI 16 (level, low) -&gt; IRQ 16
[    0.936006] [drm] nouveau 0000:00:0d.0: Detected an NV40 generation card (0x04a100a1)
[    0.939492] [drm] nouveau 0000:00:0d.0: Attempting to load BIOS image from PRAMIN
[    1.050112] [drm] nouveau 0000:00:0d.0: ... appears to be valid
[    1.050119] [drm] nouveau 0000:00:0d.0: BIT BIOS found
[    1.050126] [drm] nouveau 0000:00:0d.0: Bios version 05.44.a2.10
[    1.050135] [drm] nouveau 0000:00:0d.0: TMDS table version 1.1
[    1.050139] [drm] nouveau 0000:00:0d.0: BIT table 'd' not found
[    1.050145] [drm] nouveau 0000:00:0d.0: Found Display Configuration Block version 3.0
[    1.050153] [drm] nouveau 0000:00:0d.0: Raw DCB entry 0: 01000300 00000028
[    1.050160] [drm] nouveau 0000:00:0d.0: Raw DCB entry 1: 01000302 00000020
[    1.050165] [drm] nouveau 0000:00:0d.0: Raw DCB entry 2: 02011310 00000028
[    1.050169] [drm] nouveau 0000:00:0d.0: Raw DCB entry 3: 020223f1 00c0c030
[    1.050176] [drm] nouveau 0000:00:0d.0: DCB connector table: VHER 0x30 5 7 2
[    1.050183] [drm] nouveau 0000:00:0d.0:   0: 0x00000000: type 0x00 idx 0 tag 0xff
[    1.050188] [drm] nouveau 0000:00:0d.0:   1: 0x00002230: type 0x30 idx 1 tag 0x08
[    1.050193] [drm] nouveau 0000:00:0d.0:   2: 0x00000110: type 0x10 idx 2 tag 0xff
[    1.050198] [drm] nouveau 0000:00:0d.0:   3: 0x00000111: type 0x11 idx 3 tag 0xff
[    1.050202] [drm] nouveau 0000:00:0d.0:   4: 0x00000113: type 0x13 idx 4 tag 0xff
[    1.050216] [drm] nouveau 0000:00:0d.0: Parsing VBIOS init table 0 at offset 0xDEB0
[    1.052827] [drm] nouveau 0000:00:0d.0: Parsing VBIOS init table 1 at offset 0xE19E
[    1.066075] [drm] nouveau 0000:00:0d.0: Parsing VBIOS init table 2 at offset 0xE6D8
[    1.066105] [drm] nouveau 0000:00:0d.0: Parsing VBIOS init table 3 at offset 0xE835
[    1.067246] [drm] nouveau 0000:00:0d.0: Parsing VBIOS init table 4 at offset 0xE9BE
[    1.067255] [drm] nouveau 0000:00:0d.0: mem timing table length unknown: 14
[    1.067343] [drm] nouveau 0000:00:0d.0: timingset 255 does not exist
[    1.088095] [drm] nouveau 0000:00:0d.0: 1 available performance level(s)
[    1.088108] [drm] nouveau 0000:00:0d.0: 0: memory 400MHz core 280MHz fanspeed 100%
[    1.088128] [drm] nouveau 0000:00:0d.0: c: memory 200MHz core 200MHz
[    1.088950] [TTM] Zone  kernel: Available graphics memory: 380978 kiB.
[    1.088956] [TTM] Initializing pool allocator.
[    1.088993] [drm] nouveau 0000:00:0d.0: Detected 256MiB VRAM
[    1.091885] [drm] nouveau 0000:00:0d.0: 64 MiB GART (aperture)
[    1.092036] [drm] nouveau 0000:00:0d.0: Saving VGA fonts
[    1.188878] [drm] Supports vblank timestamp caching Rev 1 (10.10.2010).
[    1.188887] [drm] No driver support for vblank timestamp query.
[    1.191501] [drm] nouveau 0000:00:0d.0: Setting dpms mode 3 on vga encoder (output 0)
[    1.191509] [drm] nouveau 0000:00:0d.0: Setting dpms mode 3 on tmds encoder (output 1)
[    1.191515] [drm] nouveau 0000:00:0d.0: Setting dpms mode 3 on vga encoder (output 2)
[    1.191521] [drm] nouveau 0000:00:0d.0: Setting dpms mode 3 on TV encoder (output 3)
[    1.293369] Refined TSC clocksource calibration: 1399.602 MHz.
[    1.293385] Switching to clocksource tsc
[    1.487854] [drm] nouveau 0000:00:0d.0: allocated 1600x900 fb: 0x49000, bo ed89ba00
[    1.488982] fbcon: nouveaufb (fb0) is primary device
[    1.502186] [drm] nouveau 0000:00:0d.0: 0xD2BA: Parsing digital output script table
[    1.552230] [drm] nouveau 0000:00:0d.0: Setting dpms mode 0 on tmds encoder (output 1)
[    1.552236] [drm] nouveau 0000:00:0d.0: Output DVI-I-1 is running on CRTC 0 using output A
[    1.558328] Console: switching to colour frame buffer device 200x56
[    1.565236] fb0: nouveaufb frame buffer device
[    1.565240] drm: registered panic notifier
[    1.565257] [drm] Initialized nouveau 0.0.16 20090420 for 0000:00:0d.0 on minor 0
[    1.746272] SCSI subsystem initialized
[    1.813995] libata version 3.00 loaded.
[    1.814953] pata_via 0000:00:07.1: version 0.3.4
[    1.815403] ACPI: PCI Interrupt Link [LNKA] enabled at IRQ 11
[    1.815431] pata_via 0000:00:07.1: PCI INT A -&gt; Link[LNKA] -&gt; GSI 11 (level, low) -&gt; IRQ 11
[    1.815440] pata_via 0000:00:07.1: VIA VLink IRQ fixup, from 0 to 11
[    1.823852] scsi0 : pata_via
[    1.826819] scsi1 : pata_via
[    1.827648] ata1: PATA max UDMA/100 cmd 0x1f0 ctl 0x3f6 bmdma 0xd800 irq 14
[    1.827656] ata2: PATA max UDMA/100 cmd 0x170 ctl 0x376 bmdma 0xd808 irq 15
[    2.040548] ata1.00: ATA-6: ST380011A, 3.06, max UDMA/100
[    2.040557] ata1.00: 156301488 sectors, multi 16: LBA48 
[    2.053691] ata1.00: configured for UDMA/100
[    2.054037] scsi 0:0:0:0: Direct-Access     ATA      ST380011A        3.06 PQ: 0 ANSI: 5
[    2.206875] ata2.01: NODEV after polling detection
[    2.213729] ata2.00: ATAPI: CW058D ATAPI CD-R/RW, V110D, max UDMA/33
[    2.226910] ata2.00: configured for UDMA/33
[    2.228108] scsi 1:0:0:0: CD-ROM            CyberDrv CW058D CD-R/RW   110D PQ: 0 ANSI: 5
[    2.249600] sd 0:0:0:0: [sda] 156301488 512-byte logical blocks: (80.0 GB/74.5 GiB)
[    2.249708] sd 0:0:0:0: [sda] Write Protect is off
[    2.249714] sd 0:0:0:0: [sda] Mode Sense: 00 3a 00 00
[    2.249759] sd 0:0:0:0: [sda] Write cache: enabled, read cache: enabled, doesn't support DPO or FUA
[    2.253058] sr0: scsi3-mmc drive: 4x/40x writer cd/rw xa/form2 cdda tray
[    2.253070] cdrom: Uniform CD-ROM driver Revision: 3.20
[    2.254234] sr 1:0:0:0: Attached scsi CD-ROM sr0
[    2.260906]  sda: sda1 sda2 sda3 sda4
[    2.261740] sd 0:0:0:0: [sda] Attached SCSI disk
[    2.849726] EXT3-fs: barriers not enabled
[    2.859746] EXT3-fs (sda3): mounted filesystem with ordered data mode
[    2.860391] kjournald starting.  Commit interval 5 seconds
[    4.506742] udevd[184]: starting version 173
[    4.787839] fuse init (API version 7.16)
[    5.331703] psmouse serio1: ID: 10 00 64
[    5.350745] agpgart: Detected VIA KLE133 chipset
[    5.357339] agpgart-via 0000:00:00.0: AGP aperture is 64M @ 0xf8000000
[    5.396277] logips2pp: Detected unknown logitech mouse model 60
[    5.507256] ACPI: acpi_idle registered with cpuidle
[    5.657993] input: PC Speaker as /devices/platform/pcspkr/input/input3
[    5.704751] sd 0:0:0:0: Attached scsi generic sg0 type 0
[    5.704833] sr 1:0:0:0: Attached scsi generic sg1 type 5
[    5.713668] pci_hotplug: PCI Hot Plug PCI Core version: 0.5
[    5.719572] shpchp: Standard Hot Plug PCI Controller Driver version: 0.4
[    5.721897] Floppy drive(s): fd0 is 1.44M
[    5.737084] FDC 0 is a post-1991 82077
[    5.906556] input: ImExPS/2 Logitech Explorer Mouse as /devices/platform/i8042/serio1/input/input4
[    5.909080] parport_pc: VIA 686A/8231 detected
[    5.909089] parport_pc: probing current configuration
[    5.909109] parport_pc: Current parallel port base: 0x378
[    5.909186] parport0: PC-style at 0x378 (0x778), irq 7, using FIFO [PCSPP,TRISTATE,COMPAT,ECP]
[    5.975323] 8139cp: 8139cp: 10/100 PCI Ethernet driver v1.3 (Mar 22, 2004)
[    5.975396] 8139cp 0000:00:12.0: This (id 10ec:8139 rev 10) is not an 8139C+ compatible chip, use 8139too
[    5.990146] parport_pc: VIA parallel port: io=0x378, irq=7
[    5.996922] 8139too: 8139too Fast Ethernet driver 0.9.28
[    5.997032] 8139too 0000:00:12.0: enabling device (0004 -&gt; 0007)
[    5.997065] 8139too 0000:00:12.0: PCI INT A -&gt; GSI 17 (level, low) -&gt; IRQ 17
[    6.003489] 8139too 0000:00:12.0: eth0: RealTek RTL8139 at 0xf0aac000, 00:e0:18:76:0c:8c, IRQ 17
[    6.168007] VIA 82xx Audio 0000:00:07.5: PCI INT C -&gt; GSI 22 (level, low) -&gt; IRQ 22
[    6.168197] VIA 82xx Audio 0000:00:07.5: setting latency timer to 64
[    6.202747] usbcore: registered new interface driver usbfs
[    6.203097] usbcore: registered new interface driver hub
[    6.206342] usbcore: registered new device driver usb
[    6.213226] ppdev: user-space parallel port driver
[    6.326457] ehci_hcd: USB 2.0 'Enhanced' Host Controller (EHCI) Driver
[    6.371912] uhci_hcd: USB Universal Host Controller Interface driver
[    6.683191] uhci_hcd 0000:00:07.2: PCI INT D -&gt; GSI 21 (level, low) -&gt; IRQ 21
[    6.683217] uhci_hcd 0000:00:07.2: UHCI Host Controller
[    6.683297] uhci_hcd 0000:00:07.2: new USB bus registered, assigned bus number 1
[    6.683437] uhci_hcd 0000:00:07.2: irq 21, io base 0x0000d400
[    6.683820] hub 1-0:1.0: USB hub found
[    6.683833] hub 1-0:1.0: 2 ports detected
[    6.685153] uhci_hcd 0000:00:07.3: PCI INT D -&gt; GSI 21 (level, low) -&gt; IRQ 21
[    6.685183] uhci_hcd 0000:00:07.3: UHCI Host Controller
[    6.685221] uhci_hcd 0000:00:07.3: new USB bus registered, assigned bus number 2
[    6.685280] uhci_hcd 0000:00:07.3: irq 21, io base 0x0000d000
[    6.687007] hub 2-0:1.0: USB hub found
[    6.687026] hub 2-0:1.0: 2 ports detected
[    6.990065] usb 1-1: new full speed USB device number 2 using uhci_hcd
[    7.145563] hub 1-1:1.0: USB hub found
[    7.147477] hub 1-1:1.0: 4 ports detected
[    7.260112] usb 2-2: new full speed USB device number 2 using uhci_hcd
[    7.535420] usb 1-1.2: new full speed USB device number 3 using uhci_hcd
[    7.594258] Linux media interface: v0.10
[    7.672966] Linux video capture interface: v2.00
[    7.725385] usb 1-1.3: new full speed USB device number 4 using uhci_hcd
[    7.749516] uvcvideo: Found UVC 1.00 device HP Deluxe Webcam KQ246AA (04f2:a13c)
[    7.760929] input: HP Deluxe Webcam KQ246AA as /devices/pci0000:00/0000:00:07.3/usb2/2-2/2-2:1.0/input/input5
[    7.762425] usbcore: registered new interface driver uvcvideo
[    7.762435] USB Video Class driver (v1.1.0)
[    7.898529] input: HP Deluxe Webcam KQ246AA HP Deluxe Webcam KQ246AA as /devices/pci0000:00/0000:00:07.3/usb2/2-2/2-2:1.4/input/input6
[    7.898919] generic-usb 0003:04F2:A13C.0001: input,hidraw0: USB HID v1.11 Joystick [HP Deluxe Webcam KQ246AA HP Deluxe Webcam KQ246AA] on usb-0000:00:07.3-2/input4
[    7.899471] usbcore: registered new interface driver usbhid
[    7.899477] usbhid: USB HID core driver
[    8.097736] Bluetooth: Core ver 2.16
[    8.098831] NET: Registered protocol family 31
[    8.098838] Bluetooth: HCI device and connection manager initialized
[    8.098846] Bluetooth: HCI socket layer initialized
[    8.098850] Bluetooth: L2CAP socket layer initialized
[    8.098989] Bluetooth: SCO socket layer initialized
[    8.128123] 2:3:1: cannot get freq at ep 0x84
[    8.129867] usbcore: registered new interface driver snd-usb-audio
[    8.197986] Bluetooth: Generic Bluetooth USB driver ver 0.6
[    8.199342] usbcore: registered new interface driver btusb
[    8.275248] cfg80211: Calling CRDA to update world regulatory domain
[    8.734101] ieee80211 phy0: Selected rate control algorithm 'minstrel_ht'
[    8.735373] Registered led device: rt73usb-phy0::radio
[    8.735459] Registered led device: rt73usb-phy0::assoc
[    8.735541] Registered led device: rt73usb-phy0::quality
[    8.737698] usbcore: registered new interface driver rt73usb
[    8.923370] end_request: I/O error, dev fd0, sector 0
[   77.377231] EXT3-fs (sda3): using internal journal
[   77.494240] EXT3-fs: barriers not enabled
[   77.508664] kjournald starting.  Commit interval 5 seconds
[   77.509021] EXT3-fs (sda4): using internal journal
[   77.509032] EXT3-fs (sda4): mounted filesystem with ordered data mode
[   77.548411] Adding 265068k swap on /dev/sda2.  Priority:-1 extents:1 across:265068k 
[   82.581088] NET: Registered protocol family 10
[   82.773196] ip_tables: (C) 2000-2006 Netfilter Core Team
[   82.802504] nf_conntrack version 0.5.0 (11905 buckets, 47620 max)
[  154.050564] vgaarb: device changed decodes: PCI:0000:00:0d.0,olddecodes=io+mem,decodes=none:owns=io+mem
[  154.050572] vgaarb: transferring owner from PCI:0000:00:0d.0 to PCI:0000:01:00.0
[  233.990440] uvcvideo: Non-zero status (-84) in status completion handler.
[  234.913363] usb 2-2: reset full speed USB device number 2 using uhci_hcd
[  235.114249] 2:3:1: cannot get freq at ep 0x84
[  235.115726] uvcvideo: Found UVC 1.00 device HP Deluxe Webcam KQ246AA (04f2:a13c)
[  235.127624] input: HP Deluxe Webcam KQ246AA as /devices/pci0000:00/0000:00:07.3/usb2/2-2/2-2:1.0/input/input7
[  289.638519] ipt_MASQUERADE: lo ate my IP address
[  289.638587] ipt_MASQUERADE: lo ate my IP address
[  289.638649] ipt_MASQUERADE: lo ate my IP address
[  289.638681] ipt_MASQUERADE: lo ate my IP address
[  289.639142] ipt_MASQUERADE: lo ate my IP address
[  289.639180] ipt_MASQUERADE: lo ate my IP address
[  289.639221] ipt_MASQUERADE: lo ate my IP address
[  289.639251] ipt_MASQUERADE: lo ate my IP address
[  290.275412] ipt_MASQUERADE: lo ate my IP address
[  295.621477] ipt_MASQUERADE: lo ate my IP address
[  302.063081] uvcvideo: Non-zero status (-84) in status completion handler.
[  302.576693] usb 2-2: reset full speed USB device number 2 using uhci_hcd
[  302.592997] uvcvideo: Failed to resubmit video URB (-19).
[  302.624983] uvcvideo: Failed to resubmit video URB (-19).
[  302.656977] uvcvideo: Failed to resubmit video URB (-19).
[  302.688972] uvcvideo: Failed to resubmit video URB (-19).
[  302.720968] uvcvideo: Failed to resubmit video URB (-19).
[  302.778956] 2:3:1: cannot get freq at ep 0x84
[  302.780426] uvcvideo: Found UVC 1.00 device HP Deluxe Webcam KQ246AA (04f2:a13c)
[  302.793291] input: HP Deluxe Webcam KQ246AA as /devices/pci0000:00/0000:00:07.3/usb2/2-2/2-2:1.0/input/input8
[  347.048997] ipt_MASQUERADE: lo ate my IP address
[  347.049058] ipt_MASQUERADE: lo ate my IP address
[  347.049114] ipt_MASQUERADE: lo ate my IP address
[  347.049144] ipt_MASQUERADE: lo ate my IP address
[  347.049932] ipt_MASQUERADE: lo ate my IP address
[  347.051895] ipt_MASQUERADE: lo ate my IP address
[  347.052034] ipt_MASQUERADE: lo ate my IP address
[  347.052084] ipt_MASQUERADE: lo ate my IP address
[  347.053005] ipt_MASQUERADE: lo ate my IP address
[  347.053049] ipt_MASQUERADE: lo ate my IP address
[  347.053090] ipt_MASQUERADE: lo ate my IP address
[  347.053120] ipt_MASQUERADE: lo ate my IP address
[  347.054851] ipt_MASQUERADE: lo ate my IP address
[  347.054902] ipt_MASQUERADE: lo ate my IP address
[  347.054943] ipt_MASQUERADE: lo ate my IP address
[  347.054974] ipt_MASQUERADE: lo ate my IP address
[  347.055685] ipt_MASQUERADE: lo ate my IP address
[  347.055730] ipt_MASQUERADE: lo ate my IP address
[  347.055769] ipt_MASQUERADE: lo ate my IP address
[  347.055799] ipt_MASQUERADE: lo ate my IP address
[  347.056408] ipt_MASQUERADE: lo ate my IP address
[  347.056450] ipt_MASQUERADE: lo ate my IP address
[  347.056491] ipt_MASQUERADE: lo ate my IP address
[  347.056521] ipt_MASQUERADE: lo ate my IP address
[  347.058622] ipt_MASQUERADE: lo ate my IP address
[  347.058675] ipt_MASQUERADE: lo ate my IP address
[  347.058717] ipt_MASQUERADE: lo ate my IP address
[  347.058748] ipt_MASQUERADE: lo ate my IP address
[  347.059425] ipt_MASQUERADE: lo ate my IP address
[  347.059468] ipt_MASQUERADE: lo ate my IP address
[  347.059507] ipt_MASQUERADE: lo ate my IP address
[  347.059537] ipt_MASQUERADE: lo ate my IP address
[  347.061367] ipt_MASQUERADE: lo ate my IP address
[  347.061418] ipt_MASQUERADE: lo ate my IP address
[  347.061462] ipt_MASQUERADE: lo ate my IP address
[  347.061493] ipt_MASQUERADE: lo ate my IP address
[  347.062260] ipt_MASQUERADE: lo ate my IP address
[  347.062305] ipt_MASQUERADE: lo ate my IP address
[  347.062343] ipt_MASQUERADE: lo ate my IP address
[  347.062375] ipt_MASQUERADE: lo ate my IP address
[  349.459954] ipt_MASQUERADE: lo ate my IP address
[  349.460868] ipt_MASQUERADE: lo ate my IP address
[  349.460953] ipt_MASQUERADE: lo ate my IP address
[  349.460986] ipt_MASQUERADE: lo ate my IP address
[  349.465673] ipt_MASQUERADE: lo ate my IP address
[  349.465744] ipt_MASQUERADE: lo ate my IP address
[  349.465789] ipt_MASQUERADE: lo ate my IP address
[  349.465820] ipt_MASQUERADE: lo ate my IP address
[  349.468076] ipt_MASQUERADE: lo ate my IP address
[  349.468126] ipt_MASQUERADE: lo ate my IP address
[  349.468169] ipt_MASQUERADE: lo ate my IP address
[  349.468199] ipt_MASQUERADE: lo ate my IP address
[  360.688532] 8139too 0000:00:12.0: eth0: link up, 100Mbps, full-duplex, lpa 0x45E1
[  370.909977] eth0: no IPv6 routers present
[  654.782676] device-mapper: uevent: version 1.0.3
[  654.782942] device-mapper: ioctl: 4.20.0-ioctl (2011-02-02) initialised: <A HREF="https://lists.berlios.de/mailman/listinfo/linux-uvc-devel">dm-devel at redhat.com</A>
[ 1016.105808] [drm] nouveau 0000:00:0d.0: Setting dpms mode 3 on tmds encoder (output 1)
[ 2533.849076] [drm] nouveau 0000:00:0d.0: Setting dpms mode 0 on tmds encoder (output 1)
[ 2618.792534] uvcvideo: Non-zero status (-84) in status completion handler.
[ 2619.633106] usb 2-2: reset full speed USB device number 2 using uhci_hcd
[ 2619.638376] uvcvideo: Failed to resubmit video URB (-19).
[ 2619.670381] uvcvideo: Failed to resubmit video URB (-19).
[ 2619.702362] uvcvideo: Failed to resubmit video URB (-19).
[ 2619.734353] uvcvideo: Failed to resubmit video URB (-19).
[ 2619.766341] uvcvideo: Failed to resubmit video URB (-19).
[ 2619.836338] 2:3:1: cannot get freq at ep 0x84
[ 2619.837850] uvcvideo: Found UVC 1.00 device HP Deluxe Webcam KQ246AA (04f2:a13c)
[ 2619.849715] input: HP Deluxe Webcam KQ246AA as /devices/pci0000:00/0000:00:07.3/usb2/2-2/2-2:1.0/input/input9
[ 3031.051726] uvcvideo: Non-zero status (-84) in status completion handler.
[ 3032.376401] usb 2-2: reset full speed USB device number 2 using uhci_hcd
[ 3032.387501] uvcvideo: Failed to resubmit video URB (-19).
[ 3032.419495] uvcvideo: Failed to resubmit video URB (-19).
[ 3032.451488] uvcvideo: Failed to resubmit video URB (-19).
[ 3032.483483] uvcvideo: Failed to resubmit video URB (-19).
[ 3032.515473] uvcvideo: Failed to resubmit video URB (-19).
[ 3032.574469] 2:3:1: cannot get freq at ep 0x84
[ 3032.575944] uvcvideo: Found UVC 1.00 device HP Deluxe Webcam KQ246AA (04f2:a13c)
[ 3032.587827] input: HP Deluxe Webcam KQ246AA as /devices/pci0000:00/0000:00:07.3/usb2/2-2/2-2:1.0/input/input10
[ 3062.438490] uvcvideo: Non-zero status (-84) in status completion handler.
[ 3063.613104] usb 2-2: reset full speed USB device number 2 using uhci_hcd
[ 3063.624299] uvcvideo: Failed to resubmit video URB (-19).
[ 3063.656317] uvcvideo: Failed to resubmit video URB (-19).
[ 3063.688303] uvcvideo: Failed to resubmit video URB (-19).
[ 3063.720302] uvcvideo: Failed to resubmit video URB (-19).
[ 3063.752275] uvcvideo: Failed to resubmit video URB (-19).
[ 3063.815262] 2:3:1: cannot get freq at ep 0x84
[ 3063.816839] uvcvideo: Found UVC 1.00 device HP Deluxe Webcam KQ246AA (04f2:a13c)
[ 3063.829635] input: HP Deluxe Webcam KQ246AA as /devices/pci0000:00/0000:00:07.3/usb2/2-2/2-2:1.0/input/input11
[ 3108.326835] uvcvideo: Non-zero status (-84) in status completion handler.
[ 3109.229746] usb 2-2: reset full speed USB device number 2 using uhci_hcd
[ 3109.231692] uvcvideo: Failed to resubmit video URB (-19).
[ 3109.263669] uvcvideo: Failed to resubmit video URB (-19).
[ 3109.295668] uvcvideo: Failed to resubmit video URB (-19).
[ 3109.327663] uvcvideo: Failed to resubmit video URB (-19).
[ 3109.359653] uvcvideo: Failed to resubmit video URB (-19).
[ 3109.431646] 2:3:1: cannot get freq at ep 0x84
[ 3109.433158] uvcvideo: Found UVC 1.00 device HP Deluxe Webcam KQ246AA (04f2:a13c)
[ 3109.445999] input: HP Deluxe Webcam KQ246AA as /devices/pci0000:00/0000:00:07.3/usb2/2-2/2-2:1.0/input/input12
[ 3186.577779] uvcvideo: Non-zero status (-84) in status completion handler.
[ 3188.086383] usb 2-2: reset full speed USB device number 2 using uhci_hcd
[ 3188.111521] uvcvideo: Failed to resubmit video URB (-19).
[ 3188.143514] uvcvideo: Failed to resubmit video URB (-19).
[ 3188.175507] uvcvideo: Failed to resubmit video URB (-19).
[ 3188.207494] uvcvideo: Failed to resubmit video URB (-19).
[ 3188.239491] uvcvideo: Failed to resubmit video URB (-19).
[ 3188.287485] 2:3:1: cannot get freq at ep 0x84
[ 3188.288956] uvcvideo: Found UVC 1.00 device HP Deluxe Webcam KQ246AA (04f2:a13c)
[ 3188.301839] input: HP Deluxe Webcam KQ246AA as /devices/pci0000:00/0000:00:07.3/usb2/2-2/2-2:1.0/input/input13
[ 3209.481978] uvcvideo: Non-zero status (-84) in status completion handler.
[ 3210.116403] usb 2-2: reset full speed USB device number 2 using uhci_hcd
[ 3210.147872] uvcvideo: Failed to resubmit video URB (-19).
[ 3210.179860] uvcvideo: Failed to resubmit video URB (-19).
[ 3210.211854] uvcvideo: Failed to resubmit video URB (-19).
[ 3210.243820] uvcvideo: Failed to resubmit video URB (-19).
[ 3210.275819] uvcvideo: Failed to resubmit video URB (-19).
[ 3210.318810] 2:3:1: cannot get freq at ep 0x84
[ 3210.320441] uvcvideo: Found UVC 1.00 device HP Deluxe Webcam KQ246AA (04f2:a13c)
[ 3210.332169] input: HP Deluxe Webcam KQ246AA as /devices/pci0000:00/0000:00:07.3/usb2/2-2/2-2:1.0/input/input14
[ 3218.104515] uvcvideo: Non-zero status (-84) in status completion handler.
[ 3219.216411] usb 2-2: reset full speed USB device number 2 using uhci_hcd
[ 3219.220354] uvcvideo: Failed to resubmit video URB (-19).
[ 3219.252332] uvcvideo: Failed to resubmit video URB (-19).
[ 3219.284341] uvcvideo: Failed to resubmit video URB (-19).
[ 3219.316313] uvcvideo: Failed to resubmit video URB (-19).
[ 3219.348302] uvcvideo: Failed to resubmit video URB (-19).
[ 3219.418292] 2:3:1: cannot get freq at ep 0x84
[ 3219.419781] uvcvideo: Found UVC 1.00 device HP Deluxe Webcam KQ246AA (04f2:a13c)
[ 3219.431651] input: HP Deluxe Webcam KQ246AA as /devices/pci0000:00/0000:00:07.3/usb2/2-2/2-2:1.0/input/input15
[ 3227.354986] uvcvideo: Non-zero status (-84) in status completion handler.
[ 3228.526409] usb 2-2: reset full speed USB device number 2 using uhci_hcd
[ 3228.549794] uvcvideo: Failed to resubmit video URB (-19).
[ 3228.581791] uvcvideo: Failed to resubmit video URB (-19).
[ 3228.613775] uvcvideo: Failed to resubmit video URB (-19).
[ 3228.645754] uvcvideo: Failed to resubmit video URB (-19).
[ 3228.677745] uvcvideo: Failed to resubmit video URB (-19).
[ 3228.728738] 2:3:1: cannot get freq at ep 0x84
[ 3228.730447] uvcvideo: Found UVC 1.00 device HP Deluxe Webcam KQ246AA (04f2:a13c)
[ 3228.743117] input: HP Deluxe Webcam KQ246AA as /devices/pci0000:00/0000:00:07.3/usb2/2-2/2-2:1.0/input/input16
[ 3974.561129] [drm] nouveau 0000:00:0d.0: Setting dpms mode 3 on tmds encoder (output 1)
[ 4000.992821] [drm] nouveau 0000:00:0d.0: Setting dpms mode 0 on tmds encoder (output 1)

</PRE>

<!--endarticle-->
    <HR>
    <P><UL>
        <!--threads-->
	<LI>Previous message: <A HREF="006814.html">[Linux-uvc-devel] Join my network on LinkedIn
</A></li>
	<LI>Next message: <A HREF="006816.html">[Linux-uvc-devel] /dev/video0 disappears after 7 seconds
</A></li>
         <LI> <B>Messages sorted by:</B> 
              <a href="date.html#6811">[ date ]</a>
              <a href="thread.html#6811">[ thread ]</a>
              <a href="subject.html#6811">[ subject ]</a>
              <a href="author.html#6811">[ author ]</a>
         </LI>
       </UL>

<hr>
<a href="https://lists.berlios.de/mailman/listinfo/linux-uvc-devel">More information about the Linux-uvc-devel
mailing list</a><br>
</body></html>
